Archive member included to satisfy reference by file (symbol)

C:/nxp/MCUXpressoIDE_25.6.136/ide/plugins/com.nxp.mcuxpresso.tools.win32_25.6.0.202501151204/tools/bin/../lib/gcc/arm-none-eabi/14.2.1/../../../../arm-none-eabi/lib/thumb/v8-m.main+fp/hard\libcr_semihost_nf.a(_cr__main.o)
                              ./startup/startup_lpc55s69_cm33_core0.o (__main)
C:/nxp/MCUXpressoIDE_25.6.136/ide/plugins/com.nxp.mcuxpresso.tools.win32_25.6.0.202501151204/tools/bin/../lib/gcc/arm-none-eabi/14.2.1/../../../../arm-none-eabi/lib/thumb/v8-m.main+fp/hard\libcr_c.a(memcpy.o)
                              ./utilities/str/fsl_str.o (memcpy)
C:/nxp/MCUXpressoIDE_25.6.136/ide/plugins/com.nxp.mcuxpresso.tools.win32_25.6.0.202501151204/tools/bin/../lib/gcc/arm-none-eabi/14.2.1/../../../../arm-none-eabi/lib/thumb/v8-m.main+fp/hard\libcr_c.a(memset.o)
                              ./drivers/fsl_clock.o (memset)
C:/nxp/MCUXpressoIDE_25.6.136/ide/plugins/com.nxp.mcuxpresso.tools.win32_25.6.0.202501151204/tools/bin/../lib/gcc/arm-none-eabi/14.2.1/../../../../arm-none-eabi/lib/thumb/v8-m.main+fp/hard\libcr_c.a(alloc.o)
                              ./drivers/fsl_common.o (malloc)
C:/nxp/MCUXpressoIDE_25.6.136/ide/plugins/com.nxp.mcuxpresso.tools.win32_25.6.0.202501151204/tools/bin/../lib/gcc/arm-none-eabi/14.2.1/../../../../arm-none-eabi/lib/thumb/v8-m.main+fp/hard\libcr_c.a(errno.o)
                              ./utilities/str/fsl_str.o (errno)
C:/nxp/MCUXpressoIDE_25.6.136/ide/plugins/com.nxp.mcuxpresso.tools.win32_25.6.0.202501151204/tools/bin/../lib/gcc/arm-none-eabi/14.2.1/../../../../arm-none-eabi/lib/thumb/v8-m.main+fp/hard\libcr_c.a(initio.o)
                              C:/nxp/MCUXpressoIDE_25.6.136/ide/plugins/com.nxp.mcuxpresso.tools.win32_25.6.0.202501151204/tools/bin/../lib/gcc/arm-none-eabi/14.2.1/../../../../arm-none-eabi/lib/thumb/v8-m.main+fp/hard\libcr_semihost_nf.a(_cr__main.o) (_initio)
C:/nxp/MCUXpressoIDE_25.6.136/ide/plugins/com.nxp.mcuxpresso.tools.win32_25.6.0.202501151204/tools/bin/../lib/gcc/arm-none-eabi/14.2.1/../../../../arm-none-eabi/lib/thumb/v8-m.main+fp/hard\libcr_c.a(printf.o)
                              ./utilities/fsl_assert.o (_printf)
C:/nxp/MCUXpressoIDE_25.6.136/ide/plugins/com.nxp.mcuxpresso.tools.win32_25.6.0.202501151204/tools/bin/../lib/gcc/arm-none-eabi/14.2.1/../../../../arm-none-eabi/lib/thumb/v8-m.main+fp/hard\libcr_c.a(scanf.o)
                              ./utilities/str/fsl_str.o (strtoul)
C:/nxp/MCUXpressoIDE_25.6.136/ide/plugins/com.nxp.mcuxpresso.tools.win32_25.6.0.202501151204/tools/bin/../lib/gcc/arm-none-eabi/14.2.1/../../../../arm-none-eabi/lib/thumb/v8-m.main+fp/hard\libcr_c.a(setvbuf.o)
                              C:/nxp/MCUXpressoIDE_25.6.136/ide/plugins/com.nxp.mcuxpresso.tools.win32_25.6.0.202501151204/tools/bin/../lib/gcc/arm-none-eabi/14.2.1/../../../../arm-none-eabi/lib/thumb/v8-m.main+fp/hard\libcr_c.a(initio.o) (setvbuf)
C:/nxp/MCUXpressoIDE_25.6.136/ide/plugins/com.nxp.mcuxpresso.tools.win32_25.6.0.202501151204/tools/bin/../lib/gcc/arm-none-eabi/14.2.1/../../../../arm-none-eabi/lib/thumb/v8-m.main+fp/hard\libcr_c.a(strlen.o)
                              ./utilities/str/fsl_str.o (strlen)
C:/nxp/MCUXpressoIDE_25.6.136/ide/plugins/com.nxp.mcuxpresso.tools.win32_25.6.0.202501151204/tools/bin/../lib/gcc/arm-none-eabi/14.2.1/../../../../arm-none-eabi/lib/thumb/v8-m.main+fp/hard\libcr_c.a(ungetc.o)
                              C:/nxp/MCUXpressoIDE_25.6.136/ide/plugins/com.nxp.mcuxpresso.tools.win32_25.6.0.202501151204/tools/bin/../lib/gcc/arm-none-eabi/14.2.1/../../../../arm-none-eabi/lib/thumb/v8-m.main+fp/hard\libcr_c.a(scanf.o) (ungetc)
C:/nxp/MCUXpressoIDE_25.6.136/ide/plugins/com.nxp.mcuxpresso.tools.win32_25.6.0.202501151204/tools/bin/../lib/gcc/arm-none-eabi/14.2.1/../../../../arm-none-eabi/lib/thumb/v8-m.main+fp/hard\libcr_c.a(__fillbuf.o)
                              C:/nxp/MCUXpressoIDE_25.6.136/ide/plugins/com.nxp.mcuxpresso.tools.win32_25.6.0.202501151204/tools/bin/../lib/gcc/arm-none-eabi/14.2.1/../../../../arm-none-eabi/lib/thumb/v8-m.main+fp/hard\libcr_c.a(scanf.o) (__filbuf)
C:/nxp/MCUXpressoIDE_25.6.136/ide/plugins/com.nxp.mcuxpresso.tools.win32_25.6.0.202501151204/tools/bin/../lib/gcc/arm-none-eabi/14.2.1/../../../../arm-none-eabi/lib/thumb/v8-m.main+fp/hard\libcr_c.a(__init_alloc.o)
                              C:/nxp/MCUXpressoIDE_25.6.136/ide/plugins/com.nxp.mcuxpresso.tools.win32_25.6.0.202501151204/tools/bin/../lib/gcc/arm-none-eabi/14.2.1/../../../../arm-none-eabi/lib/thumb/v8-m.main+fp/hard\libcr_c.a(alloc.o) (__heaps)
C:/nxp/MCUXpressoIDE_25.6.136/ide/plugins/com.nxp.mcuxpresso.tools.win32_25.6.0.202501151204/tools/bin/../lib/gcc/arm-none-eabi/14.2.1/../../../../arm-none-eabi/lib/thumb/v8-m.main+fp/hard\libcr_c.a(_cr_sbrk.o)
[...]
Memory Configuration

Name             Origin             Length             Attributes
PROGRAM_FLASH    0x00000000         0x0009d800         xr
SRAM             0x20000000         0x00040000         xrw
SRAMX            0x04000000         0x00008000         xrw
USB_RAM          0x40100000         0x00004000         xrw
SRAM4            0x20040000         0x00004000         xrw
*default*        0x00000000         0xffffffff

Linker script and memory map

LOAD ./utilities/str/fsl_str.o
LOAD ./utilities/debug_console/fsl_debug_console.o
LOAD ./utilities/fsl_assert.o
LOAD ./startup/boot_multicore_slave.o
LOAD ./startup/startup_lpc55s69_cm33_core0.o
LOAD ./source/LPC55S69_Project_lab3.o
LOAD ./source/semihost_hardfault.o
LOAD ./drivers/fsl_clock.o
LOAD ./drivers/fsl_common.o
LOAD ./drivers/fsl_common_arm.o
LOAD ./drivers/fsl_flexcomm.o
LOAD ./drivers/fsl_gpio.o
LOAD ./drivers/fsl_i2c.o
LOAD ./drivers/fsl_inputmux.o
LOAD ./drivers/fsl_pint.o
LOAD ./drivers/fsl_power.o
LOAD ./drivers/fsl_reset.o
LOAD ./drivers/fsl_spi.o
LOAD ./drivers/fsl_usart.o
LOAD ./device/system_LPC55S69_cm33_core0.o
LOAD ./component/uart/fsl_adapter_usart.o
LOAD ./component/serial_manager/fsl_component_serial_manager.o
LOAD ./component/serial_manager/fsl_component_serial_port_uart.o
LOAD ./component/lists/fsl_component_generic_list.o
LOAD ./board/board.o
LOAD ./board/clock_config.o
LOAD ./board/peripherals.o
LOAD ./board/pin_mux.o
START GROUP
LOAD C:/nxp/MCUXpressoIDE_25.6.136/ide/plugins/com.nxp.mcuxpresso.tools.win32_25.6.0.202501151204/tools/bin/../lib/gcc/arm-none-eabi/14.2.1/../../../../arm-none-eabi/lib/thumb/v8-m.main+fp/hard\libcr_semihost_nf.a
LOAD C:/nxp/MCUXpressoIDE_25.6.136/ide/plugins/com.nxp.mcuxpresso.tools.win32_25.6.0.202501151204/tools/bin/../lib/gcc/arm-none-eabi/14.2.1/../../../../arm-none-eabi/lib/thumb/v8-m.main+fp/hard\libcr_c.a
LOAD C:/nxp/MCUXpressoIDE_25.6.136/ide/plugins/com.nxp.mcuxpresso.tools.win32_25.6.0.202501151204/tools/bin/../lib/gcc/arm-none-eabi/14.2.1/thumb/v8-m.main+fp/hard\libcr_eabihelpers.a
LOAD C:/nxp/MCUXpressoIDE_25.6.136/ide/plugins/com.nxp.mcuxpresso.tools.win32_25.6.0.202501151204/tools/bin/../lib/gcc/arm-none-eabi/14.2.1/thumb/v8-m.main+fp/hard\libgcc.a
END GROUP
                0x00000000                        __base_PROGRAM_FLASH = 0x0
                0x00000000                        __base_Flash = 0x0
                0x0009d800                        __top_PROGRAM_FLASH = 0x9d800
                0x0009d800                        __top_Flash = 0x9d800
                0x20000000                        __base_SRAM = 0x20000000
                0x20000000                        __base_RAM = 0x20000000
                0x20040000                        __top_SRAM = 0x20040000
                0x20040000                        __top_RAM = 0x20040000
                0x04000000                        __base_SRAMX = 0x4000000
                0x04000000                        __base_RAM2 = 0x4000000
                0x04008000                        __top_SRAMX = 0x4008000
                0x04008000                        __top_RAM2 = 0x4008000
                0x40100000                        __base_USB_RAM = 0x40100000
                0x40100000                        __base_RAM3 = 0x40100000
                0x40104000                        __top_USB_RAM = 0x40104000
                0x40104000                        __top_RAM3 = 0x40104000
                0x20040000                        __base_SRAM4 = 0x20040000
                0x20040000                        __base_RAM4 = 0x20040000
                0x20044000                        __top_SRAM4 = 0x20044000
                0x20044000                        __top_RAM4 = 0x20044000

.text           0x00000000     0x3680
 FILL mask 0xff
                0x00000000                        __vectors_start__ = ABSOLUTE (.)
 *(SORT_BY_ALIGNMENT(.isr_vector))
 .isr_vector    0x00000000      0x130 ./startup/startup_lpc55s69_cm33_core0.o
                0x00000000                g_pfnVectors
                0x00000000                __Vectors
                0x00000130                        . = ALIGN (0x4)
                0x00000130                        __section_table_start = .
                0x00000130                        __data_section_table = .
                0x00000130        0x4 LONG 0x3680 LOADADDR (.data)
                0x00000134        0x4 LONG 0x20000000 ADDR (.data)
                0x00000138        0x4 LONG 0x8 SIZEOF (.data)
                0x0000013c        0x4 LONG 0x3680 LOADADDR (.data_RAM2)
                0x00000140        0x4 LONG 0x4000000 ADDR (.data_RAM2)
                0x00000144        0x4 LONG 0x0 SIZEOF (.data_RAM2)
                0x00000148        0x4 LONG 0x3680 LOADADDR (.data_RAM3)
                0x0000014c        0x4 LONG 0x40100000 ADDR (.data_RAM3)
                0x00000150        0x4 LONG 0x0 SIZEOF (.data_RAM3)
                0x00000154        0x4 LONG 0x3680 LOADADDR (.data_RAM4)
                0x00000158        0x4 LONG 0x20040000 ADDR (.data_RAM4)
                0x0000015c        0x4 LONG 0x0 SIZEOF (.data_RAM4)
                0x00000160                        __data_section_table_end = .
                0x00000160                        __bss_section_table = .
                0x00000160        0x4 LONG 0x20000008 ADDR (.bss)
                0x00000164        0x4 LONG 0x118 SIZEOF (.bss)
                0x00000168        0x4 LONG 0x4000000 ADDR (.bss_RAM2)
                0x0000016c        0x4 LONG 0x0 SIZEOF (.bss_RAM2)
                0x00000170        0x4 LONG 0x40100000 ADDR (.bss_RAM3)
                0x00000174        0x4 LONG 0x0 SIZEOF (.bss_RAM3)
                0x00000178        0x4 LONG 0x20040000 ADDR (.bss_RAM4)
                0x0000017c        0x4 LONG 0x0 SIZEOF (.bss_RAM4)
                0x00000180                        __bss_section_table_end = .
                0x00000180                        __section_table_end = .
 *(SORT_BY_ALIGNMENT(.after_vectors*))
 .after_vectors.reset
                0x00000180       0x68 ./startup/startup_lpc55s69_cm33_core0.o
                0x00000180                ResetISR
 .after_vectors.init_data
                0x000001e8       0x1e ./startup/startup_lpc55s69_cm33_core0.o
                0x000001e8                data_init
 .after_vectors.init_bss
                0x00000206       0x12 ./startup/startup_lpc55s69_cm33_core0.o
                0x00000206                bss_init
 .after_vectors
                0x00000218       0x16 ./startup/startup_lpc55s69_cm33_core0.o
                0x00000218                NMI_Handler
                0x0000021c                MemManage_Handler
                0x0000021e                BusFault_Handler
                0x00000220                UsageFault_Handler
                0x00000222                SecureFault_Handler
                0x00000224                SVC_Handler
                0x00000226                DebugMon_Handler
                0x00000228                PendSV_Handler
                0x0000022a                SysTick_Handler
                0x0000022c                CTIMER2_DriverIRQHandler
                0x0000022c                Reserved56_DriverIRQHandler
                0x0000022c                IntDefaultHandler
                0x0000022c                USB0_DriverIRQHandler
                0x0000022c                CASER_DriverIRQHandler
                0x0000022c                MRT0_DriverIRQHandler
                0x0000022c                UTICK0_DriverIRQHandler
                0x0000022c                Reserved41_DriverIRQHandler
                0x0000022c                CTIMER4_DriverIRQHandler
                0x0000022c                GINT1_DriverIRQHandler
                0x0000022c                Reserved55_DriverIRQHandler
                0x0000022c                HASHCRYPT_DriverIRQHandler
                0x0000022c                USB0_NEEDCLK_DriverIRQHandler
                0x0000022c                SEC_VIO_DriverIRQHandler
                0x0000022c                CTIMER1_DriverIRQHandler
                0x0000022c                Reserved42_DriverIRQHandler
                0x0000022c                PQ_DriverIRQHandler
                0x0000022c                MAILBOX_DriverIRQHandler
                0x0000022c                CTIMER3_DriverIRQHandler
                0x0000022c                Reserved61_DriverIRQHandler
                0x0000022c                PUF_DriverIRQHandler
                0x0000022c                RTC_DriverIRQHandler
                0x0000022c                DMA0_DriverIRQHandler
                0x0000022c                Reserved39_DriverIRQHandler
                0x0000022c                USB1_DriverIRQHandler
                0x0000022c                Reserved60_DriverIRQHandler
                0x0000022c                DMA1_DriverIRQHandler
                0x0000022c                ADC0_DriverIRQHandler
                0x0000022c                USB1_NEEDCLK_DriverIRQHandler
                0x0000022c                Reserved59_DriverIRQHandler
                0x0000022c                SDIO_DriverIRQHandler
                0x0000022c                GINT0_DriverIRQHandler
                0x0000022c                USB1_PHY_DriverIRQHandler
                0x0000022c                ACMP_DriverIRQHandler
                0x0000022c                Reserved57_DriverIRQHandler
                0x0000022c                CTIMER0_DriverIRQHandler
                0x0000022c                Reserved46_DriverIRQHandler
                0x0000022c                WDT_BOD_DriverIRQHandler
                0x0000022c                SCT0_DriverIRQHandler
                0x0000022c                PLU_DriverIRQHandler
                0x0000022c                OS_EVENT_DriverIRQHandler
                0x0000022c                SEC_HYPERVISOR_CALL_DriverIRQHandler
 *(SORT_BY_ALIGNMENT(.text*))
 *fill*         0x0000022e        0x2 ff
 .text.__assertion_failed
                0x00000230       0x2c ./utilities/fsl_assert.o
                0x00000230                __assertion_failed
 .text.cbPint   0x0000025c       0x24 ./source/LPC55S69_Project_lab3.o
                0x0000025c                cbPint
 .text.main     0x00000280       0x34 ./source/LPC55S69_Project_lab3.o
                0x00000280                main
 .text.POWER_EnablePD
                0x000002b4       0x20 ./drivers/fsl_clock.o
 .text.POWER_DisablePD
                0x000002d4       0x20 ./drivers/fsl_clock.o
 .text.CLOCK_AttachClk
                0x000002f4       0xa0 ./drivers/fsl_clock.o
                0x000002f4                CLOCK_AttachClk
 .text.CLOCK_SetClkDiv
                0x00000394       0x80 ./drivers/fsl_clock.o
                0x00000394                CLOCK_SetClkDiv
 .text.CLOCK_SetupFROClocking
                0x00000414       0x80 ./drivers/fsl_clock.o
                0x00000414                CLOCK_SetupFROClocking
 .text.CLOCK_SetFLASHAccessCyclesForFreq
                0x00000494      0x17c ./drivers/fsl_clock.o
                0x00000494                CLOCK_SetFLASHAccessCyclesForFreq
 .text.CLOCK_SetupExtClocking
                0x00000610       0x64 ./drivers/fsl_clock.o
                0x00000610                CLOCK_SetupExtClocking
 .text.CLOCK_GetFro1MFreq
                0x00000674       0x28 ./drivers/fsl_clock.o
                0x00000674                CLOCK_GetFro1MFreq
 .text.CLOCK_GetExtClkFreq
                0x0000069c       0x2c ./drivers/fsl_clock.o
                0x0000069c                CLOCK_GetExtClkFreq
 .text.CLOCK_GetOsc32KFreq
                0x000006c8       0x58 ./drivers/fsl_clock.o
                0x000006c8                CLOCK_GetOsc32KFreq
 .text.CLOCK_GetPLL0InClockRate
                0x00000720       0x64 ./drivers/fsl_clock.o
                0x00000720                CLOCK_GetPLL0InClockRate
 .text.CLOCK_SetPLL0Freq
                0x00000784      0x14c ./drivers/fsl_clock.o
                0x00000784                CLOCK_SetPLL0Freq
 .text.SDK_DelayAtLeastUs
                0x000008d0       0x8c ./drivers/fsl_common_arm.o
                0x000008d0                SDK_DelayAtLeastUs
 .text.FLEXCOMM_GetInstance
                0x0000095c       0x4c ./drivers/fsl_flexcomm.o
                0x0000095c                FLEXCOMM_GetInstance
 .text.FLEXCOMM0_DriverIRQHandler
                0x000009a8       0x5c ./drivers/fsl_flexcomm.o
                0x000009a8                FLEXCOMM0_DriverIRQHandler
 .text.FLEXCOMM1_DriverIRQHandler
                0x00000a04       0x5c ./drivers/fsl_flexcomm.o
                0x00000a04                FLEXCOMM1_DriverIRQHandler
 .text.FLEXCOMM2_DriverIRQHandler
                0x00000a60       0x5c ./drivers/fsl_flexcomm.o
                0x00000a60                FLEXCOMM2_DriverIRQHandler
 .text.FLEXCOMM3_DriverIRQHandler
                0x00000abc       0x5c ./drivers/fsl_flexcomm.o
                0x00000abc                FLEXCOMM3_DriverIRQHandler
 .text.FLEXCOMM4_DriverIRQHandler
                0x00000b18       0x5c ./drivers/fsl_flexcomm.o
                0x00000b18                FLEXCOMM4_DriverIRQHandler
 .text.FLEXCOMM5_DriverIRQHandler
                0x00000b74       0x5c ./drivers/fsl_flexcomm.o
                0x00000b74                FLEXCOMM5_DriverIRQHandler
 .text.FLEXCOMM6_DriverIRQHandler
                0x00000bd0       0x5c ./drivers/fsl_flexcomm.o
                0x00000bd0                FLEXCOMM6_DriverIRQHandler
 .text.FLEXCOMM7_DriverIRQHandler
                0x00000c2c       0x5c ./drivers/fsl_flexcomm.o
                0x00000c2c                FLEXCOMM7_DriverIRQHandler
 .text.FLEXCOMM8_DriverIRQHandler
                0x00000c88       0x5c ./drivers/fsl_flexcomm.o
                0x00000c88                FLEXCOMM8_DriverIRQHandler
 .text.__NVIC_EnableIRQ
                0x00000ce4       0x3c ./drivers/fsl_pint.o
 .text.__NVIC_ClearPendingIRQ
                0x00000d20       0x3c ./drivers/fsl_pint.o
 .text.PINT_GetInstance
                0x00000d5c       0x4c ./drivers/fsl_pint.o
 .text.PINT_Init
                0x00000da8       0xa8 ./drivers/fsl_pint.o
                0x00000da8                PINT_Init
 .text.PINT_SetCallback
                0x00000e50       0x28 ./drivers/fsl_pint.o
                0x00000e50                PINT_SetCallback
 .text.PINT_PinInterruptConfig
                0x00000e78       0xa8 ./drivers/fsl_pint.o
                0x00000e78                PINT_PinInterruptConfig
 .text.PINT_EnableCallbackByIndex
                0x00000f20       0x64 ./drivers/fsl_pint.o
                0x00000f20                PINT_EnableCallbackByIndex
 .text.PINT_CommonIRQHanlder
                0x00000f84       0xc0 ./drivers/fsl_pint.o
 .text.lowpower_set_system_voltage
                0x00001044      0x154 ./drivers/fsl_power.o
 .text.lowpower_set_dcdc_power_profile
                0x00001198       0xec ./drivers/fsl_power.o
 .text.lowpower_get_part_process_corner
                0x00001284       0x94 ./drivers/fsl_power.o
 .text.POWER_SetVoltageForFreq
                0x00001318       0x50 ./drivers/fsl_power.o
                0x00001318                POWER_SetVoltageForFreq
 .text.RESET_ClearPeripheralReset
                0x00001368       0x60 ./drivers/fsl_reset.o
                0x00001368                RESET_ClearPeripheralReset
 .text.SystemInit
                0x000013c8       0x78 ./device/system_LPC55S69_cm33_core0.o
                0x000013c8                SystemInit
 .text.BOARD_InitDebugConsole
                0x00001440       0x2c ./board/board.o
                0x00001440                BOARD_InitDebugConsole
 .text.POWER_DisablePD
                0x0000146c       0x20 ./board/clock_config.o
 .text.BOARD_BootClockPLL150M
                0x0000148c       0xe0 ./board/clock_config.o
                0x0000148c                BOARD_BootClockPLL150M
 .text.PINT_init
                0x0000156c       0x34 ./board/peripherals.o
 .text.BOARD_InitDEBUG_UARTPins
                0x000015a0       0x3c ./board/pin_mux.o
                0x000015a0                BOARD_InitDEBUG_UARTPins
 .text.Board_InitPins
                0x000015dc       0x68 ./board/pin_mux.o
                0x000015dc                Board_InitPins
 .text.malloc   0x00001644       0xc8 C:/nxp/MCUXpressoIDE_25.6.136/ide/plugins/com.nxp.mcuxpresso.tools.win32_25.6.0.202501151204/tools/bin/../lib/gcc/arm-none-eabi/14.2.1/../../../../arm-none-eabi/lib/thumb/v8-m.main+fp/hard\libcr_c.a(alloc.o)
                0x00001644                malloc
 .text._Csys_alloc
                0x0000170c       0x20 C:/nxp/MCUXpressoIDE_25.6.136/ide/plugins/com.nxp.mcuxpresso.tools.win32_25.6.0.202501151204/tools/bin/../lib/gcc/arm-none-eabi/14.2.1/../../../../arm-none-eabi/lib/thumb/v8-m.main+fp/hard\libcr_c.a(alloc.o)
                0x0000170c                _Csys_alloc
 .text._initio  0x0000172c       0x78 C:/nxp/MCUXpressoIDE_25.6.136/ide/plugins/com.nxp.mcuxpresso.tools.win32_25.6.0.202501151204/tools/bin/../lib/gcc/arm-none-eabi/14.2.1/../../../../arm-none-eabi/lib/thumb/v8-m.main+fp/hard\libcr_c.a(initio.o)
                0x0000172c                _initio
 .text.__vfprintf
                0x000017a4      0xb64 C:/nxp/MCUXpressoIDE_25.6.136/ide/plugins/com.nxp.mcuxpresso.tools.win32_25.6.0.202501151204/tools/bin/../lib/gcc/arm-none-eabi/14.2.1/../../../../arm-none-eabi/lib/thumb/v8-m.main+fp/hard\libcr_c.a(printf.o)
                0x000017a4                __vfprintf
 .text._vsnprintf
                0x00002308       0x68 C:/nxp/MCUXpressoIDE_25.6.136/ide/plugins/com.nxp.mcuxpresso.tools.win32_25.6.0.202501151204/tools/bin/../lib/gcc/arm-none-eabi/14.2.1/../../../../arm-none-eabi/lib/thumb/v8-m.main+fp/hard\libcr_c.a(printf.o)
                0x00002308                _vsnprintf
 .text._printf  0x00002370       0x54 C:/nxp/MCUXpressoIDE_25.6.136/ide/plugins/com.nxp.mcuxpresso.tools.win32_25.6.0.202501151204/tools/bin/../lib/gcc/arm-none-eabi/14.2.1/../../../../arm-none-eabi/lib/thumb/v8-m.main+fp/hard\libcr_c.a(printf.o)
                0x00002370                _printf
 .text._sbrk    0x000023c4       0x3c C:/nxp/MCUXpressoIDE_25.6.136/ide/plugins/com.nxp.mcuxpresso.tools.win32_25.6.0.202501151204/tools/bin/../lib/gcc/arm-none-eabi/14.2.1/../../../../arm-none-eabi/lib/thumb/v8-m.main+fp/hard\libcr_c.a(_cr_sbrk.o)
                0x000023c4                _sbrk
 .text._Cwritebuf
                0x00002400       0x70 C:/nxp/MCUXpressoIDE_25.6.136/ide/plugins/com.nxp.mcuxpresso.tools.win32_25.6.0.202501151204/tools/bin/../lib/gcc/arm-none-eabi/14.2.1/../../../../arm-none-eabi/lib/thumb/v8-m.main+fp/hard\libcr_c.a(_writebuf.o)
                0x00002400                _Cwritebuf
 .text.fflush   0x00002470       0x3c C:/nxp/MCUXpressoIDE_25.6.136/ide/plugins/com.nxp.mcuxpresso.tools.win32_25.6.0.202501151204/tools/bin/../lib/gcc/arm-none-eabi/14.2.1/../../../../arm-none-eabi/lib/thumb/v8-m.main+fp/hard\libcr_c.a(fflush.o)
                0x00002470                fflush
 .text.fseek    0x000024ac       0xf8 C:/nxp/MCUXpressoIDE_25.6.136/ide/plugins/com.nxp.mcuxpresso.tools.win32_25.6.0.202501151204/tools/bin/../lib/gcc/arm-none-eabi/14.2.1/../../../../arm-none-eabi/lib/thumb/v8-m.main+fp/hard\libcr_c.a(fseek.o)
                0x000024ac                fseek
 .text.ftell    0x000025a4       0x44 C:/nxp/MCUXpressoIDE_25.6.136/ide/plugins/com.nxp.mcuxpresso.tools.win32_25.6.0.202501151204/tools/bin/../lib/gcc/arm-none-eabi/14.2.1/../../../../arm-none-eabi/lib/thumb/v8-m.main+fp/hard\libcr_c.a(ftell.o)
                0x000025a4                ftell
 .text.__check_heap_overflow
                0x000025e8       0x18 C:/nxp/MCUXpressoIDE_25.6.136/ide/plugins/com.nxp.mcuxpresso.tools.win32_25.6.0.202501151204/tools/bin/../lib/gcc/arm-none-eabi/14.2.1/../../../../arm-none-eabi/lib/thumb/v8-m.main+fp/hard\libcr_c.a(_cr_check_heap.o)
                0x000025e8                __check_heap_overflow
 .text.__sys_appexit
                0x00002600        0xc C:/nxp/MCUXpressoIDE_25.6.136/ide/plugins/com.nxp.mcuxpresso.tools.win32_25.6.0.202501151204/tools/bin/../lib/gcc/arm-none-eabi/14.2.1/../../../../arm-none-eabi/lib/thumb/v8-m.main+fp/hard\libcr_semihost_nf.a(__sys_appexit.o)
                0x00002600                __sys_appexit
                0x00002600                __exit
 .text.fsl_assert_hook
                0x0000260c       0x1a ./utilities/fsl_assert.o
                0x0000260c                fsl_assert_hook
 .text.WDT_BOD_IRQHandler
                0x00002626        0x8 ./startup/startup_lpc55s69_cm33_core0.o
                0x00002626                WDT_BOD_IRQHandler
 .text.DMA0_IRQHandler
                0x0000262e        0x8 ./startup/startup_lpc55s69_cm33_core0.o
                0x0000262e                DMA0_IRQHandler
 .text.GINT0_IRQHandler
                0x00002636        0x8 ./startup/startup_lpc55s69_cm33_core0.o
                0x00002636                GINT0_IRQHandler
 .text.GINT1_IRQHandler
                0x0000263e        0x8 ./startup/startup_lpc55s69_cm33_core0.o
                0x0000263e                GINT1_IRQHandler
 .text.PIN_INT0_IRQHandler
                0x00002646        0x8 ./startup/startup_lpc55s69_cm33_core0.o
                0x00002646                PIN_INT0_IRQHandler
 .text.PIN_INT1_IRQHandler
                0x0000264e        0x8 ./startup/startup_lpc55s69_cm33_core0.o
                0x0000264e                PIN_INT1_IRQHandler
 .text.PIN_INT2_IRQHandler
                0x00002656        0x8 ./startup/startup_lpc55s69_cm33_core0.o
                0x00002656                PIN_INT2_IRQHandler
 .text.PIN_INT3_IRQHandler
                0x0000265e        0x8 ./startup/startup_lpc55s69_cm33_core0.o
                0x0000265e                PIN_INT3_IRQHandler
 .text.UTICK0_IRQHandler
                0x00002666        0x8 ./startup/startup_lpc55s69_cm33_core0.o
                0x00002666                UTICK0_IRQHandler
 .text.MRT0_IRQHandler
                0x0000266e        0x8 ./startup/startup_lpc55s69_cm33_core0.o
                0x0000266e                MRT0_IRQHandler
 .text.CTIMER0_IRQHandler
                0x00002676        0x8 ./startup/startup_lpc55s69_cm33_core0.o
                0x00002676                CTIMER0_IRQHandler
 .text.CTIMER1_IRQHandler
                0x0000267e        0x8 ./startup/startup_lpc55s69_cm33_core0.o
                0x0000267e                CTIMER1_IRQHandler
 .text.SCT0_IRQHandler
                0x00002686        0x8 ./startup/startup_lpc55s69_cm33_core0.o
                0x00002686                SCT0_IRQHandler
 .text.CTIMER3_IRQHandler
                0x0000268e        0x8 ./startup/startup_lpc55s69_cm33_core0.o
                0x0000268e                CTIMER3_IRQHandler
 .text.FLEXCOMM0_IRQHandler
                0x00002696        0x8 ./startup/startup_lpc55s69_cm33_core0.o
                0x00002696                FLEXCOMM0_IRQHandler
 .text.FLEXCOMM1_IRQHandler
                0x0000269e        0x8 ./startup/startup_lpc55s69_cm33_core0.o
                0x0000269e                FLEXCOMM1_IRQHandler
 .text.FLEXCOMM2_IRQHandler
                0x000026a6        0x8 ./startup/startup_lpc55s69_cm33_core0.o
                0x000026a6                FLEXCOMM2_IRQHandler
 .text.FLEXCOMM3_IRQHandler
                0x000026ae        0x8 ./startup/startup_lpc55s69_cm33_core0.o
                0x000026ae                FLEXCOMM3_IRQHandler
 .text.FLEXCOMM4_IRQHandler
                0x000026b6        0x8 ./startup/startup_lpc55s69_cm33_core0.o
                0x000026b6                FLEXCOMM4_IRQHandler
 .text.FLEXCOMM5_IRQHandler
                0x000026be        0x8 ./startup/startup_lpc55s69_cm33_core0.o
                0x000026be                FLEXCOMM5_IRQHandler
 .text.FLEXCOMM6_IRQHandler
                0x000026c6        0x8 ./startup/startup_lpc55s69_cm33_core0.o
                0x000026c6                FLEXCOMM6_IRQHandler
 .text.FLEXCOMM7_IRQHandler
                0x000026ce        0x8 ./startup/startup_lpc55s69_cm33_core0.o
                0x000026ce                FLEXCOMM7_IRQHandler
 .text.ADC0_IRQHandler
                0x000026d6        0x8 ./startup/startup_lpc55s69_cm33_core0.o
                0x000026d6                ADC0_IRQHandler
 .text.Reserved39_IRQHandler
                0x000026de        0x8 ./startup/startup_lpc55s69_cm33_core0.o
                0x000026de                Reserved39_IRQHandler
 .text.ACMP_IRQHandler
                0x000026e6        0x8 ./startup/startup_lpc55s69_cm33_core0.o
                0x000026e6                ACMP_IRQHandler
 .text.Reserved41_IRQHandler
                0x000026ee        0x8 ./startup/startup_lpc55s69_cm33_core0.o
                0x000026ee                Reserved41_IRQHandler
 .text.Reserved42_IRQHandler
                0x000026f6        0x8 ./startup/startup_lpc55s69_cm33_core0.o
                0x000026f6                Reserved42_IRQHandler
 .text.USB0_NEEDCLK_IRQHandler
                0x000026fe        0x8 ./startup/startup_lpc55s69_cm33_core0.o
                0x000026fe                USB0_NEEDCLK_IRQHandler
 .text.USB0_IRQHandler
                0x00002706        0x8 ./startup/startup_lpc55s69_cm33_core0.o
                0x00002706                USB0_IRQHandler
 .text.RTC_IRQHandler
                0x0000270e        0x8 ./startup/startup_lpc55s69_cm33_core0.o
                0x0000270e                RTC_IRQHandler
 .text.Reserved46_IRQHandler
                0x00002716        0x8 ./startup/startup_lpc55s69_cm33_core0.o
                0x00002716                Reserved46_IRQHandler
 .text.MAILBOX_IRQHandler
                0x0000271e        0x8 ./startup/startup_lpc55s69_cm33_core0.o
                0x0000271e                MAILBOX_IRQHandler
 .text.PIN_INT4_IRQHandler
                0x00002726        0x8 ./startup/startup_lpc55s69_cm33_core0.o
                0x00002726                PIN_INT4_IRQHandler
 .text.PIN_INT5_IRQHandler
                0x0000272e        0x8 ./startup/startup_lpc55s69_cm33_core0.o
                0x0000272e                PIN_INT5_IRQHandler
 .text.PIN_INT6_IRQHandler
                0x00002736        0x8 ./startup/startup_lpc55s69_cm33_core0.o
                0x00002736                PIN_INT6_IRQHandler
 .text.PIN_INT7_IRQHandler
                0x0000273e        0x8 ./startup/startup_lpc55s69_cm33_core0.o
                0x0000273e                PIN_INT7_IRQHandler
 .text.CTIMER2_IRQHandler
                0x00002746        0x8 ./startup/startup_lpc55s69_cm33_core0.o
                0x00002746                CTIMER2_IRQHandler
 .text.CTIMER4_IRQHandler
                0x0000274e        0x8 ./startup/startup_lpc55s69_cm33_core0.o
                0x0000274e                CTIMER4_IRQHandler
 .text.OS_EVENT_IRQHandler
                0x00002756        0x8 ./startup/startup_lpc55s69_cm33_core0.o
                0x00002756                OS_EVENT_IRQHandler
 .text.Reserved55_IRQHandler
                0x0000275e        0x8 ./startup/startup_lpc55s69_cm33_core0.o
                0x0000275e                Reserved55_IRQHandler
 .text.Reserved56_IRQHandler
                0x00002766        0x8 ./startup/startup_lpc55s69_cm33_core0.o
                0x00002766                Reserved56_IRQHandler
 .text.Reserved57_IRQHandler
                0x0000276e        0x8 ./startup/startup_lpc55s69_cm33_core0.o
                0x0000276e                Reserved57_IRQHandler
 .text.SDIO_IRQHandler
                0x00002776        0x8 ./startup/startup_lpc55s69_cm33_core0.o
                0x00002776                SDIO_IRQHandler
 .text.Reserved59_IRQHandler
                0x0000277e        0x8 ./startup/startup_lpc55s69_cm33_core0.o
                0x0000277e                Reserved59_IRQHandler
 .text.Reserved60_IRQHandler
                0x00002786        0x8 ./startup/startup_lpc55s69_cm33_core0.o
                0x00002786                Reserved60_IRQHandler
 .text.Reserved61_IRQHandler
                0x0000278e        0x8 ./startup/startup_lpc55s69_cm33_core0.o
                0x0000278e                Reserved61_IRQHandler
 .text.USB1_PHY_IRQHandler
                0x00002796        0x8 ./startup/startup_lpc55s69_cm33_core0.o
                0x00002796                USB1_PHY_IRQHandler
 .text.USB1_IRQHandler
                0x0000279e        0x8 ./startup/startup_lpc55s69_cm33_core0.o
                0x0000279e                USB1_IRQHandler
 .text.USB1_NEEDCLK_IRQHandler
                0x000027a6        0x8 ./startup/startup_lpc55s69_cm33_core0.o
                0x000027a6                USB1_NEEDCLK_IRQHandler
 .text.SEC_HYPERVISOR_CALL_IRQHandler
                0x000027ae        0x8 ./startup/startup_lpc55s69_cm33_core0.o
                0x000027ae                SEC_HYPERVISOR_CALL_IRQHandler
 .text.SEC_GPIO_INT0_IRQ0_IRQHandler
                0x000027b6        0x8 ./startup/startup_lpc55s69_cm33_core0.o
                0x000027b6                SEC_GPIO_INT0_IRQ0_IRQHandler
 .text.SEC_GPIO_INT0_IRQ1_IRQHandler
                0x000027be        0x8 ./startup/startup_lpc55s69_cm33_core0.o
                0x000027be                SEC_GPIO_INT0_IRQ1_IRQHandler
 .text.PLU_IRQHandler
                0x000027c6        0x8 ./startup/startup_lpc55s69_cm33_core0.o
                0x000027c6                PLU_IRQHandler
 .text.SEC_VIO_IRQHandler
                0x000027ce        0x8 ./startup/startup_lpc55s69_cm33_core0.o
                0x000027ce                SEC_VIO_IRQHandler
 .text.HASHCRYPT_IRQHandler
                0x000027d6        0x8 ./startup/startup_lpc55s69_cm33_core0.o
                0x000027d6                HASHCRYPT_IRQHandler
 .text.CASER_IRQHandler
                0x000027de        0x8 ./startup/startup_lpc55s69_cm33_core0.o
                0x000027de                CASER_IRQHandler
 .text.PUF_IRQHandler
                0x000027e6        0x8 ./startup/startup_lpc55s69_cm33_core0.o
                0x000027e6                PUF_IRQHandler
 .text.PQ_IRQHandler
                0x000027ee        0x8 ./startup/startup_lpc55s69_cm33_core0.o
                0x000027ee                PQ_IRQHandler
 .text.DMA1_IRQHandler
                0x000027f6        0x8 ./startup/startup_lpc55s69_cm33_core0.o
                0x000027f6                DMA1_IRQHandler
 .text.FLEXCOMM8_IRQHandler
                0x000027fe        0x8 ./startup/startup_lpc55s69_cm33_core0.o
                0x000027fe                FLEXCOMM8_IRQHandler
 .text.HardFault_Handler
                0x00002806       0x36 ./source/semihost_hardfault.o
                0x00002806                HardFault_Handler
 .text.CLOCK_IsPLL0Locked
                0x0000283c       0x24 ./drivers/fsl_clock.o
 .text.findPll0PreDiv
                0x00002860       0x3e ./drivers/fsl_clock.o
 .text.DelayLoop
                0x0000289e       0x20 ./drivers/fsl_common_arm.o
 .text.INPUTMUX_AttachSignal
                0x000028be       0x38 ./drivers/fsl_inputmux.o
                0x000028be                INPUTMUX_AttachSignal
 .text.CLOCK_EnableClock
                0x000028f6       0x30 ./drivers/fsl_pint.o
 .text.RESET_ReleasePeripheralReset
                0x00002926       0x16 ./drivers/fsl_pint.o
 .text.EnableIRQ
                0x0000293c       0x32 ./drivers/fsl_pint.o
 .text.PINT_PinInterruptGetStatus
                0x0000296e       0x26 ./drivers/fsl_pint.o
 .text.PINT_PinInterruptClrFallFlag
                0x00002994       0x22 ./drivers/fsl_pint.o
 .text.PINT_PinInterruptGetFallFlag
                0x000029b6       0x26 ./drivers/fsl_pint.o
 .text.PINT_PinInterruptClrRiseFlag
                0x000029dc       0x22 ./drivers/fsl_pint.o
 .text.PINT_PinInterruptGetRiseFlag
                0x000029fe       0x26 ./drivers/fsl_pint.o
 .text.PINT_PatternMatchResetDetectLogic
                0x00002a24       0x34 ./drivers/fsl_pint.o
                0x00002a24                PINT_PatternMatchResetDetectLogic
 .text.PINT_PinInterruptClrStatus
                0x00002a58       0x4e ./drivers/fsl_pint.o
                0x00002a58                PINT_PinInterruptClrStatus
 .text.SEC_GPIO_INT0_IRQ0_DriverIRQHandler
                0x00002aa6       0x10 ./drivers/fsl_pint.o
                0x00002aa6                SEC_GPIO_INT0_IRQ0_DriverIRQHandler
 .text.SEC_GPIO_INT0_IRQ1_DriverIRQHandler
                0x00002ab6       0x10 ./drivers/fsl_pint.o
                0x00002ab6                SEC_GPIO_INT0_IRQ1_DriverIRQHandler
 .text.PIN_INT0_DriverIRQHandler
                0x00002ac6       0x10 ./drivers/fsl_pint.o
                0x00002ac6                PIN_INT0_DriverIRQHandler
 .text.PIN_INT1_DriverIRQHandler
                0x00002ad6       0x10 ./drivers/fsl_pint.o
                0x00002ad6                PIN_INT1_DriverIRQHandler
 .text.PIN_INT2_DriverIRQHandler
                0x00002ae6       0x10 ./drivers/fsl_pint.o
                0x00002ae6                PIN_INT2_DriverIRQHandler
 .text.PIN_INT3_DriverIRQHandler
                0x00002af6       0x10 ./drivers/fsl_pint.o
                0x00002af6                PIN_INT3_DriverIRQHandler
 .text.PIN_INT4_DriverIRQHandler
                0x00002b06       0x10 ./drivers/fsl_pint.o
                0x00002b06                PIN_INT4_DriverIRQHandler
 .text.PIN_INT5_DriverIRQHandler
                0x00002b16       0x10 ./drivers/fsl_pint.o
                0x00002b16                PIN_INT5_DriverIRQHandler
 .text.PIN_INT6_DriverIRQHandler
                0x00002b26       0x10 ./drivers/fsl_pint.o
                0x00002b26                PIN_INT6_DriverIRQHandler
 .text.PIN_INT7_DriverIRQHandler
                0x00002b36       0x10 ./drivers/fsl_pint.o
                0x00002b36                PIN_INT7_DriverIRQHandler
 .text.lowpower_set_voltage_for_process
                0x00002b46       0xaa ./drivers/fsl_power.o
 .text.SystemInitHook
                0x00002bf0        0xe ./device/system_LPC55S69_cm33_core0.o
                0x00002bf0                SystemInitHook
 .text.DbgConsole_Error
                0x00002bfe       0x10 ./board/board.o
 .text.BOARD_InitBootClocks
                0x00002c0e        0xc ./board/clock_config.o
                0x00002c0e                BOARD_InitBootClocks
 .text.BOARD_InitPeripherals_cm33_core0
                0x00002c1a        0xc ./board/peripherals.o
                0x00002c1a                BOARD_InitPeripherals_cm33_core0
 .text.BOARD_InitBootPeripherals
                0x00002c26        0xc ./board/peripherals.o
                0x00002c26                BOARD_InitBootPeripherals
 .text.Chip_GetVersion
                0x00002c32       0x36 ./board/pin_mux.o
 .text.CLOCK_EnableClock
                0x00002c68       0x30 ./board/pin_mux.o
 .text.IOCON_PinMuxSet
                0x00002c98       0x2e ./board/pin_mux.o
 .text.BOARD_InitBootPins
                0x00002cc6       0x10 ./board/pin_mux.o
                0x00002cc6                BOARD_InitBootPins
 .text.__main   0x00002cd6        0xe C:/nxp/MCUXpressoIDE_25.6.136/ide/plugins/com.nxp.mcuxpresso.tools.win32_25.6.0.202501151204/tools/bin/../lib/gcc/arm-none-eabi/14.2.1/../../../../arm-none-eabi/lib/thumb/v8-m.main+fp/hard\libcr_semihost_nf.a(_cr__main.o)
                0x00002cd6                __CR_SEMIHOST
                0x00002cd6                __main
 .text.memset   0x00002ce4        0x4 C:/nxp/MCUXpressoIDE_25.6.136/ide/plugins/com.nxp.mcuxpresso.tools.win32_25.6.0.202501151204/tools/bin/../lib/gcc/arm-none-eabi/14.2.1/../../../../arm-none-eabi/lib/thumb/v8-m.main+fp/hard\libcr_c.a(memset.o)
                0x00002ce4                memset
 .text.free     0x00002ce8       0x30 C:/nxp/MCUXpressoIDE_25.6.136/ide/plugins/com.nxp.mcuxpresso.tools.win32_25.6.0.202501151204/tools/bin/../lib/gcc/arm-none-eabi/14.2.1/../../../../arm-none-eabi/lib/thumb/v8-m.main+fp/hard\libcr_c.a(alloc.o)
                0x00002ce8                free
 .text.no_fp_display
                0x00002d18        0x4 C:/nxp/MCUXpressoIDE_25.6.136/ide/plugins/com.nxp.mcuxpresso.tools.win32_25.6.0.202501151204/tools/bin/../lib/gcc/arm-none-eabi/14.2.1/../../../../arm-none-eabi/lib/thumb/v8-m.main+fp/hard\libcr_c.a(printf.o)
 .text.setvbuf  0x00002d1c       0x3e C:/nxp/MCUXpressoIDE_25.6.136/ide/plugins/com.nxp.mcuxpresso.tools.win32_25.6.0.202501151204/tools/bin/../lib/gcc/arm-none-eabi/14.2.1/../../../../arm-none-eabi/lib/thumb/v8-m.main+fp/hard\libcr_c.a(setvbuf.o)
                0x00002d1c                setvbuf
 .text.strlen   0x00002d5a       0x4e C:/nxp/MCUXpressoIDE_25.6.136/ide/plugins/com.nxp.mcuxpresso.tools.win32_25.6.0.202501151204/tools/bin/../lib/gcc/arm-none-eabi/14.2.1/../../../../arm-none-eabi/lib/thumb/v8-m.main+fp/hard\libcr_c.a(strlen.o)
                0x00002d5a                strlen
 .text._deferredlazyseek
                0x00002da8       0x40 C:/nxp/MCUXpressoIDE_25.6.136/ide/plugins/com.nxp.mcuxpresso.tools.win32_25.6.0.202501151204/tools/bin/../lib/gcc/arm-none-eabi/14.2.1/../../../../arm-none-eabi/lib/thumb/v8-m.main+fp/hard\libcr_c.a(_deferredlazyseek.o)
                0x00002da8                _deferredlazyseek
 .text.__flsbuf
                0x00002de8      0x12a C:/nxp/MCUXpressoIDE_25.6.136/ide/plugins/com.nxp.mcuxpresso.tools.win32_25.6.0.202501151204/tools/bin/../lib/gcc/arm-none-eabi/14.2.1/../../../../arm-none-eabi/lib/thumb/v8-m.main+fp/hard\libcr_c.a(_deferredlazyseek.o)
                0x00002de8                __flsbuf
 .text._fdopen  0x00002f12       0x68 C:/nxp/MCUXpressoIDE_25.6.136/ide/plugins/com.nxp.mcuxpresso.tools.win32_25.6.0.202501151204/tools/bin/../lib/gcc/arm-none-eabi/14.2.1/../../../../arm-none-eabi/lib/thumb/v8-m.main+fp/hard\libcr_c.a(_fdopen.o)
                0x00002f12                _fdopen
 .text._fflush  0x00002f7a       0x52 C:/nxp/MCUXpressoIDE_25.6.136/ide/plugins/com.nxp.mcuxpresso.tools.win32_25.6.0.202501151204/tools/bin/../lib/gcc/arm-none-eabi/14.2.1/../../../../arm-none-eabi/lib/thumb/v8-m.main+fp/hard\libcr_c.a(_fflush.o)
                0x00002f7a                _fflush
 .text.fclose   0x00002fcc       0x58 C:/nxp/MCUXpressoIDE_25.6.136/ide/plugins/com.nxp.mcuxpresso.tools.win32_25.6.0.202501151204/tools/bin/../lib/gcc/arm-none-eabi/14.2.1/../../../../arm-none-eabi/lib/thumb/v8-m.main+fp/hard\libcr_c.a(fclose.o)
                0x00002fcc                fclose
 .text.remove   0x00003024       0x14 C:/nxp/MCUXpressoIDE_25.6.136/ide/plugins/com.nxp.mcuxpresso.tools.win32_25.6.0.202501151204/tools/bin/../lib/gcc/arm-none-eabi/14.2.1/../../../../arm-none-eabi/lib/thumb/v8-m.main+fp/hard\libcr_c.a(remove.o)
                0x00003024                remove
 .text._do_fflush
                0x00003038       0x40 C:/nxp/MCUXpressoIDE_25.6.136/ide/plugins/com.nxp.mcuxpresso.tools.win32_25.6.0.202501151204/tools/bin/../lib/gcc/arm-none-eabi/14.2.1/../../../../arm-none-eabi/lib/thumb/v8-m.main+fp/hard\libcr_c.a(_do_fflush.o)
                0x00003038                _do_fflush
 .text.__aeabi_division_uldivmod
                0x00003078      0x174 C:/nxp/MCUXpressoIDE_25.6.136/ide/plugins/com.nxp.mcuxpresso.tools.win32_25.6.0.202501151204/tools/bin/../lib/gcc/arm-none-eabi/14.2.1/thumb/v8-m.main+fp/hard\libcr_eabihelpers.a(division_64.o)
                0x00003078                __aeabi_uldivmod
                0x0000307c                __bhs_ldivmod1
 .text.__aeabi_division_idiv0
                0x000031ec        0x2 C:/nxp/MCUXpressoIDE_25.6.136/ide/plugins/com.nxp.mcuxpresso.tools.win32_25.6.0.202501151204/tools/bin/../lib/gcc/arm-none-eabi/14.2.1/thumb/v8-m.main+fp/hard\libcr_eabihelpers.a(division_idiv0.o)
                0x000031ec                __aeabi_idiv0
 .text.__aeabi_memset_lowlevel
                0x000031ee       0x32 C:/nxp/MCUXpressoIDE_25.6.136/ide/plugins/com.nxp.mcuxpresso.tools.win32_25.6.0.202501151204/tools/bin/../lib/gcc/arm-none-eabi/14.2.1/thumb/v8-m.main+fp/hard\libcr_eabihelpers.a(memcpy.o)
                0x000031ee                __aeabi_lowlevel_memset
 .text.__sys_close
                0x00003220        0xc C:/nxp/MCUXpressoIDE_25.6.136/ide/plugins/com.nxp.mcuxpresso.tools.win32_25.6.0.202501151204/tools/bin/../lib/gcc/arm-none-eabi/14.2.1/../../../../arm-none-eabi/lib/thumb/v8-m.main+fp/hard\libcr_semihost_nf.a(__sys_close.o)
                0x00003220                __sys_close
 .text.__sys_flen
                0x0000322c        0xc C:/nxp/MCUXpressoIDE_25.6.136/ide/plugins/com.nxp.mcuxpresso.tools.win32_25.6.0.202501151204/tools/bin/../lib/gcc/arm-none-eabi/14.2.1/../../../../arm-none-eabi/lib/thumb/v8-m.main+fp/hard\libcr_semihost_nf.a(__sys_flen.o)
                0x0000322c                __sys_flen
 .text.__sys_istty
                0x00003238        0xc C:/nxp/MCUXpressoIDE_25.6.136/ide/plugins/com.nxp.mcuxpresso.tools.win32_25.6.0.202501151204/tools/bin/../lib/gcc/arm-none-eabi/14.2.1/../../../../arm-none-eabi/lib/thumb/v8-m.main+fp/hard\libcr_semihost_nf.a(__sys_istty.o)
                0x00003238                __sys_istty
 .text.__sys_remove
                0x00003244        0xc C:/nxp/MCUXpressoIDE_25.6.136/ide/plugins/com.nxp.mcuxpresso.tools.win32_25.6.0.202501151204/tools/bin/../lib/gcc/arm-none-eabi/14.2.1/../../../../arm-none-eabi/lib/thumb/v8-m.main+fp/hard\libcr_semihost_nf.a(__sys_remove.o)
                0x00003244                __sys_remove
 .text.__sys_seek
                0x00003250        0xc C:/nxp/MCUXpressoIDE_25.6.136/ide/plugins/com.nxp.mcuxpresso.tools.win32_25.6.0.202501151204/tools/bin/../lib/gcc/arm-none-eabi/14.2.1/../../../../arm-none-eabi/lib/thumb/v8-m.main+fp/hard\libcr_semihost_nf.a(__sys_seek.o)
                0x00003250                __sys_seek
 .text.__sys_tmpnam
                0x0000325c        0xc C:/nxp/MCUXpressoIDE_25.6.136/ide/plugins/com.nxp.mcuxpresso.tools.win32_25.6.0.202501151204/tools/bin/../lib/gcc/arm-none-eabi/14.2.1/../../../../arm-none-eabi/lib/thumb/v8-m.main+fp/hard\libcr_semihost_nf.a(__sys_tmpnam.o)
                0x0000325c                __sys_tmpnam
 .text.__sys_write
                0x00003268        0xc C:/nxp/MCUXpressoIDE_25.6.136/ide/plugins/com.nxp.mcuxpresso.tools.win32_25.6.0.202501151204/tools/bin/../lib/gcc/arm-none-eabi/14.2.1/../../../../arm-none-eabi/lib/thumb/v8-m.main+fp/hard\libcr_semihost_nf.a(__sys_write.o)
                0x00003268                __sys_write
 *(SORT_BY_ALIGNMENT(.rodata) SORT_BY_ALIGNMENT(.rodata.*) SORT_BY_ALIGNMENT(.constdata) SORT_BY_ALIGNMENT(.constdata.*))
 .rodata.__assertion_failed.str1.4
                0x00003274      0x372 ./utilities/fsl_assert.o
                                 0x14 (size before relaxing)
 .rodata.cbPint.str1.4
                0x000035e6        0xd ./source/LPC55S69_Project_lab3.o
 .rodata.main.str1.4
                0x000035e6        0xe ./source/LPC55S69_Project_lab3.o
 .rodata.SDK_DelayAtLeastUs.str1.4
                0x000035e6       0x2b ./drivers/fsl_common_arm.o
 *fill*         0x000035e6        0x2 ff
 .rodata.s_flexcommBaseAddrs
                0x000035e8       0x24 ./drivers/fsl_flexcomm.o
 .rodata.FLEXCOMM_GetInstance.str1.4
                0x0000360c       0x41 ./drivers/fsl_flexcomm.o
 .rodata.FLEXCOMM0_DriverIRQHandler.str1.4
                0x0000360c       0x3c ./drivers/fsl_flexcomm.o
 .rodata.FLEXCOMM1_DriverIRQHandler.str1.4
                0x0000360c       0x3c ./drivers/fsl_flexcomm.o
 .rodata.FLEXCOMM2_DriverIRQHandler.str1.4
                0x0000360c       0x3c ./drivers/fsl_flexcomm.o
 .rodata.FLEXCOMM3_DriverIRQHandler.str1.4
                0x0000360c       0x3c ./drivers/fsl_flexcomm.o
 .rodata.FLEXCOMM4_DriverIRQHandler.str1.4
                0x0000360c       0x3c ./drivers/fsl_flexcomm.o
 .rodata.FLEXCOMM5_DriverIRQHandler.str1.4
                0x0000360c       0x3c ./drivers/fsl_flexcomm.o
 .rodata.FLEXCOMM6_DriverIRQHandler.str1.4
                0x0000360c       0x3c ./drivers/fsl_flexcomm.o
 .rodata.FLEXCOMM7_DriverIRQHandler.str1.4
                0x0000360c       0x3c ./drivers/fsl_flexcomm.o
 .rodata.FLEXCOMM8_DriverIRQHandler.str1.4
                0x0000360c       0x3c ./drivers/fsl_flexcomm.o
 .rodata.s_pintBases
                0x0000360c        0x8 ./drivers/fsl_pint.o
 .rodata.s_pintResets
                0x00003614        0x8 ./drivers/fsl_pint.o
 .rodata.s_pintIRQ
                0x0000361c        0xa ./drivers/fsl_pint.o
 .rodata.PINT_GetInstance.str1.4
                0x00003626       0x33 ./drivers/fsl_pint.o
 .rodata.PINT_Init.str1.4
                0x00003626       0x1e ./drivers/fsl_pint.o
 .rodata.PINT_PinInterruptConfig.str1.4
                0x00003626       0x1e ./drivers/fsl_pint.o
 .rodata.PINT_EnableCallbackByIndex.str1.4
                0x00003626       0x1e ./drivers/fsl_pint.o
 .rodata.RESET_ClearPeripheralReset.str1.4
                0x00003626       0x1e ./drivers/fsl_reset.o
 *fill*         0x00003626        0x2 ff
 .rodata.__num_Ciob_streams
                0x00003628        0x4 C:/nxp/MCUXpressoIDE_25.6.136/ide/plugins/com.nxp.mcuxpresso.tools.win32_25.6.0.202501151204/tools/bin/../lib/gcc/arm-none-eabi/14.2.1/../../../../arm-none-eabi/lib/thumb/v8-m.main+fp/hard\libcr_semihost_nf.a(__ciob.o)
                0x00003628                __num_Ciob_streams
 .rodata._Csys_alloc.str1.1
                0x0000362c       0x53 C:/nxp/MCUXpressoIDE_25.6.136/ide/plugins/com.nxp.mcuxpresso.tools.win32_25.6.0.202501151204/tools/bin/../lib/gcc/arm-none-eabi/14.2.1/../../../../arm-none-eabi/lib/thumb/v8-m.main+fp/hard\libcr_c.a(alloc.o)
                                 0x18 (size before relaxing)
 .rodata._initio.str1.1
                0x0000367f        0x4 C:/nxp/MCUXpressoIDE_25.6.136/ide/plugins/com.nxp.mcuxpresso.tools.win32_25.6.0.202501151204/tools/bin/../lib/gcc/arm-none-eabi/14.2.1/../../../../arm-none-eabi/lib/thumb/v8-m.main+fp/hard\libcr_c.a(initio.o)
 .rodata.__vfprintf.str1.1
                0x0000367f       0x38 C:/nxp/MCUXpressoIDE_25.6.136/ide/plugins/com.nxp.mcuxpresso.tools.win32_25.6.0.202501151204/tools/bin/../lib/gcc/arm-none-eabi/14.2.1/../../../../arm-none-eabi/lib/thumb/v8-m.main+fp/hard\libcr_c.a(printf.o)
                0x000036b8                        . = ALIGN (0x4)
 *fill*         0x0000367f        0x1 ff

.glue_7         0x00003680        0x0
 .glue_7        0x00003680        0x0 linker stubs

.glue_7t        0x00003680        0x0
 .glue_7t       0x00003680        0x0 linker stubs

.vfp11_veneer   0x00003680        0x0
 .vfp11_veneer  0x00003680        0x0 linker stubs

.v4_bx          0x00003680        0x0
 .v4_bx         0x00003680        0x0 linker stubs

.iplt           0x00003680        0x0
 .iplt          0x00003680        0x0 ./utilities/fsl_assert.o

.rel.dyn        0x00003680        0x0
 .rel.iplt      0x00003680        0x0 ./utilities/fsl_assert.o

.ARM.extab
 *(SORT_BY_ALIGNMENT(.ARM.extab*) SORT_BY_ALIGNMENT(.gnu.linkonce.armextab.*))

.ARM.exidx      0x00003680        0x0
                0x00003680                        __exidx_start = .
 *(SORT_BY_ALIGNMENT(.ARM.exidx*) SORT_BY_ALIGNMENT(.gnu.linkonce.armexidx.*))
                0x00003680                        __exidx_end = .
                0x00003680                        _etext = .

.m_usb_data
 *(SORT_BY_ALIGNMENT(m_usb_global))

.data_RAM2      0x04000000        0x0 load address 0x00003680
 FILL mask 0xff
                [!provide]                        PROVIDE (__start_data_RAM2 = .)
                [!provide]                        PROVIDE (__start_data_SRAMX = .)
 *(SORT_BY_ALIGNMENT(.ramfunc.$RAM2))
 *(SORT_BY_ALIGNMENT(.ramfunc.$SRAMX))
 *(SORT_BY_ALIGNMENT(.data.$RAM2))
 *(SORT_BY_ALIGNMENT(.data.$SRAMX))
 *(SORT_BY_ALIGNMENT(.data.$RAM2.*))
 *(SORT_BY_ALIGNMENT(.data.$SRAMX.*))
                0x04000000                        . = ALIGN (0x4)
                [!provide]                        PROVIDE (__end_data_RAM2 = .)
                [!provide]                        PROVIDE (__end_data_SRAMX = .)

.data_RAM3      0x40100000        0x0 load address 0x00003680
 FILL mask 0xff
                [!provide]                        PROVIDE (__start_data_RAM3 = .)
                [!provide]                        PROVIDE (__start_data_USB_RAM = .)
 *(SORT_BY_ALIGNMENT(.ramfunc.$RAM3))
 *(SORT_BY_ALIGNMENT(.ramfunc.$USB_RAM))
 *(SORT_BY_ALIGNMENT(.data.$RAM3))
 *(SORT_BY_ALIGNMENT(.data.$USB_RAM))
 *(SORT_BY_ALIGNMENT(.data.$RAM3.*))
 *(SORT_BY_ALIGNMENT(.data.$USB_RAM.*))
                0x40100000                        . = ALIGN (0x4)
                [!provide]                        PROVIDE (__end_data_RAM3 = .)
                [!provide]                        PROVIDE (__end_data_USB_RAM = .)

.data_RAM4      0x20040000        0x0 load address 0x00003680
 FILL mask 0xff
                [!provide]                        PROVIDE (__start_data_RAM4 = .)
                [!provide]                        PROVIDE (__start_data_SRAM4 = .)
 *(SORT_BY_ALIGNMENT(.ramfunc.$RAM4))
 *(SORT_BY_ALIGNMENT(.ramfunc.$SRAM4))
 *(SORT_BY_ALIGNMENT(.data.$RAM4))
 *(SORT_BY_ALIGNMENT(.data.$SRAM4))
 *(SORT_BY_ALIGNMENT(.data.$RAM4.*))
 *(SORT_BY_ALIGNMENT(.data.$SRAM4.*))
                0x20040000                        . = ALIGN (0x4)
                [!provide]                        PROVIDE (__end_data_RAM4 = .)
                [!provide]                        PROVIDE (__end_data_SRAM4 = .)

.uninit_RESERVED
                0x20000000        0x0
                0x20000000                        _start_uninit_RESERVED = .
 *(SORT_BY_ALIGNMENT(.bss.$RESERVED*))
                0x20000000                        . = ALIGN (0x4)
                0x20000000                        _end_uninit_RESERVED = .

.data           0x20000000        0x8 load address 0x00003680
 FILL mask 0xff
                0x20000000                        _data = .
                [!provide]                        PROVIDE (__start_data_RAM = .)
                [!provide]                        PROVIDE (__start_data_SRAM = .)
 *(SORT_BY_ALIGNMENT(vtable))
 *(SORT_BY_ALIGNMENT(.ramfunc*))
 *(SORT_BY_ALIGNMENT(CodeQuickAccess))
 *(SORT_BY_ALIGNMENT(DataQuickAccess))
 *(SORT_BY_ALIGNMENT(RamFunction))
 *(SORT_BY_ALIGNMENT(.data*))
 .data.s_Ext_Clk_Freq
                0x20000000        0x4 ./drivers/fsl_clock.o
 .data.SystemCoreClock
                0x20000004        0x4 ./device/system_LPC55S69_cm33_core0.o
                0x20000004                SystemCoreClock
                0x20000008                        . = ALIGN (0x4)
                0x20000008                        _edata = .
                [!provide]                        PROVIDE (__end_data_RAM = .)
                [!provide]                        PROVIDE (__end_data_SRAM = .)

.igot.plt       0x20000008        0x0 load address 0x00003688
 .igot.plt      0x20000008        0x0 ./utilities/fsl_assert.o

.bss_RAM2       0x04000000        0x0
                [!provide]                        PROVIDE (__start_bss_RAM2 = .)
                [!provide]                        PROVIDE (__start_bss_SRAMX = .)
 *(SORT_BY_ALIGNMENT(.bss.$RAM2))
 *(SORT_BY_ALIGNMENT(.bss.$SRAMX))
 *(SORT_BY_ALIGNMENT(.bss.$RAM2.*))
 *(SORT_BY_ALIGNMENT(.bss.$SRAMX.*))
                0x04000000                        . = ALIGN ((. != 0x0)?0x4:0x1)
                [!provide]                        PROVIDE (__end_bss_RAM2 = .)
                [!provide]                        PROVIDE (__end_bss_SRAMX = .)

.bss_RAM3       0x40100000        0x0
                [!provide]                        PROVIDE (__start_bss_RAM3 = .)
                [!provide]                        PROVIDE (__start_bss_USB_RAM = .)
 *(SORT_BY_ALIGNMENT(.bss.$RAM3))
 *(SORT_BY_ALIGNMENT(.bss.$USB_RAM))
 *(SORT_BY_ALIGNMENT(.bss.$RAM3.*))
 *(SORT_BY_ALIGNMENT(.bss.$USB_RAM.*))
                0x40100000                        . = ALIGN ((. != 0x0)?0x4:0x1)
                [!provide]                        PROVIDE (__end_bss_RAM3 = .)
                [!provide]                        PROVIDE (__end_bss_USB_RAM = .)

.bss_RAM4       0x20040000        0x0
                [!provide]                        PROVIDE (__start_bss_RAM4 = .)
                [!provide]                        PROVIDE (__start_bss_SRAM4 = .)
 *(SORT_BY_ALIGNMENT(.bss.$RAM4))
 *(SORT_BY_ALIGNMENT(.bss.$SRAM4))
 *(SORT_BY_ALIGNMENT(.bss.$RAM4.*))
 *(SORT_BY_ALIGNMENT(.bss.$SRAM4.*))
                0x20040000                        . = ALIGN ((. != 0x0)?0x4:0x1)
                [!provide]                        PROVIDE (__end_bss_RAM4 = .)
                [!provide]                        PROVIDE (__end_bss_SRAM4 = .)

.bss            0x20000008      0x118
                0x20000008                        _bss = .
                [!provide]                        PROVIDE (__start_bss_RAM = .)
                [!provide]                        PROVIDE (__start_bss_SRAM = .)
 *(SORT_BY_ALIGNMENT(.bss*))
 .bss.i.0       0x20000008        0x4 ./source/LPC55S69_Project_lab3.o
 .bss.s_Pll0_Freq
                0x2000000c        0x4 ./drivers/fsl_clock.o
 .bss.s_flexcommIrqHandler
                0x20000010       0x24 ./drivers/fsl_flexcomm.o
 .bss.s_flexcommHandle
                0x20000034       0x24 ./drivers/fsl_flexcomm.o
 .bss.s_pintCallback
                0x20000058        0x8 ./drivers/fsl_pint.o
 .bss.errno     0x20000060        0x4 C:/nxp/MCUXpressoIDE_25.6.136/ide/plugins/com.nxp.mcuxpresso.tools.win32_25.6.0.202501151204/tools/bin/../lib/gcc/arm-none-eabi/14.2.1/../../../../arm-none-eabi/lib/thumb/v8-m.main+fp/hard\libcr_c.a(errno.o)
                0x20000060                errno
 .bss.__end_of_heap
                0x20000064        0x4 C:/nxp/MCUXpressoIDE_25.6.136/ide/plugins/com.nxp.mcuxpresso.tools.win32_25.6.0.202501151204/tools/bin/../lib/gcc/arm-none-eabi/14.2.1/../../../../arm-none-eabi/lib/thumb/v8-m.main+fp/hard\libcr_c.a(__init_alloc.o)
                0x20000064                __end_of_heap
 .bss.__heaps   0x20000068        0x4 C:/nxp/MCUXpressoIDE_25.6.136/ide/plugins/com.nxp.mcuxpresso.tools.win32_25.6.0.202501151204/tools/bin/../lib/gcc/arm-none-eabi/14.2.1/../../../../arm-none-eabi/lib/thumb/v8-m.main+fp/hard\libcr_c.a(__init_alloc.o)
                0x20000068                __heaps
 .bss.__Ciob    0x2000006c       0xb4 C:/nxp/MCUXpressoIDE_25.6.136/ide/plugins/com.nxp.mcuxpresso.tools.win32_25.6.0.202501151204/tools/bin/../lib/gcc/arm-none-eabi/14.2.1/../../../../arm-none-eabi/lib/thumb/v8-m.main+fp/hard\libcr_semihost_nf.a(__ciob.o)
                0x2000006c                __Ciob
 *(SORT_BY_ALIGNMENT(COMMON))
                0x20000120                        . = ALIGN (0x4)
                0x20000120                        _ebss = .
                [!provide]                        PROVIDE (__end_bss_RAM = .)
                [!provide]                        PROVIDE (__end_bss_SRAM = .)
                [!provide]                        PROVIDE (end = .)

.noinit_RAM2    0x04000000        0x0
                [!provide]                        PROVIDE (__start_noinit_RAM2 = .)
                [!provide]                        PROVIDE (__start_noinit_SRAMX = .)
 *(SORT_BY_ALIGNMENT(.noinit.$RAM2))
 *(SORT_BY_ALIGNMENT(.noinit.$SRAMX))
 *(SORT_BY_ALIGNMENT(.noinit.$RAM2.*))
 *(SORT_BY_ALIGNMENT(.noinit.$SRAMX.*))
                0x04000000                        . = ALIGN (0x4)
                [!provide]                        PROVIDE (__end_noinit_RAM2 = .)
                [!provide]                        PROVIDE (__end_noinit_SRAMX = .)

.noinit_RAM3    0x40100000        0x0
                [!provide]                        PROVIDE (__start_noinit_RAM3 = .)
                [!provide]                        PROVIDE (__start_noinit_USB_RAM = .)
 *(SORT_BY_ALIGNMENT(.noinit.$RAM3))
 *(SORT_BY_ALIGNMENT(.noinit.$USB_RAM))
 *(SORT_BY_ALIGNMENT(.noinit.$RAM3.*))
 *(SORT_BY_ALIGNMENT(.noinit.$USB_RAM.*))
                0x40100000                        . = ALIGN (0x4)
                [!provide]                        PROVIDE (__end_noinit_RAM3 = .)
                [!provide]                        PROVIDE (__end_noinit_USB_RAM = .)

.noinit_RAM4    0x20040000        0x0
                [!provide]                        PROVIDE (__start_noinit_RAM4 = .)
                [!provide]                        PROVIDE (__start_noinit_SRAM4 = .)
 *(SORT_BY_ALIGNMENT(.noinit.$RAM4))
 *(SORT_BY_ALIGNMENT(.noinit.$SRAM4))
 *(SORT_BY_ALIGNMENT(.noinit.$RAM4.*))
 *(SORT_BY_ALIGNMENT(.noinit.$SRAM4.*))
                0x20040000                        . = ALIGN (0x4)
                [!provide]                        PROVIDE (__end_noinit_RAM4 = .)
                [!provide]                        PROVIDE (__end_noinit_SRAM4 = .)

.noinit         0x20000120        0x0
                0x20000120                        _noinit = .
                [!provide]                        PROVIDE (__start_noinit_RAM = .)
                [!provide]                        PROVIDE (__start_noinit_SRAM = .)
 *(SORT_BY_ALIGNMENT(.noinit*))
                0x20000120                        . = ALIGN (0x4)
                0x20000120                        _end_noinit = .
                [!provide]                        PROVIDE (__end_noinit_RAM = .)
                [!provide]                        PROVIDE (__end_noinit_SRAM = .)
                0x00001000                        _HeapSize = 0x1000

.heap           0x20000120     0x1000
                0x20000120                        _pvHeapStart = .
                0x20001120                        . = (. + _HeapSize)
 *fill*         0x20000120     0x1000 
                0x20001120                        . = ALIGN (0x4)
                0x20001120                        _pvHeapLimit = .
                0x00001000                        _StackSize = 0x1000

.heap2stackfill
                0x20001120     0x1000
                0x20002120                        . = (. + _StackSize)
 *fill*         0x20001120     0x1000 

.stack          0x2003f000        0x0
                0x2003f000                        _vStackBase = .
                0x2003f000                        . = ALIGN (0x4)
                0x20040000                        _vStackTop = (. + _StackSize)
                [!provide]                        PROVIDE (__valid_user_code_checksum = (0x0 - ((((((_vStackTop + (ResetISR + 0x1)) + (NMI_Handler + 0x1)) + (HardFault_Handler + 0x1)) + (DEFINED (MemManage_Handler)?MemManage_Handler:0x0 + 0x1)) + (DEFINED (BusFault_Handler)?BusFault_Handler:0x0 + 0x1)) + (DEFINED (UsageFault_Handler)?UsageFault_Handler:0x0 + 0x1))))
                0x00000000                        _image_start = LOADADDR (.text)
                0x00003688                        _image_end = (LOADADDR (.data) + SIZEOF (.data))
                0x00003688                        _image_size = (_image_end - _image_start)
OUTPUT(LPC55S69_Project_lab3.axf elf32-littlearm)
LOAD linker stubs

.debug_info     0x00000000    0x17758
 .debug_info    0x00000000      0x135 ./utilities/fsl_assert.o
 .debug_info    0x00000135      0x9d0 ./startup/startup_lpc55s69_cm33_core0.o
 .debug_info    0x00000b05      0x1e3 ./source/LPC55S69_Project_lab3.o
 .debug_info    0x00000ce8       0x3c ./source/semihost_hardfault.o
 .debug_info    0x00000d24     0x337d ./drivers/fsl_clock.o
 .debug_info    0x000040a1      0x38b ./drivers/fsl_common_arm.o
 .debug_info    0x0000442c     0x1aeb ./drivers/fsl_flexcomm.o
 .debug_info    0x00005f17     0x24ae ./drivers/fsl_inputmux.o
 .debug_info    0x000083c5     0x24d5 ./drivers/fsl_pint.o
 .debug_info    0x0000a89a     0x2a67 ./drivers/fsl_power.o
 .debug_info    0x0000d301      0xe94 ./drivers/fsl_reset.o
 .debug_info    0x0000e195     0x144c ./device/system_LPC55S69_cm33_core0.o
 .debug_info    0x0000f5e1      0x8a8 ./board/board.o
 .debug_info    0x0000fe89     0x1770 ./board/clock_config.o
 .debug_info    0x000115f9      0x30b ./board/peripherals.o
 .debug_info    0x00011904     0x234e ./board/pin_mux.o
 .debug_info    0x00013c52       0x85 C:/nxp/MCUXpressoIDE_25.6.136/ide/plugins/com.nxp.mcuxpresso.tools.win32_25.6.0.202501151204/tools/bin/../lib/gcc/arm-none-eabi/14.2.1/../../../../arm-none-eabi/lib/thumb/v8-m.main+fp/hard\libcr_semihost_nf.a(_cr__main.o)
 .debug_info    0x00013cd7       0xfc C:/nxp/MCUXpressoIDE_25.6.136/ide/plugins/com.nxp.mcuxpresso.tools.win32_25.6.0.202501151204/tools/bin/../lib/gcc/arm-none-eabi/14.2.1/../../../../arm-none-eabi/lib/thumb/v8-m.main+fp/hard\libcr_c.a(memset.o)
 .debug_info    0x00013dd3      0x520 C:/nxp/MCUXpressoIDE_25.6.136/ide/plugins/com.nxp.mcuxpresso.tools.win32_25.6.0.202501151204/tools/bin/../lib/gcc/arm-none-eabi/14.2.1/../../../../arm-none-eabi/lib/thumb/v8-m.main+fp/hard\libcr_c.a(alloc.o)
 .debug_info    0x000142f3       0x44 C:/nxp/MCUXpressoIDE_25.6.136/ide/plugins/com.nxp.mcuxpresso.tools.win32_25.6.0.202501151204/tools/bin/../lib/gcc/arm-none-eabi/14.2.1/../../../../arm-none-eabi/lib/thumb/v8-m.main+fp/hard\libcr_c.a(errno.o)
 .debug_info    0x00014337      0x339 C:/nxp/MCUXpressoIDE_25.6.136/ide/plugins/com.nxp.mcuxpresso.tools.win32_25.6.0.202501151204/tools/bin/../lib/gcc/arm-none-eabi/14.2.1/../../../../arm-none-eabi/lib/thumb/v8-m.main+fp/hard\libcr_c.a(initio.o)
 .debug_info    0x00014670     0x129a C:/nxp/MCUXpressoIDE_25.6.136/ide/plugins/com.nxp.mcuxpresso.tools.win32_25.6.0.202501151204/tools/bin/../lib/gcc/arm-none-eabi/14.2.1/../../../../arm-none-eabi/lib/thumb/v8-m.main+fp/hard\libcr_c.a(printf.o)
 .debug_info    0x0001590a      0x1fd C:/nxp/MCUXpressoIDE_25.6.136/ide/plugins/com.nxp.mcuxpresso.tools.win32_25.6.0.202501151204/tools/bin/../lib/gcc/arm-none-eabi/14.2.1/../../../../arm-none-eabi/lib/thumb/v8-m.main+fp/hard\libcr_c.a(setvbuf.o)
 .debug_info    0x00015b07       0xe1 C:/nxp/MCUXpressoIDE_25.6.136/ide/plugins/com.nxp.mcuxpresso.tools.win32_25.6.0.202501151204/tools/bin/../lib/gcc/arm-none-eabi/14.2.1/../../../../arm-none-eabi/lib/thumb/v8-m.main+fp/hard\libcr_c.a(strlen.o)
 .debug_info    0x00015be8       0xd4 C:/nxp/MCUXpressoIDE_25.6.136/ide/plugins/com.nxp.mcuxpresso.tools.win32_25.6.0.202501151204/tools/bin/../lib/gcc/arm-none-eabi/14.2.1/../../../../arm-none-eabi/lib/thumb/v8-m.main+fp/hard\libcr_c.a(__init_alloc.o)
 .debug_info    0x00015cbc      0x107 C:/nxp/MCUXpressoIDE_25.6.136/ide/plugins/com.nxp.mcuxpresso.tools.win32_25.6.0.202501151204/tools/bin/../lib/gcc/arm-none-eabi/14.2.1/../../../../arm-none-eabi/lib/thumb/v8-m.main+fp/hard\libcr_c.a(_cr_sbrk.o)
 .debug_info    0x00015dc3      0x396 C:/nxp/MCUXpressoIDE_25.6.136/ide/plugins/com.nxp.mcuxpresso.tools.win32_25.6.0.202501151204/tools/bin/../lib/gcc/arm-none-eabi/14.2.1/../../../../arm-none-eabi/lib/thumb/v8-m.main+fp/hard\libcr_c.a(_deferredlazyseek.o)
 .debug_info    0x00016159      0x24b C:/nxp/MCUXpressoIDE_25.6.136/ide/plugins/com.nxp.mcuxpresso.tools.win32_25.6.0.202501151204/tools/bin/../lib/gcc/arm-none-eabi/14.2.1/../../../../arm-none-eabi/lib/thumb/v8-m.main+fp/hard\libcr_c.a(_fdopen.o)
 .debug_info    0x000163a4      0x1e3 C:/nxp/MCUXpressoIDE_25.6.136/ide/plugins/com.nxp.mcuxpresso.tools.win32_25.6.0.202501151204/tools/bin/../lib/gcc/arm-none-eabi/14.2.1/../../../../arm-none-eabi/lib/thumb/v8-m.main+fp/hard\libcr_c.a(_fflush.o)
 .debug_info    0x00016587      0x289 C:/nxp/MCUXpressoIDE_25.6.136/ide/plugins/com.nxp.mcuxpresso.tools.win32_25.6.0.202501151204/tools/bin/../lib/gcc/arm-none-eabi/14.2.1/../../../../arm-none-eabi/lib/thumb/v8-m.main+fp/hard\libcr_c.a(_writebuf.o)
 .debug_info    0x00016810      0x31e C:/nxp/MCUXpressoIDE_25.6.136/ide/plugins/com.nxp.mcuxpresso.tools.win32_25.6.0.202501151204/tools/bin/../lib/gcc/arm-none-eabi/14.2.1/../../../../arm-none-eabi/lib/thumb/v8-m.main+fp/hard\libcr_c.a(fclose.o)
 .debug_info    0x00016b2e      0x209 C:/nxp/MCUXpressoIDE_25.6.136/ide/plugins/com.nxp.mcuxpresso.tools.win32_25.6.0.202501151204/tools/bin/../lib/gcc/arm-none-eabi/14.2.1/../../../../arm-none-eabi/lib/thumb/v8-m.main+fp/hard\libcr_c.a(fflush.o)
 .debug_info    0x00016d37      0x276 C:/nxp/MCUXpressoIDE_25.6.136/ide/plugins/com.nxp.mcuxpresso.tools.win32_25.6.0.202501151204/tools/bin/../lib/gcc/arm-none-eabi/14.2.1/../../../../arm-none-eabi/lib/thumb/v8-m.main+fp/hard\libcr_c.a(fseek.o)
 .debug_info    0x00016fad      0x197 C:/nxp/MCUXpressoIDE_25.6.136/ide/plugins/com.nxp.mcuxpresso.tools.win32_25.6.0.202501151204/tools/bin/../lib/gcc/arm-none-eabi/14.2.1/../../../../arm-none-eabi/lib/thumb/v8-m.main+fp/hard\libcr_c.a(ftell.o)
 .debug_info    0x00017144      0x1d7 C:/nxp/MCUXpressoIDE_25.6.136/ide/plugins/com.nxp.mcuxpresso.tools.win32_25.6.0.202501151204/tools/bin/../lib/gcc/arm-none-eabi/14.2.1/../../../../arm-none-eabi/lib/thumb/v8-m.main+fp/hard\libcr_c.a(remove.o)
 .debug_info    0x0001731b       0x78 C:/nxp/MCUXpressoIDE_25.6.136/ide/plugins/com.nxp.mcuxpresso.tools.win32_25.6.0.202501151204/tools/bin/../lib/gcc/arm-none-eabi/14.2.1/../../../../arm-none-eabi/lib/thumb/v8-m.main+fp/hard\libcr_c.a(_cr_check_heap.o)
 .debug_info    0x00017393      0x23a C:/nxp/MCUXpressoIDE_25.6.136/ide/plugins/com.nxp.mcuxpresso.tools.win32_25.6.0.202501151204/tools/bin/../lib/gcc/arm-none-eabi/14.2.1/../../../../arm-none-eabi/lib/thumb/v8-m.main+fp/hard\libcr_c.a(_do_fflush.o)
 .debug_info    0x000175cd      0x18b C:/nxp/MCUXpressoIDE_25.6.136/ide/plugins/com.nxp.mcuxpresso.tools.win32_25.6.0.202501151204/tools/bin/../lib/gcc/arm-none-eabi/14.2.1/../../../../arm-none-eabi/lib/thumb/v8-m.main+fp/hard\libcr_semihost_nf.a(__ciob.o)

.debug_abbrev   0x00000000     0x387b
 .debug_abbrev  0x00000000       0xbd ./utilities/fsl_assert.o
 .debug_abbrev  0x000000bd      0x147 ./startup/startup_lpc55s69_cm33_core0.o
 .debug_abbrev  0x00000204      0x123 ./source/LPC55S69_Project_lab3.o
 .debug_abbrev  0x00000327       0x31 ./source/semihost_hardfault.o
 .debug_abbrev  0x00000358      0x3cd ./drivers/fsl_clock.o
 .debug_abbrev  0x00000725      0x16a ./drivers/fsl_common_arm.o
 .debug_abbrev  0x0000088f      0x2d2 ./drivers/fsl_flexcomm.o
 .debug_abbrev  0x00000b61      0x26d ./drivers/fsl_inputmux.o
 .debug_abbrev  0x00000dce      0x39f ./drivers/fsl_pint.o
 .debug_abbrev  0x0000116d      0x37c ./drivers/fsl_power.o
 .debug_abbrev  0x000014e9      0x196 ./drivers/fsl_reset.o
 .debug_abbrev  0x0000167f      0x24a ./device/system_LPC55S69_cm33_core0.o
 .debug_abbrev  0x000018c9      0x10f ./board/board.o
 .debug_abbrev  0x000019d8      0x24b ./board/clock_config.o
 .debug_abbrev  0x00001c23      0x118 ./board/peripherals.o
 .debug_abbrev  0x00001d3b      0x2c7 ./board/pin_mux.o
 .debug_abbrev  0x00002002       0x70 C:/nxp/MCUXpressoIDE_25.6.136/ide/plugins/com.nxp.mcuxpresso.tools.win32_25.6.0.202501151204/tools/bin/../lib/gcc/arm-none-eabi/14.2.1/../../../../arm-none-eabi/lib/thumb/v8-m.main+fp/hard\libcr_semihost_nf.a(_cr__main.o)
 .debug_abbrev  0x00002072       0xa8 C:/nxp/MCUXpressoIDE_25.6.136/ide/plugins/com.nxp.mcuxpresso.tools.win32_25.6.0.202501151204/tools/bin/../lib/gcc/arm-none-eabi/14.2.1/../../../../arm-none-eabi/lib/thumb/v8-m.main+fp/hard\libcr_c.a(memset.o)
 .debug_abbrev  0x0000211a      0x284 C:/nxp/MCUXpressoIDE_25.6.136/ide/plugins/com.nxp.mcuxpresso.tools.win32_25.6.0.202501151204/tools/bin/../lib/gcc/arm-none-eabi/14.2.1/../../../../arm-none-eabi/lib/thumb/v8-m.main+fp/hard\libcr_c.a(alloc.o)
 .debug_abbrev  0x0000239e       0x44 C:/nxp/MCUXpressoIDE_25.6.136/ide/plugins/com.nxp.mcuxpresso.tools.win32_25.6.0.202501151204/tools/bin/../lib/gcc/arm-none-eabi/14.2.1/../../../../arm-none-eabi/lib/thumb/v8-m.main+fp/hard\libcr_c.a(errno.o)
 .debug_abbrev  0x000023e2      0x169 C:/nxp/MCUXpressoIDE_25.6.136/ide/plugins/com.nxp.mcuxpresso.tools.win32_25.6.0.202501151204/tools/bin/../lib/gcc/arm-none-eabi/14.2.1/../../../../arm-none-eabi/lib/thumb/v8-m.main+fp/hard\libcr_c.a(initio.o)
 .debug_abbrev  0x0000254b      0x3c7 C:/nxp/MCUXpressoIDE_25.6.136/ide/plugins/com.nxp.mcuxpresso.tools.win32_25.6.0.202501151204/tools/bin/../lib/gcc/arm-none-eabi/14.2.1/../../../../arm-none-eabi/lib/thumb/v8-m.main+fp/hard\libcr_c.a(printf.o)
 .debug_abbrev  0x00002912       0xe1 C:/nxp/MCUXpressoIDE_25.6.136/ide/plugins/com.nxp.mcuxpresso.tools.win32_25.6.0.202501151204/tools/bin/../lib/gcc/arm-none-eabi/14.2.1/../../../../arm-none-eabi/lib/thumb/v8-m.main+fp/hard\libcr_c.a(setvbuf.o)
 .debug_abbrev  0x000029f3       0xa7 C:/nxp/MCUXpressoIDE_25.6.136/ide/plugins/com.nxp.mcuxpresso.tools.win32_25.6.0.202501151204/tools/bin/../lib/gcc/arm-none-eabi/14.2.1/../../../../arm-none-eabi/lib/thumb/v8-m.main+fp/hard\libcr_c.a(strlen.o)
 .debug_abbrev  0x00002a9a       0xaf C:/nxp/MCUXpressoIDE_25.6.136/ide/plugins/com.nxp.mcuxpresso.tools.win32_25.6.0.202501151204/tools/bin/../lib/gcc/arm-none-eabi/14.2.1/../../../../arm-none-eabi/lib/thumb/v8-m.main+fp/hard\libcr_c.a(__init_alloc.o)
 .debug_abbrev  0x00002b49       0xd3 C:/nxp/MCUXpressoIDE_25.6.136/ide/plugins/com.nxp.mcuxpresso.tools.win32_25.6.0.202501151204/tools/bin/../lib/gcc/arm-none-eabi/14.2.1/../../../../arm-none-eabi/lib/thumb/v8-m.main+fp/hard\libcr_c.a(_cr_sbrk.o)
 .debug_abbrev  0x00002c1c      0x18e C:/nxp/MCUXpressoIDE_25.6.136/ide/plugins/com.nxp.mcuxpresso.tools.win32_25.6.0.202501151204/tools/bin/../lib/gcc/arm-none-eabi/14.2.1/../../../../arm-none-eabi/lib/thumb/v8-m.main+fp/hard\libcr_c.a(_deferredlazyseek.o)
 .debug_abbrev  0x00002daa      0x119 C:/nxp/MCUXpressoIDE_25.6.136/ide/plugins/com.nxp.mcuxpresso.tools.win32_25.6.0.202501151204/tools/bin/../lib/gcc/arm-none-eabi/14.2.1/../../../../arm-none-eabi/lib/thumb/v8-m.main+fp/hard\libcr_c.a(_fdopen.o)
 .debug_abbrev  0x00002ec3       0xf1 C:/nxp/MCUXpressoIDE_25.6.136/ide/plugins/com.nxp.mcuxpresso.tools.win32_25.6.0.202501151204/tools/bin/../lib/gcc/arm-none-eabi/14.2.1/../../../../arm-none-eabi/lib/thumb/v8-m.main+fp/hard\libcr_c.a(_fflush.o)
 .debug_abbrev  0x00002fb4      0x126 C:/nxp/MCUXpressoIDE_25.6.136/ide/plugins/com.nxp.mcuxpresso.tools.win32_25.6.0.202501151204/tools/bin/../lib/gcc/arm-none-eabi/14.2.1/../../../../arm-none-eabi/lib/thumb/v8-m.main+fp/hard\libcr_c.a(_writebuf.o)
 .debug_abbrev  0x000030da      0x158 C:/nxp/MCUXpressoIDE_25.6.136/ide/plugins/com.nxp.mcuxpresso.tools.win32_25.6.0.202501151204/tools/bin/../lib/gcc/arm-none-eabi/14.2.1/../../../../arm-none-eabi/lib/thumb/v8-m.main+fp/hard\libcr_c.a(fclose.o)
 .debug_abbrev  0x00003232      0x125 C:/nxp/MCUXpressoIDE_25.6.136/ide/plugins/com.nxp.mcuxpresso.tools.win32_25.6.0.202501151204/tools/bin/../lib/gcc/arm-none-eabi/14.2.1/../../../../arm-none-eabi/lib/thumb/v8-m.main+fp/hard\libcr_c.a(fflush.o)
 .debug_abbrev  0x00003357      0x11b C:/nxp/MCUXpressoIDE_25.6.136/ide/plugins/com.nxp.mcuxpresso.tools.win32_25.6.0.202501151204/tools/bin/../lib/gcc/arm-none-eabi/14.2.1/../../../../arm-none-eabi/lib/thumb/v8-m.main+fp/hard\libcr_c.a(fseek.o)
 .debug_abbrev  0x00003472       0xc2 C:/nxp/MCUXpressoIDE_25.6.136/ide/plugins/com.nxp.mcuxpresso.tools.win32_25.6.0.202501151204/tools/bin/../lib/gcc/arm-none-eabi/14.2.1/../../../../arm-none-eabi/lib/thumb/v8-m.main+fp/hard\libcr_c.a(ftell.o)
 .debug_abbrev  0x00003534       0xfb C:/nxp/MCUXpressoIDE_25.6.136/ide/plugins/com.nxp.mcuxpresso.tools.win32_25.6.0.202501151204/tools/bin/../lib/gcc/arm-none-eabi/14.2.1/../../../../arm-none-eabi/lib/thumb/v8-m.main+fp/hard\libcr_c.a(remove.o)
 .debug_abbrev  0x0000362f       0x6b C:/nxp/MCUXpressoIDE_25.6.136/ide/plugins/com.nxp.mcuxpresso.tools.win32_25.6.0.202501151204/tools/bin/../lib/gcc/arm-none-eabi/14.2.1/../../../../arm-none-eabi/lib/thumb/v8-m.main+fp/hard\libcr_c.a(_cr_check_heap.o)
 .debug_abbrev  0x0000369a      0x12c C:/nxp/MCUXpressoIDE_25.6.136/ide/plugins/com.nxp.mcuxpresso.tools.win32_25.6.0.202501151204/tools/bin/../lib/gcc/arm-none-eabi/14.2.1/../../../../arm-none-eabi/lib/thumb/v8-m.main+fp/hard\libcr_c.a(_do_fflush.o)
 .debug_abbrev  0x000037c6       0xb5 C:/nxp/MCUXpressoIDE_25.6.136/ide/plugins/com.nxp.mcuxpresso.tools.win32_25.6.0.202501151204/tools/bin/../lib/gcc/arm-none-eabi/14.2.1/../../../../arm-none-eabi/lib/thumb/v8-m.main+fp/hard\libcr_semihost_nf.a(__ciob.o)

.debug_aranges  0x00000000      0xd58
 .debug_aranges
                0x00000000       0x28 ./utilities/fsl_assert.o
 .debug_aranges
                0x00000028      0x268 ./startup/startup_lpc55s69_cm33_core0.o
 .debug_aranges
                0x00000290       0x28 ./source/LPC55S69_Project_lab3.o
 .debug_aranges
                0x000002b8       0x20 ./source/semihost_hardfault.o
 .debug_aranges
                0x000002d8      0x228 ./drivers/fsl_clock.o
 .debug_aranges
                0x00000500       0x38 ./drivers/fsl_common_arm.o
 .debug_aranges
                0x00000538       0x90 ./drivers/fsl_flexcomm.o
 .debug_aranges
                0x000005c8       0x50 ./drivers/fsl_inputmux.o
 .debug_aranges
                0x00000618      0x160 ./drivers/fsl_pint.o
 .debug_aranges
                0x00000778       0xc8 ./drivers/fsl_power.o
 .debug_aranges
                0x00000840       0x30 ./drivers/fsl_reset.o
 .debug_aranges
                0x00000870       0x88 ./device/system_LPC55S69_cm33_core0.o
 .debug_aranges
                0x000008f8       0x30 ./board/board.o
 .debug_aranges
                0x00000928       0x50 ./board/clock_config.o
 .debug_aranges
                0x00000978       0x30 ./board/peripherals.o
 .debug_aranges
                0x000009a8       0x78 ./board/pin_mux.o
 .debug_aranges
                0x00000a20       0x20 C:/nxp/MCUXpressoIDE_25.6.136/ide/plugins/com.nxp.mcuxpresso.tools.win32_25.6.0.202501151204/tools/bin/../lib/gcc/arm-none-eabi/14.2.1/../../../../arm-none-eabi/lib/thumb/v8-m.main+fp/hard\libcr_semihost_nf.a(_cr__main.o)
 .debug_aranges
                0x00000a40       0x20 C:/nxp/MCUXpressoIDE_25.6.136/ide/plugins/com.nxp.mcuxpresso.tools.win32_25.6.0.202501151204/tools/bin/../lib/gcc/arm-none-eabi/14.2.1/../../../../arm-none-eabi/lib/thumb/v8-m.main+fp/hard\libcr_c.a(memset.o)
 .debug_aranges
                0x00000a60       0x40 C:/nxp/MCUXpressoIDE_25.6.136/ide/plugins/com.nxp.mcuxpresso.tools.win32_25.6.0.202501151204/tools/bin/../lib/gcc/arm-none-eabi/14.2.1/../../../../arm-none-eabi/lib/thumb/v8-m.main+fp/hard\libcr_c.a(alloc.o)
 .debug_aranges
                0x00000aa0       0x18 C:/nxp/MCUXpressoIDE_25.6.136/ide/plugins/com.nxp.mcuxpresso.tools.win32_25.6.0.202501151204/tools/bin/../lib/gcc/arm-none-eabi/14.2.1/../../../../arm-none-eabi/lib/thumb/v8-m.main+fp/hard\libcr_c.a(errno.o)
 .debug_aranges
                0x00000ab8       0x28 C:/nxp/MCUXpressoIDE_25.6.136/ide/plugins/com.nxp.mcuxpresso.tools.win32_25.6.0.202501151204/tools/bin/../lib/gcc/arm-none-eabi/14.2.1/../../../../arm-none-eabi/lib/thumb/v8-m.main+fp/hard\libcr_c.a(initio.o)
 .debug_aranges
                0x00000ae0       0x70 C:/nxp/MCUXpressoIDE_25.6.136/ide/plugins/com.nxp.mcuxpresso.tools.win32_25.6.0.202501151204/tools/bin/../lib/gcc/arm-none-eabi/14.2.1/../../../../arm-none-eabi/lib/thumb/v8-m.main+fp/hard\libcr_c.a(printf.o)
 .debug_aranges
                0x00000b50       0x20 C:/nxp/MCUXpressoIDE_25.6.136/ide/plugins/com.nxp.mcuxpresso.tools.win32_25.6.0.202501151204/tools/bin/../lib/gcc/arm-none-eabi/14.2.1/../../../../arm-none-eabi/lib/thumb/v8-m.main+fp/hard\libcr_c.a(setvbuf.o)
 .debug_aranges
                0x00000b70       0x20 C:/nxp/MCUXpressoIDE_25.6.136/ide/plugins/com.nxp.mcuxpresso.tools.win32_25.6.0.202501151204/tools/bin/../lib/gcc/arm-none-eabi/14.2.1/../../../../arm-none-eabi/lib/thumb/v8-m.main+fp/hard\libcr_c.a(strlen.o)
 .debug_aranges
                0x00000b90       0x20 C:/nxp/MCUXpressoIDE_25.6.136/ide/plugins/com.nxp.mcuxpresso.tools.win32_25.6.0.202501151204/tools/bin/../lib/gcc/arm-none-eabi/14.2.1/../../../../arm-none-eabi/lib/thumb/v8-m.main+fp/hard\libcr_c.a(__init_alloc.o)
 .debug_aranges
                0x00000bb0       0x20 C:/nxp/MCUXpressoIDE_25.6.136/ide/plugins/com.nxp.mcuxpresso.tools.win32_25.6.0.202501151204/tools/bin/../lib/gcc/arm-none-eabi/14.2.1/../../../../arm-none-eabi/lib/thumb/v8-m.main+fp/hard\libcr_c.a(_cr_sbrk.o)
 .debug_aranges
                0x00000bd0       0x28 C:/nxp/MCUXpressoIDE_25.6.136/ide/plugins/com.nxp.mcuxpresso.tools.win32_25.6.0.202501151204/tools/bin/../lib/gcc/arm-none-eabi/14.2.1/../../../../arm-none-eabi/lib/thumb/v8-m.main+fp/hard\libcr_c.a(_deferredlazyseek.o)
 .debug_aranges
                0x00000bf8       0x20 C:/nxp/MCUXpressoIDE_25.6.136/ide/plugins/com.nxp.mcuxpresso.tools.win32_25.6.0.202501151204/tools/bin/../lib/gcc/arm-none-eabi/14.2.1/../../../../arm-none-eabi/lib/thumb/v8-m.main+fp/hard\libcr_c.a(_fdopen.o)
 .debug_aranges
                0x00000c18       0x20 C:/nxp/MCUXpressoIDE_25.6.136/ide/plugins/com.nxp.mcuxpresso.tools.win32_25.6.0.202501151204/tools/bin/../lib/gcc/arm-none-eabi/14.2.1/../../../../arm-none-eabi/lib/thumb/v8-m.main+fp/hard\libcr_c.a(_fflush.o)
 .debug_aranges
                0x00000c38       0x20 C:/nxp/MCUXpressoIDE_25.6.136/ide/plugins/com.nxp.mcuxpresso.tools.win32_25.6.0.202501151204/tools/bin/../lib/gcc/arm-none-eabi/14.2.1/../../../../arm-none-eabi/lib/thumb/v8-m.main+fp/hard\libcr_c.a(_writebuf.o)
 .debug_aranges
                0x00000c58       0x20 C:/nxp/MCUXpressoIDE_25.6.136/ide/plugins/com.nxp.mcuxpresso.tools.win32_25.6.0.202501151204/tools/bin/../lib/gcc/arm-none-eabi/14.2.1/../../../../arm-none-eabi/lib/thumb/v8-m.main+fp/hard\libcr_c.a(fclose.o)
 .debug_aranges
                0x00000c78       0x20 C:/nxp/MCUXpressoIDE_25.6.136/ide/plugins/com.nxp.mcuxpresso.tools.win32_25.6.0.202501151204/tools/bin/../lib/gcc/arm-none-eabi/14.2.1/../../../../arm-none-eabi/lib/thumb/v8-m.main+fp/hard\libcr_c.a(fflush.o)
 .debug_aranges
                0x00000c98       0x20 C:/nxp/MCUXpressoIDE_25.6.136/ide/plugins/com.nxp.mcuxpresso.tools.win32_25.6.0.202501151204/tools/bin/../lib/gcc/arm-none-eabi/14.2.1/../../../../arm-none-eabi/lib/thumb/v8-m.main+fp/hard\libcr_c.a(fseek.o)
 .debug_aranges
                0x00000cb8       0x20 C:/nxp/MCUXpressoIDE_25.6.136/ide/plugins/com.nxp.mcuxpresso.tools.win32_25.6.0.202501151204/tools/bin/../lib/gcc/arm-none-eabi/14.2.1/../../../../arm-none-eabi/lib/thumb/v8-m.main+fp/hard\libcr_c.a(ftell.o)
 .debug_aranges
                0x00000cd8       0x28 C:/nxp/MCUXpressoIDE_25.6.136/ide/plugins/com.nxp.mcuxpresso.tools.win32_25.6.0.202501151204/tools/bin/../lib/gcc/arm-none-eabi/14.2.1/../../../../arm-none-eabi/lib/thumb/v8-m.main+fp/hard\libcr_c.a(remove.o)
 .debug_aranges
                0x00000d00       0x20 C:/nxp/MCUXpressoIDE_25.6.136/ide/plugins/com.nxp.mcuxpresso.tools.win32_25.6.0.202501151204/tools/bin/../lib/gcc/arm-none-eabi/14.2.1/../../../../arm-none-eabi/lib/thumb/v8-m.main+fp/hard\libcr_c.a(_cr_check_heap.o)
 .debug_aranges
                0x00000d20       0x20 C:/nxp/MCUXpressoIDE_25.6.136/ide/plugins/com.nxp.mcuxpresso.tools.win32_25.6.0.202501151204/tools/bin/../lib/gcc/arm-none-eabi/14.2.1/../../../../arm-none-eabi/lib/thumb/v8-m.main+fp/hard\libcr_c.a(_do_fflush.o)
 .debug_aranges
                0x00000d40       0x18 C:/nxp/MCUXpressoIDE_25.6.136/ide/plugins/com.nxp.mcuxpresso.tools.win32_25.6.0.202501151204/tools/bin/../lib/gcc/arm-none-eabi/14.2.1/../../../../arm-none-eabi/lib/thumb/v8-m.main+fp/hard\libcr_semihost_nf.a(__ciob.o)

.debug_ranges   0x00000000      0xcf8
 .debug_ranges  0x00000000       0x18 ./utilities/fsl_assert.o
 .debug_ranges  0x00000018      0x258 ./startup/startup_lpc55s69_cm33_core0.o
 .debug_ranges  0x00000270       0x18 ./source/LPC55S69_Project_lab3.o
 .debug_ranges  0x00000288       0x10 ./source/semihost_hardfault.o
 .debug_ranges  0x00000298      0x218 ./drivers/fsl_clock.o
 .debug_ranges  0x000004b0       0x28 ./drivers/fsl_common_arm.o
 .debug_ranges  0x000004d8       0x80 ./drivers/fsl_flexcomm.o
 .debug_ranges  0x00000558       0x40 ./drivers/fsl_inputmux.o
 .debug_ranges  0x00000598      0x150 ./drivers/fsl_pint.o
 .debug_ranges  0x000006e8       0xb8 ./drivers/fsl_power.o
 .debug_ranges  0x000007a0       0x20 ./drivers/fsl_reset.o
 .debug_ranges  0x000007c0       0x78 ./device/system_LPC55S69_cm33_core0.o
 .debug_ranges  0x00000838       0x20 ./board/board.o
 .debug_ranges  0x00000858       0x40 ./board/clock_config.o
 .debug_ranges  0x00000898       0x20 ./board/peripherals.o
 .debug_ranges  0x000008b8       0x68 ./board/pin_mux.o
 .debug_ranges  0x00000920       0x10 C:/nxp/MCUXpressoIDE_25.6.136/ide/plugins/com.nxp.mcuxpresso.tools.win32_25.6.0.202501151204/tools/bin/../lib/gcc/arm-none-eabi/14.2.1/../../../../arm-none-eabi/lib/thumb/v8-m.main+fp/hard\libcr_semihost_nf.a(_cr__main.o)
 .debug_ranges  0x00000930       0x10 C:/nxp/MCUXpressoIDE_25.6.136/ide/plugins/com.nxp.mcuxpresso.tools.win32_25.6.0.202501151204/tools/bin/../lib/gcc/arm-none-eabi/14.2.1/../../../../arm-none-eabi/lib/thumb/v8-m.main+fp/hard\libcr_c.a(memset.o)
 .debug_ranges  0x00000940       0x48 C:/nxp/MCUXpressoIDE_25.6.136/ide/plugins/com.nxp.mcuxpresso.tools.win32_25.6.0.202501151204/tools/bin/../lib/gcc/arm-none-eabi/14.2.1/../../../../arm-none-eabi/lib/thumb/v8-m.main+fp/hard\libcr_c.a(alloc.o)
 .debug_ranges  0x00000988       0x18 C:/nxp/MCUXpressoIDE_25.6.136/ide/plugins/com.nxp.mcuxpresso.tools.win32_25.6.0.202501151204/tools/bin/../lib/gcc/arm-none-eabi/14.2.1/../../../../arm-none-eabi/lib/thumb/v8-m.main+fp/hard\libcr_c.a(initio.o)
 .debug_ranges  0x000009a0      0x210 C:/nxp/MCUXpressoIDE_25.6.136/ide/plugins/com.nxp.mcuxpresso.tools.win32_25.6.0.202501151204/tools/bin/../lib/gcc/arm-none-eabi/14.2.1/../../../../arm-none-eabi/lib/thumb/v8-m.main+fp/hard\libcr_c.a(printf.o)
 .debug_ranges  0x00000bb0       0x10 C:/nxp/MCUXpressoIDE_25.6.136/ide/plugins/com.nxp.mcuxpresso.tools.win32_25.6.0.202501151204/tools/bin/../lib/gcc/arm-none-eabi/14.2.1/../../../../arm-none-eabi/lib/thumb/v8-m.main+fp/hard\libcr_c.a(setvbuf.o)
 .debug_ranges  0x00000bc0       0x10 C:/nxp/MCUXpressoIDE_25.6.136/ide/plugins/com.nxp.mcuxpresso.tools.win32_25.6.0.202501151204/tools/bin/../lib/gcc/arm-none-eabi/14.2.1/../../../../arm-none-eabi/lib/thumb/v8-m.main+fp/hard\libcr_c.a(strlen.o)
 .debug_ranges  0x00000bd0       0x10 C:/nxp/MCUXpressoIDE_25.6.136/ide/plugins/com.nxp.mcuxpresso.tools.win32_25.6.0.202501151204/tools/bin/../lib/gcc/arm-none-eabi/14.2.1/../../../../arm-none-eabi/lib/thumb/v8-m.main+fp/hard\libcr_c.a(__init_alloc.o)
 .debug_ranges  0x00000be0       0x10 C:/nxp/MCUXpressoIDE_25.6.136/ide/plugins/com.nxp.mcuxpresso.tools.win32_25.6.0.202501151204/tools/bin/../lib/gcc/arm-none-eabi/14.2.1/../../../../arm-none-eabi/lib/thumb/v8-m.main+fp/hard\libcr_c.a(_cr_sbrk.o)
 .debug_ranges  0x00000bf0       0x30 C:/nxp/MCUXpressoIDE_25.6.136/ide/plugins/com.nxp.mcuxpresso.tools.win32_25.6.0.202501151204/tools/bin/../lib/gcc/arm-none-eabi/14.2.1/../../../../arm-none-eabi/lib/thumb/v8-m.main+fp/hard\libcr_c.a(_deferredlazyseek.o)
 .debug_ranges  0x00000c20       0x10 C:/nxp/MCUXpressoIDE_25.6.136/ide/plugins/com.nxp.mcuxpresso.tools.win32_25.6.0.202501151204/tools/bin/../lib/gcc/arm-none-eabi/14.2.1/../../../../arm-none-eabi/lib/thumb/v8-m.main+fp/hard\libcr_c.a(_fdopen.o)
 .debug_ranges  0x00000c30       0x10 C:/nxp/MCUXpressoIDE_25.6.136/ide/plugins/com.nxp.mcuxpresso.tools.win32_25.6.0.202501151204/tools/bin/../lib/gcc/arm-none-eabi/14.2.1/../../../../arm-none-eabi/lib/thumb/v8-m.main+fp/hard\libcr_c.a(_fflush.o)
 .debug_ranges  0x00000c40       0x10 C:/nxp/MCUXpressoIDE_25.6.136/ide/plugins/com.nxp.mcuxpresso.tools.win32_25.6.0.202501151204/tools/bin/../lib/gcc/arm-none-eabi/14.2.1/../../../../arm-none-eabi/lib/thumb/v8-m.main+fp/hard\libcr_c.a(_writebuf.o)
 .debug_ranges  0x00000c50       0x10 C:/nxp/MCUXpressoIDE_25.6.136/ide/plugins/com.nxp.mcuxpresso.tools.win32_25.6.0.202501151204/tools/bin/../lib/gcc/arm-none-eabi/14.2.1/../../../../arm-none-eabi/lib/thumb/v8-m.main+fp/hard\libcr_c.a(fclose.o)
 .debug_ranges  0x00000c60       0x28 C:/nxp/MCUXpressoIDE_25.6.136/ide/plugins/com.nxp.mcuxpresso.tools.win32_25.6.0.202501151204/tools/bin/../lib/gcc/arm-none-eabi/14.2.1/../../../../arm-none-eabi/lib/thumb/v8-m.main+fp/hard\libcr_c.a(fflush.o)
 .debug_ranges  0x00000c88       0x10 C:/nxp/MCUXpressoIDE_25.6.136/ide/plugins/com.nxp.mcuxpresso.tools.win32_25.6.0.202501151204/tools/bin/../lib/gcc/arm-none-eabi/14.2.1/../../../../arm-none-eabi/lib/thumb/v8-m.main+fp/hard\libcr_c.a(fseek.o)
 .debug_ranges  0x00000c98       0x10 C:/nxp/MCUXpressoIDE_25.6.136/ide/plugins/com.nxp.mcuxpresso.tools.win32_25.6.0.202501151204/tools/bin/../lib/gcc/arm-none-eabi/14.2.1/../../../../arm-none-eabi/lib/thumb/v8-m.main+fp/hard\libcr_c.a(ftell.o)
 .debug_ranges  0x00000ca8       0x18 C:/nxp/MCUXpressoIDE_25.6.136/ide/plugins/com.nxp.mcuxpresso.tools.win32_25.6.0.202501151204/tools/bin/../lib/gcc/arm-none-eabi/14.2.1/../../../../arm-none-eabi/lib/thumb/v8-m.main+fp/hard\libcr_c.a(remove.o)
 .debug_ranges  0x00000cc0       0x10 C:/nxp/MCUXpressoIDE_25.6.136/ide/plugins/com.nxp.mcuxpresso.tools.win32_25.6.0.202501151204/tools/bin/../lib/gcc/arm-none-eabi/14.2.1/../../../../arm-none-eabi/lib/thumb/v8-m.main+fp/hard\libcr_c.a(_cr_check_heap.o)
 .debug_ranges  0x00000cd0       0x28 C:/nxp/MCUXpressoIDE_25.6.136/ide/plugins/com.nxp.mcuxpresso.tools.win32_25.6.0.202501151204/tools/bin/../lib/gcc/arm-none-eabi/14.2.1/../../../../arm-none-eabi/lib/thumb/v8-m.main+fp/hard\libcr_c.a(_do_fflush.o)

.debug_macro    0x00000000     0x4844
 .debug_macro   0x00000000      0x345 ./utilities/fsl_assert.o
 .debug_macro   0x00000345       0x1c ./utilities/fsl_assert.o
 .debug_macro   0x00000361       0x22 ./utilities/fsl_assert.o
 .debug_macro   0x00000383       0x29 ./startup/startup_lpc55s69_cm33_core0.o
 .debug_macro   0x000003ac      0x398 ./source/LPC55S69_Project_lab3.o
 .debug_macro   0x00000744       0xd8 ./source/LPC55S69_Project_lab3.o
 .debug_macro   0x0000081c      0x4a0 ./source/LPC55S69_Project_lab3.o
 .debug_macro   0x00000cbc       0x10 ./source/LPC55S69_Project_lab3.o
 .debug_macro   0x00000ccc       0xfe ./source/LPC55S69_Project_lab3.o
 .debug_macro   0x00000dca      0x1d4 ./source/LPC55S69_Project_lab3.o
 .debug_macro   0x00000f9e       0x6a ./source/LPC55S69_Project_lab3.o
 .debug_macro   0x00001008       0x16 ./source/LPC55S69_Project_lab3.o
 .debug_macro   0x0000101e      0x415 ./source/LPC55S69_Project_lab3.o
 .debug_macro   0x00001433       0x11 ./source/semihost_hardfault.o
 .debug_macro   0x00001444      0x399 ./drivers/fsl_clock.o
 .debug_macro   0x000017dd      0x304 ./drivers/fsl_clock.o
 .debug_macro   0x00001ae1      0x2fa ./drivers/fsl_common_arm.o
 .debug_macro   0x00001ddb      0x303 ./drivers/fsl_flexcomm.o
 .debug_macro   0x000020de       0x10 ./drivers/fsl_flexcomm.o
 .debug_macro   0x000020ee      0x313 ./drivers/fsl_inputmux.o
 .debug_macro   0x00002401       0x94 ./drivers/fsl_inputmux.o
 .debug_macro   0x00002495      0x315 ./drivers/fsl_pint.o
 .debug_macro   0x000027aa       0x64 ./drivers/fsl_pint.o
 .debug_macro   0x0000280e      0x5ce ./drivers/fsl_power.o
 .debug_macro   0x00002ddc      0x2fa ./drivers/fsl_reset.o
 .debug_macro   0x000030d6      0x27f ./device/system_LPC55S69_cm33_core0.o
 .debug_macro   0x00003355      0x36f ./board/board.o
 .debug_macro   0x000036c4      0x4a6 ./board/board.o
 .debug_macro   0x00003b6a      0x31a ./board/clock_config.o
 .debug_macro   0x00003e84      0x2fe ./board/clock_config.o
 .debug_macro   0x00004182      0x30c ./board/peripherals.o
 .debug_macro   0x0000448e      0x328 ./board/pin_mux.o
 .debug_macro   0x000047b6       0x8e ./board/pin_mux.o

.debug_line     0x00000000     0xd25d
 .debug_line    0x00000000      0x8d1 ./utilities/fsl_assert.o
 .debug_line    0x000008d1      0x794 ./startup/startup_lpc55s69_cm33_core0.o
 .debug_line    0x00001065      0x963 ./source/LPC55S69_Project_lab3.o
 .debug_line    0x000019c8       0x59 ./source/semihost_hardfault.o
 .debug_line    0x00001a21     0x1bc4 ./drivers/fsl_clock.o
 .debug_line    0x000035e5      0x7b9 ./drivers/fsl_common_arm.o
 .debug_line    0x00003d9e      0x9ec ./drivers/fsl_flexcomm.o
 .debug_line    0x0000478a      0x87b ./drivers/fsl_inputmux.o
 .debug_line    0x00005005     0x103c ./drivers/fsl_pint.o
 .debug_line    0x00006041     0x12c8 ./drivers/fsl_power.o
 .debug_line    0x00007309      0x7bd ./drivers/fsl_reset.o
 .debug_line    0x00007ac6      0xaee ./device/system_LPC55S69_cm33_core0.o
 .debug_line    0x000085b4      0x90f ./board/board.o
 .debug_line    0x00008ec3      0x894 ./board/clock_config.o
 .debug_line    0x00009757      0x7b0 ./board/peripherals.o
 .debug_line    0x00009f07      0xa78 ./board/pin_mux.o
 .debug_line    0x0000a97f       0xc4 C:/nxp/MCUXpressoIDE_25.6.136/ide/plugins/com.nxp.mcuxpresso.tools.win32_25.6.0.202501151204/tools/bin/../lib/gcc/arm-none-eabi/14.2.1/../../../../arm-none-eabi/lib/thumb/v8-m.main+fp/hard\libcr_semihost_nf.a(_cr__main.o)
 .debug_line    0x0000aa43       0x7b C:/nxp/MCUXpressoIDE_25.6.136/ide/plugins/com.nxp.mcuxpresso.tools.win32_25.6.0.202501151204/tools/bin/../lib/gcc/arm-none-eabi/14.2.1/../../../../arm-none-eabi/lib/thumb/v8-m.main+fp/hard\libcr_c.a(memset.o)
 .debug_line    0x0000aabe      0x37d C:/nxp/MCUXpressoIDE_25.6.136/ide/plugins/com.nxp.mcuxpresso.tools.win32_25.6.0.202501151204/tools/bin/../lib/gcc/arm-none-eabi/14.2.1/../../../../arm-none-eabi/lib/thumb/v8-m.main+fp/hard\libcr_c.a(alloc.o)
 .debug_line    0x0000ae3b       0x4e C:/nxp/MCUXpressoIDE_25.6.136/ide/plugins/com.nxp.mcuxpresso.tools.win32_25.6.0.202501151204/tools/bin/../lib/gcc/arm-none-eabi/14.2.1/../../../../arm-none-eabi/lib/thumb/v8-m.main+fp/hard\libcr_c.a(errno.o)
 .debug_line    0x0000ae89      0x149 C:/nxp/MCUXpressoIDE_25.6.136/ide/plugins/com.nxp.mcuxpresso.tools.win32_25.6.0.202501151204/tools/bin/../lib/gcc/arm-none-eabi/14.2.1/../../../../arm-none-eabi/lib/thumb/v8-m.main+fp/hard\libcr_c.a(initio.o)
 .debug_line    0x0000afd2     0x106f C:/nxp/MCUXpressoIDE_25.6.136/ide/plugins/com.nxp.mcuxpresso.tools.win32_25.6.0.202501151204/tools/bin/../lib/gcc/arm-none-eabi/14.2.1/../../../../arm-none-eabi/lib/thumb/v8-m.main+fp/hard\libcr_c.a(printf.o)
 .debug_line    0x0000c041       0xec C:/nxp/MCUXpressoIDE_25.6.136/ide/plugins/com.nxp.mcuxpresso.tools.win32_25.6.0.202501151204/tools/bin/../lib/gcc/arm-none-eabi/14.2.1/../../../../arm-none-eabi/lib/thumb/v8-m.main+fp/hard\libcr_c.a(setvbuf.o)
 .debug_line    0x0000c12d      0x109 C:/nxp/MCUXpressoIDE_25.6.136/ide/plugins/com.nxp.mcuxpresso.tools.win32_25.6.0.202501151204/tools/bin/../lib/gcc/arm-none-eabi/14.2.1/../../../../arm-none-eabi/lib/thumb/v8-m.main+fp/hard\libcr_c.a(strlen.o)
 .debug_line    0x0000c236       0x59 C:/nxp/MCUXpressoIDE_25.6.136/ide/plugins/com.nxp.mcuxpresso.tools.win32_25.6.0.202501151204/tools/bin/../lib/gcc/arm-none-eabi/14.2.1/../../../../arm-none-eabi/lib/thumb/v8-m.main+fp/hard\libcr_c.a(__init_alloc.o)
 .debug_line    0x0000c28f       0xfa C:/nxp/MCUXpressoIDE_25.6.136/ide/plugins/com.nxp.mcuxpresso.tools.win32_25.6.0.202501151204/tools/bin/../lib/gcc/arm-none-eabi/14.2.1/../../../../arm-none-eabi/lib/thumb/v8-m.main+fp/hard\libcr_c.a(_cr_sbrk.o)
 .debug_line    0x0000c389      0x2ff C:/nxp/MCUXpressoIDE_25.6.136/ide/plugins/com.nxp.mcuxpresso.tools.win32_25.6.0.202501151204/tools/bin/../lib/gcc/arm-none-eabi/14.2.1/../../../../arm-none-eabi/lib/thumb/v8-m.main+fp/hard\libcr_c.a(_deferredlazyseek.o)
 .debug_line    0x0000c688      0x11c C:/nxp/MCUXpressoIDE_25.6.136/ide/plugins/com.nxp.mcuxpresso.tools.win32_25.6.0.202501151204/tools/bin/../lib/gcc/arm-none-eabi/14.2.1/../../../../arm-none-eabi/lib/thumb/v8-m.main+fp/hard\libcr_c.a(_fdopen.o)
 .debug_line    0x0000c7a4      0x11f C:/nxp/MCUXpressoIDE_25.6.136/ide/plugins/com.nxp.mcuxpresso.tools.win32_25.6.0.202501151204/tools/bin/../lib/gcc/arm-none-eabi/14.2.1/../../../../arm-none-eabi/lib/thumb/v8-m.main+fp/hard\libcr_c.a(_fflush.o)
 .debug_line    0x0000c8c3      0x138 C:/nxp/MCUXpressoIDE_25.6.136/ide/plugins/com.nxp.mcuxpresso.tools.win32_25.6.0.202501151204/tools/bin/../lib/gcc/arm-none-eabi/14.2.1/../../../../arm-none-eabi/lib/thumb/v8-m.main+fp/hard\libcr_c.a(_writebuf.o)
 .debug_line    0x0000c9fb      0x10e C:/nxp/MCUXpressoIDE_25.6.136/ide/plugins/com.nxp.mcuxpresso.tools.win32_25.6.0.202501151204/tools/bin/../lib/gcc/arm-none-eabi/14.2.1/../../../../arm-none-eabi/lib/thumb/v8-m.main+fp/hard\libcr_c.a(fclose.o)
 .debug_line    0x0000cb09       0xe1 C:/nxp/MCUXpressoIDE_25.6.136/ide/plugins/com.nxp.mcuxpresso.tools.win32_25.6.0.202501151204/tools/bin/../lib/gcc/arm-none-eabi/14.2.1/../../../../arm-none-eabi/lib/thumb/v8-m.main+fp/hard\libcr_c.a(fflush.o)
 .debug_line    0x0000cbea      0x236 C:/nxp/MCUXpressoIDE_25.6.136/ide/plugins/com.nxp.mcuxpresso.tools.win32_25.6.0.202501151204/tools/bin/../lib/gcc/arm-none-eabi/14.2.1/../../../../arm-none-eabi/lib/thumb/v8-m.main+fp/hard\libcr_c.a(fseek.o)
 .debug_line    0x0000ce20      0x10a C:/nxp/MCUXpressoIDE_25.6.136/ide/plugins/com.nxp.mcuxpresso.tools.win32_25.6.0.202501151204/tools/bin/../lib/gcc/arm-none-eabi/14.2.1/../../../../arm-none-eabi/lib/thumb/v8-m.main+fp/hard\libcr_c.a(ftell.o)
 .debug_line    0x0000cf2a       0xec C:/nxp/MCUXpressoIDE_25.6.136/ide/plugins/com.nxp.mcuxpresso.tools.win32_25.6.0.202501151204/tools/bin/../lib/gcc/arm-none-eabi/14.2.1/../../../../arm-none-eabi/lib/thumb/v8-m.main+fp/hard\libcr_c.a(remove.o)
 .debug_line    0x0000d016       0x61 C:/nxp/MCUXpressoIDE_25.6.136/ide/plugins/com.nxp.mcuxpresso.tools.win32_25.6.0.202501151204/tools/bin/../lib/gcc/arm-none-eabi/14.2.1/../../../../arm-none-eabi/lib/thumb/v8-m.main+fp/hard\libcr_c.a(_cr_check_heap.o)
 .debug_line    0x0000d077       0xfc C:/nxp/MCUXpressoIDE_25.6.136/ide/plugins/com.nxp.mcuxpresso.tools.win32_25.6.0.202501151204/tools/bin/../lib/gcc/arm-none-eabi/14.2.1/../../../../arm-none-eabi/lib/thumb/v8-m.main+fp/hard\libcr_c.a(_do_fflush.o)
 .debug_line    0x0000d173       0xea C:/nxp/MCUXpressoIDE_25.6.136/ide/plugins/com.nxp.mcuxpresso.tools.win32_25.6.0.202501151204/tools/bin/../lib/gcc/arm-none-eabi/14.2.1/../../../../arm-none-eabi/lib/thumb/v8-m.main+fp/hard\libcr_semihost_nf.a(__ciob.o)

.debug_str      0x00000000    0xc7bb7
 .debug_str     0x00000000    0xc7bb7 ./utilities/fsl_assert.o
                              0xb66eb (size before relaxing)
 .debug_str     0x000c7bb7     0x3669 ./startup/startup_lpc55s69_cm33_core0.o
 .debug_str     0x000c7bb7    0xbad3d ./source/LPC55S69_Project_lab3.o
 .debug_str     0x000c7bb7     0x2f6b ./source/semihost_hardfault.o
 .debug_str     0x000c7bb7    0xba8cf ./drivers/fsl_clock.o
 .debug_str     0x000c7bb7    0xb5a8c ./drivers/fsl_common_arm.o
 .debug_str     0x000c7bb7    0xb7f07 ./drivers/fsl_flexcomm.o
 .debug_str     0x000c7bb7    0xba95c ./drivers/fsl_inputmux.o
 .debug_str     0x000c7bb7    0xb8a05 ./drivers/fsl_pint.o
 .debug_str     0x000c7bb7    0xbac68 ./drivers/fsl_power.o
 .debug_str     0x000c7bb7    0xb66c0 ./drivers/fsl_reset.o
 .debug_str     0x000c7bb7    0xb32e2 ./device/system_LPC55S69_cm33_core0.o
 .debug_str     0x000c7bb7    0xbabb1 ./board/board.o
 .debug_str     0x000c7bb7    0xba3d8 ./board/clock_config.o
 .debug_str     0x000c7bb7    0xb5e61 ./board/peripherals.o
 .debug_str     0x000c7bb7    0xbb0bf ./board/pin_mux.o