C:\MCUExpresso files\LPC55S69_Project_lab3\CMSIS/core_cm33.h:2358:22:__NVIC_EnableIRQ	16	static
C:\MCUExpresso files\LPC55S69_Project_lab3\CMSIS/core_cm33.h:2396:22:__NVIC_DisableIRQ	16	static
C:\MCUExpresso files\LPC55S69_Project_lab3\CMSIS/core_cm33.h:2449:22:__NVIC_ClearPendingIRQ	16	static
../drivers/fsl_clock.h:983:20:CLOCK_EnableClock	24	static
../drivers/fsl_clock.h:993:20:CLOCK_DisableClock	24	static
../drivers/fsl_reset.h:306:20:RESET_ReleasePeripheralReset	16	static
../drivers/fsl_common_arm.h:672:24:EnableIRQ	24	static
../drivers/fsl_common_arm.h:722:24:DisableIRQ	24	static
../drivers/fsl_pint.h:289:24:PINT_PinInterruptGetStatus	16	static
../drivers/fsl_pint.h:330:20:PINT_PinInterruptClrFallFlag	16	static
../drivers/fsl_pint.h:345:24:PINT_PinInterruptGetFallFlag	16	static
../drivers/fsl_pint.h:389:20:PINT_PinInterruptClrRiseFlag	16	static
../drivers/fsl_pint.h:404:24:PINT_PinInterruptGetRiseFlag	16	static
../drivers/fsl_pint.h:489:24:PINT_PatternMatchGetStatusAll	16	static
../drivers/fsl_pint.c:76:17:PINT_GetInstance	24	static
../drivers/fsl_pint.c:101:6:PINT_Init	32	static
../drivers/fsl_pint.c:206:6:PINT_SetCallback	24	static
../drivers/fsl_pint.c:240:6:PINT_PinInterruptConfig	16	static
../drivers/fsl_pint.c:304:6:PINT_PinInterruptGetConfig	32	static
../drivers/fsl_pint.c:386:6:PINT_PatternMatchConfig	48	static
../drivers/fsl_pint.c:455:6:PINT_PatternMatchGetConfig	40	static
../drivers/fsl_pint.c:511:10:PINT_PatternMatchResetDetectLogic	32	static
../drivers/fsl_pint.c:538:6:PINT_PinInterruptClrStatus	24	static
../drivers/fsl_pint.c:559:6:PINT_PinInterruptClrStatusAll	40	static
../drivers/fsl_pint.c:604:6:PINT_EnableCallback	24	static
../drivers/fsl_pint.c:652:6:PINT_EnableCallbackByIndex	16	static
../drivers/fsl_pint.c:686:6:PINT_DisableCallback	24	static
../drivers/fsl_pint.c:734:6:PINT_DisableCallbackByIndex	24	static
../drivers/fsl_pint.c:771:6:PINT_Deinit	24	static
../drivers/fsl_pint.c:847:13:PINT_CommonIRQHanlder	32	static
../drivers/fsl_pint.c:894:6:SEC_GPIO_INT0_IRQ0_DriverIRQHandler	8	static
../drivers/fsl_pint.c:903:6:SEC_GPIO_INT0_IRQ1_DriverIRQHandler	8	static
../drivers/fsl_pint.c:912:6:PINT0_DriverIRQHandler	24	static
../drivers/fsl_pint.c:928:6:PIN_INT0_DriverIRQHandler	8	static
../drivers/fsl_pint.c:936:6:PIN_INT1_DriverIRQHandler	8	static
../drivers/fsl_pint.c:945:6:PIN_INT2_DriverIRQHandler	8	static
../drivers/fsl_pint.c:954:6:PIN_INT3_DriverIRQHandler	8	static
../drivers/fsl_pint.c:963:6:PIN_INT4_DriverIRQHandler	8	static
../drivers/fsl_pint.c:976:6:PIN_INT5_DriverIRQHandler	8	static
../drivers/fsl_pint.c:990:6:PIN_INT6_DriverIRQHandler	8	static
../drivers/fsl_pint.c:1004:6:PIN_INT7_DriverIRQHandler	8	static
