C:\MCUExpresso files\Lab3\device\periph/PERI_SYSCON.h:3835:24:Chip_GetVersion	16	static
C:\MCUExpresso files\Lab3\drivers/fsl_clock.h:983:20:CLOCK_EnableClock	24	static
C:\MCUExpresso files\Lab3\drivers/fsl_iocon.h:182:22:IOCON_PinMuxSet	24	static
../board/pin_mux.c:32:6:BOARD_InitBootPins	8	static
../board/pin_mux.c:60:6:BOARD_InitDEBUG_UARTPins	16	static
../board/pin_mux.c:154:6:BOARD_InitSWD_DEBUGPins	32	static
../board/pin_mux.c:287:6:BOARD_InitUSBPins	32	static
../board/pin_mux.c:391:6:BOARD_InitLEDsPins	32	static
../board/pin_mux.c:490:6:BOARD_InitBUTTONsPins	40	static
../board/pin_mux.c:627:6:BOARD_InitI2SPins	48	static
../board/pin_mux.c:793:6:BOARD_InitACCELPins	24	static
../board/pin_mux.c:874:6:Board_InitPins	8	static
