../device/system_LPC55S69_cm33_core0.c:63:17:findPll0PreDiv	16	static
../device/system_LPC55S69_cm33_core0.c:80:17:findPll0PostDiv	16	static
../device/system_LPC55S69_cm33_core0.c:103:14:findPll0MMult	24	static
../device/system_LPC55S69_cm33_core0.c:129:17:findPll1PreDiv	16	static
../device/system_LPC55S69_cm33_core0.c:146:17:findPll1PostDiv	16	static
../device/system_LPC55S69_cm33_core0.c:169:17:findPll1MMult	16	static
../device/system_LPC55S69_cm33_core0.c:186:17:GetFro12MFreq	4	static
../device/system_LPC55S69_cm33_core0.c:195:17:GetFro1MFreq	4	static
../device/system_LPC55S69_cm33_core0.c:204:17:GetExtClkFreq	4	static
../device/system_LPC55S69_cm33_core0.c:213:17:GetFroHfFreq	4	static
../device/system_LPC55S69_cm33_core0.c:222:17:GetOsc32KFreq	4	static
../device/system_LPC55S69_cm33_core0.c:243:29:SystemInit	8	static
../device/system_LPC55S69_cm33_core0.c:282:6:SystemCoreClockUpdate	96	static
../device/system_LPC55S69_cm33_core0.c:383:29:SystemInitHook	4	static
