09:16:44 **** Build of configuration Debug for project Lab3 ****
make -r -j8 all 
Building file: ../utilities/str/fsl_str.c
Building file: ../utilities/debug_console/fsl_debug_console.c
Building file: ../utilities/fsl_assert.c
Building file: ../startup/boot_multicore_slave.c
Invoking: MCU C Compiler
Invoking: MCU C Compiler
Invoking: MCU C Compiler
Building file: ../startup/startup_lpc55s69_cm33_core0.c
arm-none-eabi-gcc -D__REDLIB__ -DCPU_LPC55S69JBD100 -DCPU_LPC55S69JBD100_cm33 -DCPU_LPC55S69JBD100_cm33_core0 -DSERIAL_PORT_TYPE_UART=1 -DSDK_DEBUGCONSOLE=0 -DCR_INTEGER_PRINTF -DPRINTF_FLOAT_ENABLE=0 -D__MCUXPRESSO -D__USE_CMSIS -DDEBUG -I"C:\MCUExpresso files\Lab3\board" -I"C:\MCUExpresso files\Lab3\source" -I"C:\MCUExpresso files\Lab3\utilities\debug_console" -I"C:\MCUExpresso files\Lab3\utilities\debug_console\config" -I"C:\MCUExpresso files\Lab3\drivers" -I"C:\MCUExpresso files\Lab3\component\uart" -I"C:\MCUExpresso files\Lab3\component\serial_manager" -I"C:\MCUExpresso files\Lab3\utilities\str" -I"C:\MCUExpresso files\Lab3\device" -I"C:\MCUExpresso files\Lab3\device\periph" -I"C:\MCUExpresso files\Lab3\CMSIS" -I"C:\MCUExpresso files\Lab3\CMSIS\m-profile" -I"C:\MCUExpresso files\Lab3\component\lists" -I"C:\MCUExpresso files\Lab3\utilities" -O0 -fno-common -g3 -gdwarf-4 -Wall -c -ffunction-sections -fdata-sections -fno-builtin -fmerge-constants -fmacro-prefix-map="../utilities/str/"= -mcpu=cortex-m33 -mfpu=fpv5-sp-d16 -mfloat-abi=hard -mthumb -D__REDLIB__ -fstack-usage -specs=redlib.specs -MMD -MP -MF"utilities/str/fsl_str.d" -MT"utilities/str/fsl_str.o" -MT"utilities/str/fsl_str.d" -o "utilities/str/fsl_str.o" "../utilities/str/fsl_str.c"
Building file: ../source/Lab3.c
Invoking: MCU C Compiler
arm-none-eabi-gcc -D__REDLIB__ -DCPU_LPC55S69JBD100 -DCPU_LPC55S69JBD100_cm33 -DCPU_LPC55S69JBD100_cm33_core0 -DSERIAL_PORT_TYPE_UART=1 -DSDK_DEBUGCONSOLE=0 -DCR_INTEGER_PRINTF -DPRINTF_FLOAT_ENABLE=0 -D__MCUXPRESSO -D__USE_CMSIS -DDEBUG -I"C:\MCUExpresso files\Lab3\board" -I"C:\MCUExpresso files\Lab3\source" -I"C:\MCUExpresso files\Lab3\utilities\debug_console" -I"C:\MCUExpresso files\Lab3\utilities\debug_console\config" -I"C:\MCUExpresso files\Lab3\drivers" -I"C:\MCUExpresso files\Lab3\component\uart" -I"C:\MCUExpresso files\Lab3\component\serial_manager" -I"C:\MCUExpresso files\Lab3\utilities\str" -I"C:\MCUExpresso files\Lab3\device" -I"C:\MCUExpresso files\Lab3\device\periph" -I"C:\MCUExpresso files\Lab3\CMSIS" -I"C:\MCUExpresso files\Lab3\CMSIS\m-profile" -I"C:\MCUExpresso files\Lab3\component\lists" -I"C:\MCUExpresso files\Lab3\utilities" -O0 -fno-common -g3 -gdwarf-4 -Wall -c -ffunction-sections -fdata-sections -fno-builtin -fmerge-constants -fmacro-prefix-map="../utilities/debug_console/"= -mcpu=corteBuilding file: ../source/semihost_hardfault.c
x-m33 -mfpu=fpv5-sp-d16 -mfloat-abi=hard -mthumb -D__REDLIB__ -fstack-usage -specs=redlib.specs -MMD -MP -MF"utilities/debug_console/fsl_debug_console.d" -MT"utilities/debug_console/fsl_debug_console.o" -MT"utilities/debug_console/fsl_debug_console.d" -o "utilities/debug_console/fsl_debug_console.o" "../utilities/debug_console/fsl_debug_console.c"
Building file: ../drivers/fsl_clock.c
arm-none-eabi-gcc -D__REDLIB__ -DCPU_LPC55S69JBD100 -DCPU_LPC55S69JBD100_cm33 -DCPU_LPC55S69JBD100_cm33_core0 -DSERIAL_PORT_TYPE_UART=1 -DSDK_DEBUGCONSOLE=0 -DCR_INTEGER_PRINTF -DPRINTF_FLOAT_ENABLE=0 -D__MCUXPRESSO -D__USE_CMSIS -DDEBUG -I"C:\MCUExpresso files\Lab3\board" -I"C:\MCUExpresso files\Lab3\source" -I"C:\MCUExpresso files\Lab3\utilities\debug_console" -I"C:\MCUExpresso files\Lab3\utilities\debug_console\config" -I"C:\MCUExpresso files\Lab3\drivers" -I"C:\MCUExpresso files\Lab3\component\uart" -I"C:\MCUExpresso files\Lab3\component\serial_manager" -I"C:\MCUExpresso files\Lab3\utilities\str" -I"C:\MCUExpresso files\Lab3\device" -I"C:\MCUExpresso files\Lab3\device\periph" -I"C:\MCUExpresso files\Lab3\CMSIS" -I"C:\MCUExpresso files\Lab3\CMSIS\m-profile" -I"C:\MCUExpresso files\Lab3\component\lists" -I"C:\MCUExpresso files\Lab3\utilities" -O0 -fno-common -g3 -gdwarf-4 -Wall -c -ffunction-sections -fdata-sections -fno-builtin -fmerge-constants -fmacro-prefix-map="../utilities/"= -mcpu=cortex-m33 -mfpu=fpv5-sp-d16 -mfloat-abi=hard -mthumb -D__REDLIB__ -fstack-usage -specs=redlib.specs -MMD -MP -MF"utilities/fsl_assert.d" -MT"utilities/fsl_assert.o" -MT"utilities/fsl_assert.d" -o "utilities/fsl_assert.o" "../utilities/fsl_assert.c"
arm-none-eabi-gcc -D__REDLIB__ -DCPU_LPC55S69JBD100 -DCPU_LPC55S69JBD100_cm33 -DCPU_LPC55S69JBD100_cm33_core0 -DSERIAL_PORT_TYPE_UART=1 -DSDK_DEBUGCONSOLE=0 -DCR_INTEGER_PRINTF -DPRINTF_FLOAT_ENABLE=0 -D__MCUXPRESSO -D__USE_CMSIS -DDEBUG -I"C:\MCUExpresso files\Lab3\board" -I"C:\MCUExpresso files\Lab3\source" -I"C:\MCUExpresso files\Lab3\utilities\debug_console" -I"C:\MCUExpresso files\Lab3\utilities\debug_console\config" -I"C:\MCUExpresso files\Lab3\drivers" -I"C:\MCUExpresso files\Lab3\component\uart" -I"C:\MCUExpresso files\Lab3\component\serial_manager" -I"C:\MCUExpresso files\Lab3\utilities\str" -I"C:\MCUExpresso files\Lab3\device" -I"C:\MCUExpresso files\Lab3\device\periph" -I"C:\MCUExpresso files\Lab3\CMSIS" -I"C:\MCUExpresso files\Lab3\CMSIS\m-profile" -I"C:\MCUExpresso files\Lab3\component\lists" -I"C:\MCUExpresso files\Lab3\utilities" -O0 -fno-common -g3 -gdwarf-4 -Wall -c -ffunction-sections -fdata-sections -fno-builtin -fmerge-constants -fmacro-prefix-map="../startup/"= -mcpu=cortex-m33 -mfpu=fpv5-sp-d16 -mfloat-abi=hard -mthumb -D__REDLIB__ -fstack-usage -specs=redlib.specs -MMD -MP -MF"startup/boot_multicore_slave.d" -MT"startup/boot_multicore_slave.o" -MT"startup/boot_multicore_slave.d" -o "startup/boot_multicore_slave.o" "../startup/boot_multicore_slave.c"
Invoking: MCU C Compiler
Invoking: MCU C Compiler
Invoking: MCU C Compiler
Invoking: MCU C Compiler
arm-none-eabi-gcc -D__REDLIB__ -DCPU_LPC55S69JBD100 -DCPU_LPC55S69JBD100_cm33 -DCPU_LPC55S69JBD100_cm33_core0 -DSERIAL_PORT_TYPE_UART=1 -DSDK_DEBUGCONSOLE=0 -DCR_INTEGER_PRINTF -DPRINTF_FLOAT_ENABLE=0 -D__MCUXPRESSO -D__USE_CMSIS -DDEBUG -I"C:\MCUExpresso files\Lab3\board" -I"C:\MCUExpresso files\Lab3\source" -I"C:\MCUExpresso files\Lab3\utilities\debug_console" -I"C:\MCUExpresso files\Lab3\utilities\debug_console\config" -I"C:\MCUExpresso files\Lab3\drivers" -I"C:\MCUExpresso files\Lab3\component\uart" -I"C:\MCUExpresso files\Lab3\component\serial_manager" -I"C:\MCUExpresso files\Lab3\utilities\str" -I"C:\MCUExpresso files\Lab3\device" -I"C:\MCUExpresso files\Lab3\device\periph" -I"C:\MCUExpresso files\Lab3\CMSIS" -I"C:\MCUExpresso files\Lab3\CMSIS\m-profile" -I"C:\MCUExpresso files\Lab3\component\lists" -I"C:\MCUExpresso files\Lab3\utilities" -O0 -fno-common -g3 -gdwarf-4 -Wall -c -ffunction-sections -fdata-sections -fno-builtin -fmerge-constants -fmacro-prefix-map="../source/"= -mcpu=cortex-m33 -mfpu=fpv5-sp-d16 -mfloat-abi=hard -mthumb -D__REDLIB__ -fstack-usage -specs=redlib.specs -MMD -MP -MF"source/Lab3.d" -MT"source/Lab3.o" -MT"source/Lab3.d" -o "source/Lab3.o" "../source/Lab3.c"
arm-none-eabi-gcc -D__REDLIB__ -DCPU_LPC55S69JBD100 -DCPU_LPC55S69JBD100_cm33 -DCPU_LPC55S69JBD100_cm33_core0 -DSERIAL_PORT_TYPE_UART=1 -DSDK_DEBUGCONSOLE=0 -DCR_INTEGER_PRINTF -DPRINTF_FLOAT_ENABLE=0 -D__MCUXPRESSO -D__USE_CMSIS -DDEBUG -I"C:\MCUExpresso files\Lab3\board" -I"C:\MCUExpresso files\Lab3\source" -I"C:\MCUExpresso files\Lab3\utilities\debug_console" -I"C:\MCUExpresso files\Lab3\utilities\debug_console\config" -I"C:\MCUExpresso files\Lab3\drivers" -I"C:\MCUExpresso files\Lab3\component\uart" -I"C:\MCUExpresso files\Lab3\component\serial_manager" -I"C:\MCUExpresso files\Lab3\utilities\str" -I"C:\MCUExpresso files\Lab3\device" -I"C:\MCUExpresso files\Lab3\device\periph" -I"C:\MCUExpresso files\Lab3\CMSIS" -I"C:\MCUExpresso files\Lab3\CMSIS\m-profile" -I"C:\MCUExpresso files\Lab3\component\lists" -I"C:\MCUExpresso files\Lab3\utilities" -O0 -fno-common -g3 -gdwarf-4 -Wall -c -ffunction-sections -fdata-sections -fno-builtin -fmerge-constants -fmacro-prefix-map="../startup/"= -mcpu=cortex-m33 -mfpu=fpv5-sp-d16 -mfloat-abi=hard -mthumb -D__REDLIB__ -fstack-usage -specs=redlib.specs -MMD -MP -MF"startup/startup_lpc55s69_cm33_core0.d" -MT"startup/startup_lpc55s69_cm33_core0.o" -MT"startup/startup_lpc55s69_cm33_core0.d" -o "startup/startup_lpc55s69_cm33_core0.o" "../startup/startup_lpc55s69_cm33_core0.c"
arm-none-eabi-gcc -D__REDLIB__ -DCPU_LPC55S69JBD100 -DCPU_LPC55S69JBD100_cm33 -DCPU_LPC55S69JBD100_cm33_core0 -DSERIAL_PORT_TYPE_UART=1 -DSDK_DEBUGCONSOLE=0 -DCR_INTEGER_PRINTF -DPRINTF_FLOAT_ENABLE=0 -D__MCUXPRESSO -D__USE_CMSIS -DDEBUG -I"C:\MCUExpresso files\Lab3\board" -I"C:\MCUExpresso files\Lab3\source" -I"C:\MCUExpresso files\Lab3\utilities\debug_console" -I"C:\MCUExpresso files\Lab3\utilities\debug_console\config" -I"C:\MCUExpresso files\Lab3\drivers" -I"C:\MCUExpresso files\Lab3\component\uart" -I"C:\MCUExpresso files\Lab3\component\serial_manager" -I"C:\MCUExpresso files\Lab3\utilities\str" -I"C:\MCUExpresso files\Lab3\device" -I"C:\MCUExpresso files\Lab3\device\periph" -I"C:\MCUExpresso files\Lab3\CMSIS" -I"C:\MCUExpresso files\Lab3\CMSIS\m-profile" -I"C:\MCUExpresso files\Lab3\component\lists" -I"C:\MCUExpresso files\Lab3\utilities" -O0 -fno-common -g3 -gdwarf-4 -Wall -c -ffunction-sections -fdata-sections -fno-builtin -fmerge-constants -fmacro-prefix-map="../source/"= -mcpu=cortex-m33 -mfpu=fpv5-sp-d16 -mfloat-abi=hard -mthumb -D__REDLIB__ -fstack-usage -specs=redlib.specs -MMD -MP -MF"source/semihost_hardfault.d" -MT"source/semihost_hardfault.o" -MT"source/semihost_hardfault.d" -o "source/semihost_hardfault.o" "../source/semihost_hardfault.c"
arm-none-eabi-gcc -D__REDLIB__ -DCPU_LPC55S69JBD100 -DCPU_LPC55S69JBD100_cm33 -DCPU_LPC55S69JBD100_cm33_core0 -DSERIAL_PORT_TYPE_UART=1 -DSDK_DEBUGCONSOLE=0 -DCR_INTEGER_PRINTF -DPRINTF_FLOAT_ENABLE=0 -D__MCUXPRESSO -D__USE_CMSIS -DDEBUG -I"C:\MCUExpresso files\Lab3\board" -I"C:\MCUExpresso files\Lab3\source" -I"C:\MCUExpresso files\Lab3\utilities\debug_console" -I"C:\MCUExpresso files\Lab3\utilities\debug_console\config" -I"C:\MCUExpresso files\Lab3\drivers" -I"C:\MCUExpresso files\Lab3\component\uart" -I"C:\MCUExpresso files\Lab3\component\serial_manager" -I"C:\MCUExpresso files\Lab3\utilities\str" -I"C:\MCUExpresso files\Lab3\device" -I"C:\MCUExpresso files\Lab3\device\periph" -I"C:\MCUExpresso files\Lab3\CMSIS" -I"C:\MCUExpresso files\Lab3\CMSIS\m-profile" -I"C:\MCUExpresso files\Lab3\component\lists" -I"C:\MCUExpresso files\Lab3\utilities" -O0 -fno-common -g3 -gdwarf-4 -Wall -c -ffunction-sections -fdata-sections -fno-builtin -fmerge-constants -fmacro-prefix-map="../drivers/"= -mcpu=cortex-m33 -mfpu=fpv5-sp-d16 -mfloat-abi=hard -mthumb -D__REDLIB__ -fstack-usage -specs=redlib.specs -MMD -MP -MF"drivers/fsl_clock.d" -MT"drivers/fsl_clock.o" -MT"drivers/fsl_clock.d" -o "drivers/fsl_clock.o" "../drivers/fsl_clock.c"
Finished building: ../startup/boot_multicore_slave.c
Finished building: ../source/semihost_hardfault.c
 
Finished building: ../startup/startup_lpc55s69_cm33_core0.c
 
Building file: ../drivers/fsl_common.c
 
Building file: ../drivers/fsl_common_arm.c
Invoking: MCU C Compiler
arm-none-eabi-gcc -D__REDLIB__ -DCPU_LPC55S69JBD100 -DCPU_LPC55S69JBD100_cm33 -DCPU_LPC55S69JBD100_cm33_core0 -DSERIAL_PORT_TYPE_UART=1 -DSDK_DEBUGCONSOLE=0 -DCR_INTEGER_PRINTF -DPRINTF_FLOAT_ENABLE=0 -D__MCUXPRESSO -D__USE_CMSIS -DDEBUG -I"C:\MCUExpresso files\Lab3\board" -I"C:\MCUExpresso files\Lab3\source" -I"C:\MCUExpresso files\Lab3\utilities\debug_console" -I"C:\MCUExpresso files\Lab3\utilities\debug_console\config" -I"C:\MCUExpresso files\Lab3\drivers" -I"C:\MCUExpresso files\Lab3\component\uart" -I"C:\MCUExpresso files\Lab3\component\serial_manager" -I"C:\MCUExpresso files\Lab3\utilities\str" -I"C:\MCUExpresso files\Lab3\device" -I"C:\MCUExpresso files\Lab3\device\periph" -I"C:\MCUExpresso files\Lab3\CMSIS" -I"C:\MCUExpresso files\Lab3\CMSIS\m-profile" -I"C:\MCUExpresso files\Lab3\component\lists" -I"C:\MCUExpresso files\Lab3\utilities" -O0 -fno-common -g3 -gdwarf-4 -Wall -c -ffunction-sections -fdata-sections -fno-builtin -fmerge-constants -fmacro-prefix-map="../drivers/"= -mcpu=cortex-m33 -mfpu=fpv5-sp-d16 -mfloat-abi=hard -mthumb -D__REDLIB__ -fstack-usage -specs=redlib.specs -MMD -MP -MF"drivers/fsl_common.d" -MT"drivers/fsl_common.o" -MT"drivers/fsl_common.d" -o "drivers/fsl_common.o" "../drivers/fsl_common.c"
Invoking: MCU C Compiler
arm-none-eabi-gcc -D__REDLIB__ -DCPU_LPC55S69JBD100 -DCPU_LPC55S69JBD100_cm33 -DCPU_LPC55S69JBD100_cm33_core0 -DSERIAL_PORT_TYPE_UART=1 -DSDK_DEBUGCONSOLE=0 -DCR_INTEGER_PRINTF -DPRINTF_FLOAT_ENABLE=0 -D__MCUXPRESSO -D__USE_CMSIS -DDEBUG -I"C:\MCUExpresso files\Lab3\board" -I"C:\MCUExpresso files\Lab3\source" -I"C:\MCUExpresso files\Lab3\utilities\debug_console" -I"C:\MCUExpresso files\Lab3\utilities\debug_console\config" -I"C:\MCUExpresso files\Lab3\drivers" -I"C:\MCUExpresso files\Lab3\component\uart" -I"C:\MCUExpresso files\Lab3\component\serial_manager" -I"C:\MCUExpresso files\Lab3\utilities\str" -I"C:\MCUExpresso files\Lab3\device" -I"C:\MCUExpresso files\Lab3\device\periph" -I"C:\MCUExpresso files\Lab3\CMSIS" -I"C:\MCUExpresso files\Lab3\CMSIS\m-profile" -I"C:\MCUExpresso files\Lab3\component\lists" -I"C:\MCUExpresso files\Lab3\utilities" -O0 -fno-common -g3 -gdwarf-4 -Wall -c -ffunction-sections -fdata-sections -fno-builtin -fmerge-constants -fmacro-prefix-map="../drivers/"= -mcpu=cortex-m33 -mfpu=fpv5-sp-d16 -mfloat-abi=hard -mthumb -D__REDLIB__ -fstack-usage -specs=redlib.specs -MMD -MP -MF"drivers/fsl_common_arm.d" -MT"drivers/fsl_common_arm.o" -MT"drivers/fsl_common_arm.d" -o "drivers/fsl_common_arm.o" "../drivers/fsl_common_arm.c"
Building file: ../drivers/fsl_flexcomm.c
Invoking: MCU C Compiler
arm-none-eabi-gcc -D__REDLIB__ -DCPU_LPC55S69JBD100 -DCPU_LPC55S69JBD100_cm33 -DCPU_LPC55S69JBD100_cm33_core0 -DSERIAL_PORT_TYPE_UART=1 -DSDK_DEBUGCONSOLE=0 -DCR_INTEGER_PRINTF -DPRINTF_FLOAT_ENABLE=0 -D__MCUXPRESSO -D__USE_CMSIS -DDEBUG -I"C:\MCUExpresso files\Lab3\board" -I"C:\MCUExpresso files\Lab3\source" -I"C:\MCUExpresso files\Lab3\utilities\debug_console" -I"C:\MCUExpresso files\Lab3\utilities\debug_console\config" -I"C:\MCUExpresso files\Lab3\drivers" -I"C:\MCUExpresso files\Lab3\component\uart" -I"C:\MCUExpresso files\Lab3\component\serial_manager" -I"C:\MCUExpresso files\Lab3\utilities\str" -I"C:\MCUExpresso files\Lab3\device" -I"C:\MCUExpresso files\Lab3\device\periph" -I"C:\MCUExpresso files\Lab3\CMSIS" -I"C:\MCUExpresso files\Lab3\CMSIS\m-profile" -I"C:\MCUExpresso files\Lab3\component\lists" -I"C:\MCUExpresso files\Lab3\utilities" -O0 -fno-common -g3 -gdwarf-4 -Wall -c -ffunction-sections -fdata-sections -fno-builtin -fmerge-constants -fmacro-prefix-map="../drivers/"= -mcpu=cortex-m33 -mfpu=fpv5-sp-d16 -mfloat-abi=hard -mthumb -D__REDLIB__ -fstack-usage -specs=redlib.specs -MMD -MP -MF"drivers/fsl_flexcomm.d" -MT"drivers/fsl_flexcomm.o" -MT"drivers/fsl_flexcomm.d" -o "drivers/fsl_flexcomm.o" "../drivers/fsl_flexcomm.c"
Finished building: ../utilities/debug_console/fsl_debug_console.c
 
Finished building: ../utilities/fsl_assert.c
Finished building: ../utilities/str/fsl_str.c
Building file: ../drivers/fsl_gpio.c
 
 
Invoking: MCU C Compiler
arm-none-eabi-gcc -D__REDLIB__ -DCPU_LPC55S69JBD100 -DCPU_LPC55S69JBD100_cm33 -DCPU_LPC55S69JBD100_cm33_core0 -DSERIAL_PORT_TYPE_UART=1 -DSDK_DEBUGCONSOLE=0 -DCR_INTEGER_PRINTF -DPRINTF_FLOAT_ENABLE=0 -D__MCUXPRESSO -D__USE_CMSIS -DDEBUG -I"C:\MCUExpresso files\Lab3\board" -I"C:\MCUExpresso files\Lab3\source" -I"C:\MCUExpresso files\Lab3\utilities\debug_console" -I"C:\MCUExpresso files\Lab3\utilities\debug_console\config" -I"C:\MCUExpresso files\Lab3\drivers" -I"C:\MCUExpresso files\Lab3\component\uart" -I"C:\MCUExpresso files\Lab3\component\serial_manager" -I"C:\MCUExpresso files\Lab3\utilities\str" -I"C:\MCUExpresso files\Lab3\device" -I"C:\MCUExpresso files\Lab3\device\periph" -I"C:\MCUExpresso files\Lab3\CMSIS" -I"C:\MCUExpresso files\Lab3\CMSIS\m-profile" -I"C:\MCUExpresso files\Lab3\component\lists" -I"C:\MCUExpresso files\Lab3\utilities" -O0 -fno-common -g3 -gdwarf-4 -Wall -c -ffunction-sections -fdata-sections -fno-builtin -fmerge-constants -fmacro-prefix-map="../drivers/"= -mcpu=cortex-m33 -mfpu=fpv5-sp-d16 -mfloat-abi=hard -mthumb -D__REDLIB__ -fstack-usage -specs=redlib.specs -MMD -MP -MF"drivers/fsl_gpio.d" -MT"drivers/fsl_gpio.o" -MT"drivers/fsl_gpio.d" -o "drivers/fsl_gpio.o" "../drivers/fsl_gpio.c"
Building file: ../drivers/fsl_inputmux.c
Building file: ../drivers/fsl_i2c.c
Invoking: MCU C Compiler
arm-none-eabi-gcc -D__REDLIB__ -DCPU_LPC55S69JBD100 -DCPU_LPC55S69JBD100_cm33 -DCPU_LPC55S69JBD100_cm33_core0 -DSERIAL_PORT_TYPE_UART=1 -DSDK_DEBUGCONSOLE=0 -DCR_INTEGER_PRINTF -DPRINTF_FLOAT_ENABLE=0 -D__MCUXPRESSO -D__USE_CMSIS -DDEBUG -I"C:\MCUExpresso files\Lab3\board" -I"C:\MCUExpresso files\Lab3\source" -I"C:\MCUExpresso files\Lab3\utilities\debug_console" -I"C:\MCUExpresso files\Lab3\utilities\debug_console\config" -I"C:\MCUExpresso files\Lab3\drivers" -I"C:\MCUExpresso files\Lab3\component\uart" -I"C:\MCUExpresso files\Lab3\component\serial_manager" -I"C:\MCUExpresso files\Lab3\utilities\str" -I"C:\MCUExpresso files\Lab3\device" -I"C:\MCUExpresso files\Lab3\device\periph" -I"C:\MCUExpresso files\Lab3\CMSIS" -I"C:\MCUExpresso files\Lab3\CMSIS\m-profile" -I"C:\MCUExpresso files\Lab3\component\lists" -I"C:\MCUExpresso files\Lab3\utilities" -O0 -fno-common -g3 -gdwarf-4 -Wall -c -ffunction-sections -fdata-sections -fno-builtin -fmerge-constants -fmacro-prefix-map="../drivers/"= -mcpu=cortex-m33 -mfpu=fpv5-sp-d16 -mfloat-abi=hard -mthumb -D__REDLIB__ -fstack-usage -specs=redlib.specs -MMD -MP -MF"drivers/fsl_inputmux.d" -MT"drivers/fsl_inputmux.o" -MT"drivers/fsl_inputmux.d" -o "drivers/fsl_inputmux.o" "../drivers/fsl_inputmux.c"
Invoking: MCU C Compiler
Finished building: ../source/Lab3.c
arm-none-eabi-gcc -D__REDLIB__ -DCPU_LPC55S69JBD100 -DCPU_LPC55S69JBD100_cm33 -DCPU_LPC55S69JBD100_cm33_core0 -DSERIAL_PORT_TYPE_UART=1 -DSDK_DEBUGCONSOLE=0 -DCR_INTEGER_PRINTF -DPRINTF_FLOAT_ENABLE=0 -D__MCUXPRESSO -D__USE_CMSIS -DDEBUG -I"C:\MCUExpresso files\Lab3\board" -I"C:\MCUExpresso files\Lab3\source" -I"C:\MCUExpresso files\Lab3\utilities\debug_console" -I"C:\MCUExpresso files\Lab3\utilities\debug_console\config" -I"C:\MCUExpresso files\Lab3\drivers" -I"C:\MCUExpresso files\Lab3\component\uart" -I"C:\MCUExpresso files\Lab3\component\serial_manager" -I"C:\MCUExpresso files\Lab3\utilities\str" -I"C:\MCUExpresso files\Lab3\device" -I"C:\MCUExpresso files\Lab3\device\periph" -I"C:\MCUExpresso files\Lab3\CMSIS" -I"C:\MCUExpresso files\Lab3\CMSIS\m-profile" -I"C:\MCUExpresso files\Lab3\component\lists" -I"C:\MCUExpresso files\Lab3\utilities" -O0 -fno-common -g3 -gdwarf-4 -Wall -c -ffunction-sections -fdata-sections -fno-builtin -fmerge-constants -fmacro-prefix-map="../drivers/"= -mcpu=cortex-m33 -mfpu=fpv5-sp-d16 -mfloat-abi=hard -mthumb -D__REDLIB__ -fstack-usage -specs=redlib.specs -MMD -MP -MF"drivers/fsl_i2c.d" -MT"drivers/fsl_i2c.o" -MT"drivers/fsl_i2c.d" -o "drivers/fsl_i2c.o" "../drivers/fsl_i2c.c"
 
Building file: ../drivers/fsl_pint.c
Invoking: MCU C Compiler
arm-none-eabi-gcc -D__REDLIB__ -DCPU_LPC55S69JBD100 -DCPU_LPC55S69JBD100_cm33 -DCPU_LPC55S69JBD100_cm33_core0 -DSERIAL_PORT_TYPE_UART=1 -DSDK_DEBUGCONSOLE=0 -DCR_INTEGER_PRINTF -DPRINTF_FLOAT_ENABLE=0 -D__MCUXPRESSO -D__USE_CMSIS -DDEBUG -I"C:\MCUExpresso files\Lab3\board" -I"C:\MCUExpresso files\Lab3\source" -I"C:\MCUExpresso files\Lab3\utilities\debug_console" -I"C:\MCUExpresso files\Lab3\utilities\debug_console\config" -I"C:\MCUExpresso files\Lab3\drivers" -I"C:\MCUExpresso files\Lab3\component\uart" -I"C:\MCUExpresso files\Lab3\component\serial_manager" -I"C:\MCUExpresso files\Lab3\utilities\str" -I"C:\MCUExpresso files\Lab3\device" -I"C:\MCUExpresso files\Lab3\device\periph" -I"C:\MCUExpresso files\Lab3\CMSIS" -I"C:\MCUExpresso files\Lab3\CMSIS\m-profile" -I"C:\MCUExpresso files\Lab3\component\lists" -I"C:\MCUExpresso files\Lab3\utilities" -O0 -fno-common -g3 -gdwarf-4 -Wall -c -ffunction-sections -fdata-sections -fno-builtin -fmerge-constants -fmacro-prefix-map="../drivers/"= -mcpu=cortex-m33 -mfpu=fpv5-sp-d16 -mfloat-abi=hard -mthumb -D__REDLIB__ -fstack-usage -specs=redlib.specs -MMD -MP -MF"drivers/fsl_pint.d" -MT"drivers/fsl_pint.o" -MT"drivers/fsl_pint.d" -o "drivers/fsl_pint.o" "../drivers/fsl_pint.c"
Finished building: ../drivers/fsl_clock.c
 
Building file: ../drivers/fsl_power.c
Invoking: MCU C Compiler
arm-none-eabi-gcc -D__REDLIB__ -DCPU_LPC55S69JBD100 -DCPU_LPC55S69JBD100_cm33 -DCPU_LPC55S69JBD100_cm33_core0 -DSERIAL_PORT_TYPE_UART=1 -DSDK_DEBUGCONSOLE=0 -DCR_INTEGER_PRINTF -DPRINTF_FLOAT_ENABLE=0 -D__MCUXPRESSO -D__USE_CMSIS -DDEBUG -I"C:\MCUExpresso files\Lab3\board" -I"C:\MCUExpresso files\Lab3\source" -I"C:\MCUExpresso files\Lab3\utilities\debug_console" -I"C:\MCUExpresso files\Lab3\utilities\debug_console\config" -I"C:\MCUExpresso files\Lab3\drivers" -I"C:\MCUExpresso files\Lab3\component\uart" -I"C:\MCUExpresso files\Lab3\component\serial_manager" -I"C:\MCUExpresso files\Lab3\utilities\str" -I"C:\MCUExpresso files\Lab3\device" -I"C:\MCUExpresso files\Lab3\device\periph" -I"C:\MCUExpresso files\Lab3\CMSIS" -I"C:\MCUExpresso files\Lab3\CMSIS\m-profile" -I"C:\MCUExpresso files\Lab3\component\lists" -I"C:\MCUExpresso files\Lab3\utilities" -O0 -fno-common -g3 -gdwarf-4 -Wall -c -ffunction-sections -fdata-sections -fno-builtin -fmerge-constants -fmacro-prefix-map="../drivers/"= -mcpu=cortex-m33 -mfpu=fpv5-sp-d16 -mfloat-abi=hard -mthumb -D__REDLIB__ -fstack-usage -specs=redlib.specs -MMD -MP -MF"drivers/fsl_power.d" -MT"drivers/fsl_power.o" -MT"drivers/fsl_power.d" -o "drivers/fsl_power.o" "../drivers/fsl_power.c"
Finished building: ../drivers/fsl_common.c
Finished building: ../drivers/fsl_common_arm.c
 
 
Building file: ../drivers/fsl_reset.c
Building file: ../drivers/fsl_spi.c
Invoking: MCU C Compiler
arm-none-eabi-gcc -D__REDLIB__ -DCPU_LPC55S69JBD100 -DCPU_LPC55S69JBD100_cm33 -DCPU_LPC55S69JBD100_cm33_core0 -DSERIAL_PORT_TYPE_UART=1 -DSDK_DEBUGCONSOLE=0 -DCR_INTEGER_PRINTF -DPRINTF_FLOAT_ENABLE=0 -D__MCUXPRESSO -D__USE_CMSIS -DDEBUG -I"C:\MCUExpresso files\Lab3\board" -I"C:\MCUExpresso files\Lab3\source" -I"C:\MCUExpresso files\Lab3\utilities\debug_console" -I"C:\MCUExpresso files\Lab3\utilities\debug_console\config" -I"C:\MCUExpresso files\Lab3\drivers" -I"C:\MCUExpresso files\Lab3\component\uart" -I"C:\MCUExpresso files\Lab3\component\serial_manager" -I"C:\MCUExpresso files\Lab3\utilities\str" -I"C:\MCUExpresso files\Lab3\device" -I"C:\MCUExpresso files\Lab3\device\periph" -I"C:\MCUExpresso files\Lab3\CMSIS" -I"C:\MCUExpresso files\Lab3\CMSIS\m-profile" -I"C:\MCUExpresso files\Lab3\component\lists" -I"C:\MCUExpresso files\Lab3\utilities" -O0 -fno-common -g3 -gdwarf-4 -Wall -c -ffunction-sections -fdata-sections -fno-builtin -fmerge-constants -fmacro-prefix-map="../drivers/"= -mcpu=cortex-m33 -mfpu=fpv5-sp-d16 -mfloat-abi=hard -mthumb -D__REDLIB__ -fstack-usage -specs=redlib.specs -MMD -MP -MF"drivers/fsl_reset.d" -MT"drivers/fsl_reset.o" -MT"drivers/fsl_reset.d" -o "drivers/fsl_reset.o" "../drivers/fsl_reset.c"
Invoking: MCU C Compiler
arm-none-eabi-gcc -D__REDLIB__ -DCPU_LPC55S69JBD100 -DCPU_LPC55S69JBD100_cm33 -DCPU_LPC55S69JBD100_cm33_core0 -DSERIAL_PORT_TYPE_UART=1 -DSDK_DEBUGCONSOLE=0 -DCR_INTEGER_PRINTF -DPRINTF_FLOAT_ENABLE=0 -D__MCUXPRESSO -D__USE_CMSIS -DDEBUG -I"C:\MCUExpresso files\Lab3\board" -I"C:\MCUExpresso files\Lab3\source" -I"C:\MCUExpresso files\Lab3\utilities\debug_console" -I"C:\MCUExpresso files\Lab3\utilities\debug_console\config" -I"C:\MCUExpresso files\Lab3\drivers" -I"C:\MCUExpresso files\Lab3\component\uart" -I"C:\MCUExpresso files\Lab3\component\serial_manager" -I"C:\MCUExpresso files\Lab3\utilities\str" -I"C:\MCUExpresso files\Lab3\device" -I"C:\MCUExpresso files\Lab3\device\periph" -I"C:\MCUExpresso files\Lab3\CMSIS" -I"C:\MCUExpresso files\Lab3\CMSIS\m-profile" -I"C:\MCUExpresso files\Lab3\component\lists" -I"C:\MCUExpresso files\Lab3\utilities" -O0 -fno-common -g3 -gdwarf-4 -Wall -c -ffunction-sections -fdata-sections -fno-builtin -fmerge-constants -fmacro-prefix-map="../drivers/"= -mcpu=cortex-m33 -mfpu=fpv5-sp-d16 -mfloat-abi=hard -mthumb -D__REDLIB__ -fstack-usage -specs=redlib.specs -MMD -MP -MF"drivers/fsl_spi.d" -MT"drivers/fsl_spi.o" -MT"drivers/fsl_spi.d" -o "drivers/fsl_spi.o" "../drivers/fsl_spi.c"
Finished building: ../drivers/fsl_flexcomm.c
Finished building: ../drivers/fsl_gpio.c
 
 
Building file: ../drivers/fsl_usart.c
Building file: ../device/system_LPC55S69_cm33_core0.c
Invoking: MCU C Compiler
Invoking: MCU C Compiler
arm-none-eabi-gcc -D__REDLIB__ -DCPU_LPC55S69JBD100 -DCPU_LPC55S69JBD100_cm33 -DCPU_LPC55S69JBD100_cm33_core0 -DSERIAL_PORT_TYPE_UART=1 -DSDK_DEBUGCONSOLE=0 -DCR_INTEGER_PRINTF -DPRINTF_FLOAT_ENABLE=0 -D__MCUXPRESSO -D__USE_CMSIS -DDEBUG -I"C:\MCUExpresso files\Lab3\board" -I"C:\MCUExpresso files\Lab3\source" -I"C:\MCUExpresso files\Lab3\utilities\debug_console" -I"C:\MCUExpresso files\Lab3\utilities\debug_console\config" -I"C:\MCUExpresso files\Lab3\drivers" -I"C:\MCUExpresso files\Lab3\component\uart" -I"C:\MCUExpresso files\Lab3\component\serial_manager" -I"C:\MCUExpresso files\Lab3\utilities\str" -I"C:\MCUExpresso files\Lab3\device" -I"C:\MCUExpresso files\Lab3\device\periph" -I"C:\MCUExpresso files\Lab3\CMSIS" -I"C:\MCUExpresso files\Lab3\CMSIS\m-profile" -I"C:\MCUExpresso files\Lab3\component\lists" -I"C:\MCUExpresso files\Lab3\utilities" -O0 -fno-common -g3 -gdwarf-4 -Wall -c -ffunction-sections -fdata-sections -fno-builtin -fmerge-constants -fmacro-prefix-map="../drivers/"= -mcpu=cortex-m33 -mfpu=fpv5-sp-d16 -mfloat-abi=hard -mthumb -D__REDLIB__ -fstack-usage -specs=redlib.specs -MMD -MP -MF"drivers/fsl_usart.d" -MT"drivers/fsl_usart.o" -MT"drivers/fsl_usart.d" -o "drivers/fsl_usart.o" "../drivers/fsl_usart.c"
Finished building: ../drivers/fsl_inputmux.c
arm-none-eabi-gcc -D__REDLIB__ -DCPU_LPC55S69JBD100 -DCPU_LPC55S69JBD100_cm33 -DCPU_LPC55S69JBD100_cm33_core0 -DSERIAL_PORT_TYPE_UART=1 -DSDK_DEBUGCONSOLE=0 -DCR_INTEGER_PRINTF -DPRINTF_FLOAT_ENABLE=0 -D__MCUXPRESSO -D__USE_CMSIS -DDEBUG -I"C:\MCUExpresso files\Lab3\board" -I"C:\MCUExpresso files\Lab3\source" -I"C:\MCUExpresso files\Lab3\utilities\debug_console" -I"C:\MCUExpresso files\Lab3\utilities\debug_console\config" -I"C:\MCUExpresso files\Lab3\drivers" -I"C:\MCUExpresso files\Lab3\component\uart" -I"C:\MCUExpresso files\Lab3\component\serial_manager" -I"C:\MCUExpresso files\Lab3\utilities\str" -I"C:\MCUExpresso files\Lab3\device" -I"C:\MCUExpresso files\Lab3\device\periph" -I"C:\MCUExpresso files\Lab3\CMSIS" -I"C:\MCUExpresso files\Lab3\CMSIS\m-profile" -I"C:\MCUExpresso files\Lab3\component\lists" -I"C:\MCUExpresso files\Lab3\utilities" -O0 -fno-common -g3 -gdwarf-4 -Wall -c -ffunction-sections -fdata-sections -fno-builtin -fmerge-constants -fmacro-prefix-map="../device/"= -mcpu=cortex-m33 -mfpu=fpv5-sp-d16 -mfloat-abi=hard -mthumb -D__REDLIB__ -fstack-usage -specs=redlib.specs -MMD -MP -MF"device/system_LPC55S69_cm33_core0.d" -MT"device/system_LPC55S69_cm33_core0.o" -MT"device/system_LPC55S69_cm33_core0.d" -o "device/system_LPC55S69_cm33_core0.o" "../device/system_LPC55S69_cm33_core0.c"
 
Building file: ../component/uart/fsl_adapter_usart.c
Invoking: MCU C Compiler
arm-none-eabi-gcc -D__REDLIB__ -DCPU_LPC55S69JBD100 -DCPU_LPC55S69JBD100_cm33 -DCPU_LPC55S69JBD100_cm33_core0 -DSERIAL_PORT_TYPE_UART=1 -DSDK_DEBUGCONSOLE=0 -DCR_INTEGER_PRINTF -DPRINTF_FLOAT_ENABLE=0 -D__MCUXPRESSO -D__USE_CMSIS -DDEBUG -I"C:\MCUExpresso files\Lab3\board" -I"C:\MCUExpresso files\Lab3\source" -I"C:\MCUExpresso files\Lab3\utilities\debug_console" -I"C:\MCUExpresso files\Lab3\utilities\debug_console\config" -I"C:\MCUExpresso files\Lab3\drivers" -I"C:\MCUExpresso files\Lab3\component\uart" -I"C:\MCUExpresso files\Lab3\component\serial_manager" -I"C:\MCUExpresso files\Lab3\utilities\str" -I"C:\MCUExpresso files\Lab3\device" -I"C:\MCUExpresso files\Lab3\device\periph" -I"C:\MCUExpresso files\Lab3\CMSIS" -I"C:\MCUExpresso files\Lab3\CMSIS\m-profile" -I"C:\MCUExpresso files\Lab3\component\lists" -I"C:\MCUExpresso files\Lab3\utilities" -O0 -fno-common -g3 -gdwarf-4 -Wall -c -ffunction-sections -fdata-sections -fno-builtin -fmerge-constants -fmacro-prefix-map="../component/uart/"= -mcpu=cortex-m33 -mfpu=fpv5-sp-d16 -mfloat-abi=hard -mthumb -D__REDLIB__ -fstack-usage -specs=redlib.specs -MMD -MP -MF"component/uart/fsl_adapter_usart.d" -MT"component/uart/fsl_adapter_usart.o" -MT"component/uart/fsl_adapter_usart.d" -o "component/uart/fsl_adapter_usart.o" "../component/uart/fsl_adapter_usart.c"
Finished building: ../drivers/fsl_i2c.c
Finished building: ../drivers/fsl_pint.c
 
Finished building: ../drivers/fsl_power.c
 
Building file: ../component/serial_manager/fsl_component_serial_manager.c
 
Building file: ../component/serial_manager/fsl_component_serial_port_uart.c
Building file: ../component/lists/fsl_component_generic_list.c
Invoking: MCU C Compiler
arm-none-eabi-gcc -D__REDLIB__ -DCPU_LPC55S69JBD100 -DCPU_LPC55S69JBD100_cm33 -DCPU_LPC55S69JBD100_cm33_core0 -DSERIAL_PORT_TYPE_UART=1 -DSDK_DEBUGCONSOLE=0 -DCR_INTEGER_PRINTF -DPRINTF_FLOAT_ENABLE=0 -D__MCUXPRESSO -D__USE_CMSIS -DDEBUG -I"C:\MCUExpresso files\Lab3\board" -I"C:\MCUExpresso files\Lab3\source" -I"C:\MCUExpresso files\Lab3\utilities\debug_console" -I"C:\MCUExpresso files\Lab3\utilities\debug_console\config" -I"C:\MCUExpresso files\Lab3\drivers" -I"C:\MCUExpresso files\Lab3\component\uart" -I"C:\MCUExpresso files\Lab3\component\serial_manager" -I"C:\MCUExpresso files\Lab3\utilities\str" -I"C:\MCUExpresso files\Lab3\device" -I"C:\MCUExpresso files\Lab3\device\periph" -I"C:\MCUExpresso files\Lab3\CMSIS" -I"C:\MCUExpresso files\Lab3\CMSIS\m-profile" -I"C:\MCUExpresso files\Lab3\component\lists" -I"C:\MCUExpresso files\Lab3\utilities" -O0 -fno-common -g3 -gdwarf-4 -Wall -c -ffunction-sections -fdata-sections -fno-builtin -fmerge-constants -fmacro-prefix-map="../component/serial_manager/"= -mcpu=cortex-m33 -mfpu=fpv5-sp-d16 -mfloat-abi=hard -mthumb -D__REDLIB__ -fstack-usage -specs=redlib.specs -MMD -MP -MF"component/serial_manager/fsl_component_serial_manager.d" -MT"component/serial_manager/fsl_component_serial_manager.o" -MT"component/serial_manager/fsl_component_serial_manager.d" -o "component/serial_manager/fsl_component_serial_manager.o" "../component/serial_manager/fsl_component_serial_manager.c"
Invoking: MCU C Compiler
Invoking: MCU C Compiler
arm-none-eabi-gcc -D__REDLIB__ -DCPU_LPC55S69JBD100 -DCPU_LPC55S69JBD100_cm33 -DCPU_LPC55S69JBD100_cm33_core0 -DSERIAL_PORT_TYPE_UART=1 -DSDK_DEBUGCONSOLE=0 -DCR_INTEGER_PRINTF -DPRINTF_FLOAT_ENABLE=0 -D__MCUXPRESSO -D__USE_CMSIS -DDEBUG -I"C:\MCUExpresso files\Lab3\board" -I"C:\MCUExpresso files\Lab3\source" -I"C:\MCUExpresso files\Lab3\utilities\debug_console" -I"C:\MCUExpresso files\Lab3\utilities\debug_console\config" -I"C:\MCUExpresso files\Lab3\drivers" -I"C:\MCUExpresso files\Lab3\component\uart" -I"C:\MCUExpresso files\Lab3\component\serial_manager" -I"C:\MCUExpresso files\Lab3\utilities\str" -I"C:\MCUExpresso files\Lab3\device" -I"C:\MCUExpresso files\Lab3\device\periph" -I"C:\MCUExpresso files\Lab3\CMSIS" -I"C:\MCUExpresso files\Lab3\CMSIS\m-profile" -I"C:\MCUExpresso files\Lab3\component\lists" -I"C:\MCUExpresso files\Lab3\utilities" -O0 -fno-common -g3 -gdwarf-4 -Wall -c -ffunction-sections -fdata-sections -fno-builtin -fmerge-constants -fmacro-prefix-map="../component/serial_manager/"= -mcpu=cortex-m33 -mfpu=fpv5-sp-d16 -mfloat-abi=hard -mthumb -D__REDLIB__ -fstack-usage -specs=redlib.specs -MMD -MP -MF"component/serial_manager/fsl_component_serial_port_uart.d" -MT"component/serial_manager/fsl_component_serial_port_uart.o" -MT"component/serial_manager/fsl_component_serial_port_uart.d" -o "component/serial_manager/fsl_component_serial_port_uart.o" "../component/serial_manager/fsl_component_serial_port_uart.c"
arm-none-eabi-gcc -D__REDLIB__ -DCPU_LPC55S69JBD100 -DCPU_LPC55S69JBD100_cm33 -DCPU_LPC55S69JBD100_cm33_core0 -DSERIAL_PORT_TYPE_UART=1 -DSDK_DEBUGCONSOLE=0 -DCR_INTEGER_PRINTF -DPRINTF_FLOAT_ENABLE=0 -D__MCUXPRESSO -D__USE_CMSIS -DDEBUG -I"C:\MCUExpresso files\Lab3\board" -I"C:\MCUExpresso files\Lab3\source" -I"C:\MCUExpresso files\Lab3\utilities\debug_console" -I"C:\MCUExpresso files\Lab3\utilities\debug_console\config" -I"C:\MCUExpresso files\Lab3\drivers" -I"C:\MCUExpresso files\Lab3\component\uart" -I"C:\MCUExpresso files\Lab3\component\serial_manager" -I"C:\MCUExpresso files\Lab3\utilities\str" -I"C:\MCUExpresso files\Lab3\device" -I"C:\MCUExpresso files\Lab3\device\periph" -I"C:\MCUExpresso files\Lab3\CMSIS" -I"C:\MCUExpresso files\Lab3\CMSIS\m-profile" -I"C:\MCUExpresso files\Lab3\component\lists" -I"C:\MCUExpresso files\Lab3\utilities" -O0 -fno-common -g3 -gdwarf-4 -Wall -c -ffunction-sections -fdata-sections -fno-builtin -fmerge-constants -fmacro-prefix-map="../component/lists/"= -mcpu=cortex-m33 -mfpu=fpv5-sp-d16 -mfloat-abi=hard -mthumb -D__REDLIB__ -fstack-usage -specs=redlib.specs -MMD -MP -MF"component/lists/fsl_component_generic_list.d" -MT"component/lists/fsl_component_generic_list.o" -MT"component/lists/fsl_component_generic_list.d" -o "component/lists/fsl_component_generic_list.o" "../component/lists/fsl_component_generic_list.c"
Finished building: ../drivers/fsl_reset.c
 
Building file: ../board/board.c
Invoking: MCU C Compiler
arm-none-eabi-gcc -D__REDLIB__ -DCPU_LPC55S69JBD100 -DCPU_LPC55S69JBD100_cm33 -DCPU_LPC55S69JBD100_cm33_core0 -DSERIAL_PORT_TYPE_UART=1 -DSDK_DEBUGCONSOLE=0 -DCR_INTEGER_PRINTF -DPRINTF_FLOAT_ENABLE=0 -D__MCUXPRESSO -D__USE_CMSIS -DDEBUG -I"C:\MCUExpresso files\Lab3\board" -I"C:\MCUExpresso files\Lab3\source" -I"C:\MCUExpresso files\Lab3\utilities\debug_console" -I"C:\MCUExpresso files\Lab3\utilities\debug_console\config" -I"C:\MCUExpresso files\Lab3\drivers" -I"C:\MCUExpresso files\Lab3\component\uart" -I"C:\MCUExpresso files\Lab3\component\serial_manager" -I"C:\MCUExpresso files\Lab3\utilities\str" -I"C:\MCUExpresso files\Lab3\device" -I"C:\MCUExpresso files\Lab3\device\periph" -I"C:\MCUExpresso files\Lab3\CMSIS" -I"C:\MCUExpresso files\Lab3\CMSIS\m-profile" -I"C:\MCUExpresso files\Lab3\component\lists" -I"C:\MCUExpresso files\Lab3\utilities" -O0 -fno-common -g3 -gdwarf-4 -Wall -c -ffunction-sections -fdata-sections -fno-builtin -fmerge-constants -fmacro-prefix-map="../board/"= -mcpu=cortex-m33 -mfpu=fpv5-sp-d16 -mfloat-abi=hard -mthumb -D__REDLIB__ -fstack-usage -specs=redlib.specs -MMD -MP -MF"board/board.d" -MT"board/board.o" -MT"board/board.d" -o "board/board.o" "../board/board.c"
Finished building: ../drivers/fsl_spi.c
 
Building file: ../board/clock_config.c
Invoking: MCU C Compiler
arm-none-eabi-gcc -D__REDLIB__ -DCPU_LPC55S69JBD100 -DCPU_LPC55S69JBD100_cm33 -DCPU_LPC55S69JBD100_cm33_core0 -DSERIAL_PORT_TYPE_UART=1 -DSDK_DEBUGCONSOLE=0 -DCR_INTEGER_PRINTF -DPRINTF_FLOAT_ENABLE=0 -D__MCUXPRESSO -D__USE_CMSIS -DDEBUG -I"C:\MCUExpresso files\Lab3\board" -I"C:\MCUExpresso files\Lab3\source" -I"C:\MCUExpresso files\Lab3\utilities\debug_console" -I"C:\MCUExpresso files\Lab3\utilities\debug_console\config" -I"C:\MCUExpresso files\Lab3\drivers" -I"C:\MCUExpresso files\Lab3\component\uart" -I"C:\MCUExpresso files\Lab3\component\serial_manager" -I"C:\MCUExpresso files\Lab3\utilities\str" -I"C:\MCUExpresso files\Lab3\device" -I"C:\MCUExpresso files\Lab3\device\periph" -I"C:\MCUExpresso files\Lab3\CMSIS" -I"C:\MCUExpresso files\Lab3\CMSIS\m-profile" -I"C:\MCUExpresso files\Lab3\component\lists" -I"C:\MCUExpresso files\Lab3\utilities" -O0 -fno-common -g3 -gdwarf-4 -Wall -c -ffunction-sections -fdata-sections -fno-builtin -fmerge-constants -fmacro-prefix-map="../board/"= -mcpu=cortex-m33 -mfpu=fpv5-sp-d16 -mfloat-abi=hard -mthumb -D__REDLIB__ -fstack-usage -specs=redlib.specs -MMD -MP -MF"board/clock_config.d" -MT"board/clock_config.o" -MT"board/clock_config.d" -o "board/clock_config.o" "../board/clock_config.c"
Finished building: ../device/system_LPC55S69_cm33_core0.c
 
Building file: ../board/peripherals.c
Finished building: ../component/uart/fsl_adapter_usart.c
Finished building: ../drivers/fsl_usart.c
Invoking: MCU C Compiler
 
 
arm-none-eabi-gcc -D__REDLIB__ -DCPU_LPC55S69JBD100 -DCPU_LPC55S69JBD100_cm33 -DCPU_LPC55S69JBD100_cm33_core0 -DSERIAL_PORT_TYPE_UART=1 -DSDK_DEBUGCONSOLE=0 -DCR_INTEGER_PRINTF -DPRINTF_FLOAT_ENABLE=0 -D__MCUXPRESSO -D__USE_CMSIS -DDEBUG -I"C:\MCUExpresso files\Lab3\board" -I"C:\MCUExpresso files\Lab3\source" -I"C:\MCUExpresso files\Lab3\utilities\debug_console" -I"C:\MCUExpresso files\Lab3\utilities\debug_console\config" -I"C:\MCUExpresso files\Lab3\drivers" -I"C:\MCUExpresso files\Lab3\component\uart" -I"C:\MCUExpresso files\Lab3\component\serial_manager" -I"C:\MCUExpresso files\Lab3\utilities\str" -I"C:\MCUExpresso files\Lab3\device" -I"C:\MCUExpresso files\Lab3\device\periph" -I"C:\MCUExpresso files\Lab3\CMSIS" -I"C:\MCUExpresso files\Lab3\CMSIS\m-profile" -I"C:\MCUExpresso files\Lab3\component\lists" -I"C:\MCUExpresso files\Lab3\utilities" -O0 -fno-common -g3 -gdwarf-4 -Wall -c -ffunction-sections -fdata-sections -fno-builtin -fmerge-constants -fmacro-prefix-map="../board/"= -mcpu=cortex-m33 -mfpu=fpv5-sp-d16 -mfloat-abi=hard -mthumb -D__REDLIB__ -fstack-usage -specs=redlib.specs -MMD -MP -MF"board/peripherals.d" -MT"board/peripherals.o" -MT"board/peripherals.d" -o "board/peripherals.o" "../board/peripherals.c"
../board/board.c: In function 'BOARD_InitDebugConsole':
../board/board.c:31:14: warning: unused variable 'uartClkSrcFreq' [-Wunused-variable]
   31 |     uint32_t uartClkSrcFreq = BOARD_DEBUG_UART_CLK_FREQ;
      |              ^~~~~~~~~~~~~~
../board/board.c: In function 'BOARD_InitDebugConsole_Core1':
../board/board.c:43:14: warning: unused variable 'uartClkSrcFreq' [-Wunused-variable]
   43 |     uint32_t uartClkSrcFreq = BOARD_DEBUG_UART_CLK_FREQ_CORE1;
      |              ^~~~~~~~~~~~~~
Building file: ../board/pin_mux.c
Invoking: MCU C Compiler
arm-none-eabi-gcc -D__REDLIB__ -DCPU_LPC55S69JBD100 -DCPU_LPC55S69JBD100_cm33 -DCPU_LPC55S69JBD100_cm33_core0 -DSERIAL_PORT_TYPE_UART=1 -DSDK_DEBUGCONSOLE=0 -DCR_INTEGER_PRINTF -DPRINTF_FLOAT_ENABLE=0 -D__MCUXPRESSO -D__USE_CMSIS -DDEBUG -I"C:\MCUExpresso files\Lab3\board" -I"C:\MCUExpresso files\Lab3\source" -I"C:\MCUExpresso files\Lab3\utilities\debug_console" -I"C:\MCUExpresso files\Lab3\utilities\debug_console\config" -I"C:\MCUExpresso files\Lab3\drivers" -I"C:\MCUExpresso files\Lab3\component\uart" -I"C:\MCUExpresso files\Lab3\component\serial_manager" -I"C:\MCUExpresso files\Lab3\utilities\str" -I"C:\MCUExpresso files\Lab3\device" -I"C:\MCUExpresso files\Lab3\device\periph" -I"C:\MCUExpresso files\Lab3\CMSIS" -I"C:\MCUExpresso files\Lab3\CMSIS\m-profile" -I"C:\MCUExpresso files\Lab3\component\lists" -I"C:\MCUExpresso files\Lab3\utilities" -O0 -fno-common -g3 -gdwarf-4 -Wall -c -ffunction-sections -fdata-sections -fno-builtin -fmerge-constants -fmacro-prefix-map="../board/"= -mcpu=cortex-m33 -mfpu=fpv5-sp-d16 -mfloat-abi=hard -mthumb -D__REDLIB__ -fstack-usage -specs=redlib.specs -MMD -MP -MF"board/pin_mux.d" -MT"board/pin_mux.o" -MT"board/pin_mux.d" -o "board/pin_mux.o" "../board/pin_mux.c"
Finished building: ../component/serial_manager/fsl_component_serial_manager.c
Finished building: ../component/serial_manager/fsl_component_serial_port_uart.c
Finished building: ../component/lists/fsl_component_generic_list.c
 
 
 
Finished building: ../board/board.c
 
Finished building: ../board/clock_config.c
 
Finished building: ../board/peripherals.c
 
Finished building: ../board/pin_mux.c
 
Building target: Lab3.axf
Invoking: MCU Linker
arm-none-eabi-gcc -nostdlib -Xlinker -Map="Lab3.map" -Xlinker --gc-sections -Xlinker -print-memory-usage -Xlinker --sort-section=alignment -Xlinker --cref -mcpu=cortex-m33 -mfpu=fpv5-sp-d16 -mfloat-abi=hard -mthumb -T Lab3_Debug.ld -o "Lab3.axf" ./utilities/str/fsl_str.o  ./utilities/debug_console/fsl_debug_console.o  ./utilities/fsl_assert.o  ./startup/boot_multicore_slave.o ./startup/startup_lpc55s69_cm33_core0.o  ./source/Lab3.o ./source/semihost_hardfault.o  ./drivers/fsl_clock.o ./drivers/fsl_common.o ./drivers/fsl_common_arm.o ./drivers/fsl_flexcomm.o ./drivers/fsl_gpio.o ./drivers/fsl_i2c.o ./drivers/fsl_inputmux.o ./drivers/fsl_pint.o ./drivers/fsl_power.o ./drivers/fsl_reset.o ./drivers/fsl_spi.o ./drivers/fsl_usart.o  ./device/system_LPC55S69_cm33_core0.o  ./component/uart/fsl_adapter_usart.o  ./component/serial_manager/fsl_component_serial_manager.o ./component/serial_manager/fsl_component_serial_port_uart.o  ./component/lists/fsl_component_generic_list.o  ./board/board.o ./board/clock_config.o ./board/peripherals.o ./board/pin_mux.o   
Memory region         Used Size  Region Size  %age Used
   PROGRAM_FLASH:       13940 B       630 KB      2.16%
            SRAM:        8480 B       256 KB      3.23%
           SRAMX:           0 B        32 KB      0.00%
         USB_RAM:           0 B        16 KB      0.00%
           SRAM4:           0 B        16 KB      0.00%
Finished building target: Lab3.axf
 
Performing post-build steps
arm-none-eabi-size "Lab3.axf"; # arm-none-eabi-objcopy -v -O binary "Lab3.axf" "Lab3.bin" ; # checksum -p LPC55S69 -d "Lab3.bin";
   text	   data	    bss	    dec	    hex	filename
  13932	      8	   8472	  22412	   578c	Lab3.axf
 
09:16:58 **** Incremental Build of configuration Debug for project Lab3 ****
make -r -j8 all 
make[1]: Nothing to be done for 'main-build'.
Performing post-build steps
arm-none-eabi-size "Lab3.axf"; # arm-none-eabi-objcopy -v -O binary "Lab3.axf" "Lab3.bin" ; # checksum -p LPC55S69 -d "Lab3.bin";
   text	   data	    bss	    dec	    hex	filename
  13932	      8	   8472	  22412	   578c	Lab3.axf
 
09:17:49 **** Incremental Build of configuration Debug for project Lab3 ****
make -r -j8 all 
make[1]: Nothing to be done for 'main-build'.
Performing post-build steps
arm-none-eabi-size "Lab3.axf"; # arm-none-eabi-objcopy -v -O binary "Lab3.axf" "Lab3.bin" ; # checksum -p LPC55S69 -d "Lab3.bin";
   text	   data	    bss	    dec	    hex	filename
  13932	      8	   8472	  22412	   578c	Lab3.axf
 
09:19:43 **** Incremental Build of configuration Debug for project Lab3 ****
make -r -j8 all 
Building file: ../source/Lab3.c
Invoking: MCU C Compiler
arm-none-eabi-gcc -D__REDLIB__ -DCPU_LPC55S69JBD100 -DCPU_LPC55S69JBD100_cm33 -DCPU_LPC55S69JBD100_cm33_core0 -DSERIAL_PORT_TYPE_UART=1 -DSDK_DEBUGCONSOLE=0 -DCR_INTEGER_PRINTF -DPRINTF_FLOAT_ENABLE=0 -D__MCUXPRESSO -D__USE_CMSIS -DDEBUG -I"C:\MCUExpresso files\Lab3\board" -I"C:\MCUExpresso files\Lab3\source" -I"C:\MCUExpresso files\Lab3\utilities\debug_console" -I"C:\MCUExpresso files\Lab3\utilities\debug_console\config" -I"C:\MCUExpresso files\Lab3\drivers" -I"C:\MCUExpresso files\Lab3\component\uart" -I"C:\MCUExpresso files\Lab3\component\serial_manager" -I"C:\MCUExpresso files\Lab3\utilities\str" -I"C:\MCUExpresso files\Lab3\device" -I"C:\MCUExpresso files\Lab3\device\periph" -I"C:\MCUExpresso files\Lab3\CMSIS" -I"C:\MCUExpresso files\Lab3\CMSIS\m-profile" -I"C:\MCUExpresso files\Lab3\component\lists" -I"C:\MCUExpresso files\Lab3\utilities" -O0 -fno-common -g3 -gdwarf-4 -Wall -c -ffunction-sections -fdata-sections -fno-builtin -fmerge-constants -fmacro-prefix-map="../source/"= -mcpu=cortex-m33 -mfpu=fpv5-sp-d16 -mfloat-abi=hard -mthumb -D__REDLIB__ -fstack-usage -specs=redlib.specs -MMD -MP -MF"source/Lab3.d" -MT"source/Lab3.o" -MT"source/Lab3.d" -o "source/Lab3.o" "../source/Lab3.c"
Finished building: ../source/Lab3.c
 
Building target: Lab3.axf
Invoking: MCU Linker
arm-none-eabi-gcc -nostdlib -Xlinker -Map="Lab3.map" -Xlinker --gc-sections -Xlinker -print-memory-usage -Xlinker --sort-section=alignment -Xlinker --cref -mcpu=cortex-m33 -mfpu=fpv5-sp-d16 -mfloat-abi=hard -mthumb -T Lab3_Debug.ld -o "Lab3.axf" ./utilities/str/fsl_str.o  ./utilities/debug_console/fsl_debug_console.o  ./utilities/fsl_assert.o  ./startup/boot_multicore_slave.o ./startup/startup_lpc55s69_cm33_core0.o  ./source/Lab3.o ./source/semihost_hardfault.o  ./drivers/fsl_clock.o ./drivers/fsl_common.o ./drivers/fsl_common_arm.o ./drivers/fsl_flexcomm.o ./drivers/fsl_gpio.o ./drivers/fsl_i2c.o ./drivers/fsl_inputmux.o ./drivers/fsl_pint.o ./drivers/fsl_power.o ./drivers/fsl_reset.o ./drivers/fsl_spi.o ./drivers/fsl_usart.o  ./device/system_LPC55S69_cm33_core0.o  ./component/uart/fsl_adapter_usart.o  ./component/serial_manager/fsl_component_serial_manager.o ./component/serial_manager/fsl_component_serial_port_uart.o  ./component/lists/fsl_component_generic_list.o  ./board/board.o ./board/clock_config.o ./board/peripherals.o ./board/pin_mux.o   
Memory region         Used Size  Region Size  %age Used
   PROGRAM_FLASH:       13940 B       630 KB      2.16%
            SRAM:        8480 B       256 KB      3.23%
           SRAMX:           0 B        32 KB      0.00%
         USB_RAM:           0 B        16 KB      0.00%
           SRAM4:           0 B        16 KB      0.00%
Finished building target: Lab3.axf
 
Performing post-build steps
arm-none-eabi-size "Lab3.axf"; # arm-none-eabi-objcopy -v -O binary "Lab3.axf" "Lab3.bin" ; # checksum -p LPC55S69 -d "Lab3.bin";
   text	   data	    bss	    dec	    hex	filename
  13932	      8	   8472	  22412	   578c	Lab3.axf
 
09:24:06 **** Build of configuration Debug for project LPC55S69_Project_lab3 ****
make -r -j8 all 
Building file: ../utilities/str/fsl_str.c
Building file: ../utilities/debug_console/fsl_debug_console.c
Building file: ../utilities/fsl_assert.c
Invoking: MCU C Compiler
Building file: ../startup/boot_multicore_slave.c
Invoking: MCU C Compiler
arm-none-eabi-gcc -DCPU_LPC55S69JBD100 -DCPU_LPC55S69JBD100_cm33 -DCPU_LPC55S69JBD100_cm33_core0 -DSERIAL_PORT_TYPE_UART=1 -DSDK_DEBUGCONSOLE=0 -DCR_INTEGER_PRINTF -DPRINTF_FLOAT_ENABLE=0 -D__MCUXPRESSO -D__USE_CMSIS -DDEBUG -D__REDLIB__ -I"C:\MCUExpresso files\LPC55S69_Project_lab3\board" -I"C:\MCUExpresso files\LPC55S69_Project_lab3\source" -I"C:\MCUExpresso files\LPC55S69_Project_lab3\utilities\debug_console" -I"C:\MCUExpresso files\LPC55S69_Project_lab3\utilities\debug_console\config" -I"C:\MCUExpresso files\LPC55S69_Project_lab3\drivers" -I"C:\MCUExpresso files\LPC55S69_Project_lab3\component\uart" -I"C:\MCUExpresso files\LPC55S69_Project_lab3\component\serial_manager" -I"C:\MCUExpresso files\LPC55S69_Project_lab3\utilities\str" -I"C:\MCUExpresso files\LPC55S69_Project_lab3\device" -I"C:\MCUExpresso files\LPC55S69_Project_lab3\device\periph" -I"C:\MCUExpresso files\LPC55S69_Project_lab3\CMSIS" -I"C:\MCUExpresso files\LPC55S69_Project_lab3\CMSIS\m-profile" -I"C:\MCUExpresso files\LPC55S69_Project_lab3\component\lists" -I"C:\MCUExpresso files\LPC55S69_Project_lab3\utilities" -O0 -fno-common -g3 -gdwarf-4 -Wall -c -ffunction-sections -fdata-sections -fno-builtin -fmerge-constants -fmacro-prefix-map="../utilities/str/"= -mcpu=cortex-m33 -mfpu=fpv5-sp-d16 -mfloat-abi=hard -mthumb -D__REDLIB__ -fstack-usage -specs=redlib.specs -MMD -MP -MF"utilities/str/fsl_str.d" -MT"utilities/str/fsl_str.o" -MT"utilities/str/fsl_str.d" -o "utilities/str/fsl_str.o" "../utilities/str/fsl_str.c"
Invoking: MCU C Compiler
arm-none-eabi-gcc -DCPU_LPC55S69JBD100 -DCPU_LPC55S69JBD100_cm33 -DCPU_LPC55S69JBD100_cm33_core0 -DSERIAL_PORT_TYPE_UART=1 -DSDK_DEBUGCONSOLE=0 -DCR_INTEGER_PRINTF -DPRINTF_FLOAT_ENABLE=0 -D__MCUXPRESSO -D__USE_CMSIS -DDEBUG -D__REDLIB__ -I"C:\MCUExpresso files\LPC55S69_Project_lab3\board" -I"C:\MCUExpresso files\LPC55S69_Project_lab3\source" -I"C:\MCUExpresso files\LPC55S69_Project_lab3\utilities\debug_console" -I"C:\MCUExpresso files\LPC55S69_Project_lab3\utilities\debug_console\config" -I"C:\MCUExpresso files\LPC55S69_Project_lab3\drivers" -I"C:\MCUExpresso files\LPC55S69_Project_lab3\component\uart" -I"C:\MCUExpresso files\LPC55S69_Project_lab3\component\serial_manager" -I"C:\MCUExpresso files\LPC55S69_Project_lab3\utilities\str" -I"C:\MCUExpresso files\LPC55S69_Project_lab3\device" -I"C:\MCUExpresso files\LPC55S69_Project_lab3\device\periph" -I"C:\MCUExpresso files\LPC55S69_Project_lab3\CMSIS" -I"C:\MCUExpresso files\LPC55S69_Project_lab3\CMSIS\m-profile" -I"C:\MCUExpresso files\LPC55S69_Project_lab3\component\lists" -I"C:\MCUExpresso files\LPC55S69_Project_lab3\utilities" -O0 -fno-common -g3 -gdwarf-4 -Wall -c -ffunction-sections -fdata-sections -fno-builtin -fmerge-constants -fmacro-prefix-map="../utilities/debug_console/"= -mcpu=cortex-m33 -mfpu=fpv5-sp-d16 -mfloat-abi=hard -mthumb -D__REDLIB__ -fstack-usage -specs=redlib.specs -MMD -MP -MF"utilities/debug_console/fsl_debug_console.d" -MT"utilities/debug_console/fsl_debug_console.o" -MT"utilities/debug_console/fsl_debug_console.d" -o "utilities/debug_console/fsl_debug_console.o" "../utilities/debug_console/fsl_debug_console.c"
Building file: ../startup/startup_lpc55s69_cm33_core0.c
Invoking: MCU C Compiler
arm-none-eabi-gcc -DCPU_LPC55S69JBD100 -DCPU_LPC55S69JBD100_cm33 -DCPU_LPC55S69JBD100_cm33_core0 -DSERIAL_PORT_TYPE_UART=1 -DSDK_DEBUGCONSOLE=0 -DCR_INTEGER_PRINTF -DPRINTF_FLOAT_ENABLE=0 -D__MCUXPRESSO -D__USE_CMSIS -DDEBUG -D__REDLIB__ -I"C:\MCUExpresso files\LPC55S69_Project_lab3\board" -I"C:\MCUExpresso files\LPC55S69_Project_lab3\source" -I"C:\MCUExpresso files\LPC55S69_Project_lab3\utilities\debug_console" -I"C:\MCUExpresso files\LPC55S69_Project_lab3\utilities\debug_console\config" -I"C:\MCUExpresso files\LPC55S69_Project_lab3\drivers" -I"C:\MCUExpresso files\LPC55S69_Project_lab3\component\uart" -I"C:\MCUExpresso files\LPC55S69_Project_lab3\component\serial_manager" -I"C:\MCUExpresso files\LPC55S69_Project_lab3\utilities\str" -I"C:\MCUExpresso files\LPC55S69_Project_lab3\device" -I"C:\MCUExpresso files\LPC55S69_Project_lab3\device\periph" -I"C:\MCUExpresso files\LPC55S69_Project_lab3\CMSIS" -I"C:\MCUExpresso files\LPC55S69_Project_lab3\CMSIS\m-profile" -I"C:\MCUExpresso files\LPC55S69_Project_lab3\component\lists" -I"C:\MCUExpresso files\LPC55S69_Project_lab3\utilities" -O0 -fno-common -g3 -gdwarf-4 -Wall -c -ffunction-sections -fdata-sections -fno-builtin -fmerge-constants -fmacro-prefix-map="../utilities/"= -mcpu=cortex-m33 -mfpu=fpv5-sp-d16 -mfloat-abi=hard -mthumb -D__REDLIB__ -fstack-usage -specs=redlib.specs -MMD -MP -MF"utilities/fsl_assert.d" -MT"utilities/fsl_assert.o" -MT"utilities/fsl_assert.d" -o "utilities/fsl_assert.o" "../utilities/fsl_assert.c"
arm-none-eabi-gcc -DCPU_LPC55S69JBD100 -DCPU_LPC55S69JBD100_cm33 -DCPU_LPC55S69JBD100_cm33_core0 -DSERIAL_PORT_TYPE_UART=1 -DSDK_DEBUGCONSOLE=0 -DCR_INTEGER_PRINTF -DPRINTF_FLOAT_ENABLE=0 -D__MCUXPRESSO -D__USE_CMSIS -DDEBUG -D__REDLIB__ -I"C:\MCUExpresso files\LPC55S69_Project_lab3\board" -I"C:\MCUExpresso files\LPC55S69_Project_lab3\source" -I"C:\MCUExpresso files\LPC55S69_Project_lab3\utilities\debug_console" -I"C:\MCUExpresso files\LPC55S69_Project_lab3\utilities\debug_console\config" -I"C:\MCUExpresso files\LPC55S69_Project_lab3\drivers" -I"C:\MCUExpresso files\LPC55S69_Project_lab3\component\uart" -I"C:\MCUExpresso files\LPC55S69_Project_lab3\component\serial_manager" -I"C:\MCUExpresso files\LPC55S69_Project_lab3\utilities\str" -I"C:\MCUExpresso files\LPC55S69_Project_lab3\device" -I"C:\MCUExpresso files\LPC55S69_Project_lab3\device\periph" -I"C:\MCUExpresso files\LPC55S69_Project_lab3\CMSIS" -I"C:\MCUExpresso files\LPC55S69_Project_lab3\CMSIS\m-profile" -I"C:\MCUExpresso files\LPC55S69_Project_lab3\component\lists" -I"C:\MCUExpresso files\LPC55S69_Project_lab3\utilities" -O0 -fno-common -g3 -gdwarf-4 -Wall -c -ffunction-sections -fdata-sections -fno-builtin -fmerge-constants -fmacro-prefix-map="../startup/"= -mcpu=cortex-m33 -mfpu=fpv5-sp-d16 -mfloat-abi=hard -mthumb -D__REDLIB__ -fstack-usage -specs=redlib.specs -MMD -MP -MF"startup/boot_multicore_slave.d" -MT"startup/boot_multicore_slave.o" -MT"startup/boot_multicore_slave.d" -o "startup/boot_multicore_slave.o" "../startup/boot_multicore_slave.c"
Invoking: MCU C Compiler
arm-none-eabi-gcc -DCPU_LPC55S69JBD100 -DCPU_LPC55S69JBD100_cm33 -DCPU_LPC55S69JBD100_cm33_core0 -DSERIAL_PORT_TYPE_UART=1 -DSDK_DEBUGCONSOLE=0 -DCR_INTEGER_PRINTF -DPRINTF_FLOAT_ENABLE=0 -D__MCUXPRESSO -D__USE_CMSIS -DDEBUG -D__REDLIB__ -I"C:\MCUExpresso files\LPC55S69_Project_lab3\board" -I"C:\MCUExpresso files\LPC55S69_Project_lab3\source" -I"C:\MCUExpresso files\LPC55S69_Project_lab3\utilities\debug_console" -I"C:\MCUExpresso files\LPC55S69_Project_lab3\utilities\debug_console\config" -I"C:\MCUExpresso files\LPC55S69_Project_lab3\drivers" -I"C:\MCUExpresso files\LPC55S69_Project_lab3\component\uart" -I"C:\MCUExpresso files\LPC55S69_Project_lab3\component\serial_manager" -I"C:\MCUExpresso files\LPC55S69_Project_lab3\utilities\str" -I"C:\MCUExpresso files\LPC55S69_Project_lab3\device" -I"C:\MCUExpresso files\LPC55S69_Project_lab3\device\periph" -I"C:\MCUExpresso files\LPC55S69_Project_lab3\CMSIS" -I"C:\MCUExpresso files\LPC55S69_Project_lab3\CMSIS\m-profile" -I"C:\MCUExpresso files\LPC55S69_Project_lab3\component\lists" -I"C:\MCUExpresso files\LPC55S69_Project_lab3\utilities" -O0 -fno-common -g3 -gdwarf-4 -Wall -c -ffunction-sections -fdata-sections -fno-builtin -fmerge-constants -fmacro-prefix-map="../startup/"= -mcpu=cortex-m33 -mfpu=fpv5-sp-d16 -mfloat-abi=hard -mthumb -D__REDLIB__ -fstack-usage -specs=redlib.specs -MMD -MP -MF"startup/startup_lpc55s69_cm33_core0.d" -MT"startup/startup_lpc55s69_cm33_core0.o" -MT"startup/startup_lpc55s69_cm33_core0.d" -o "startup/startup_lpc55s69_cm33_core0.o" "../startup/startup_lpc55s69_cm33_core0.c"
Building file: ../source/LPC55S69_Project_lab3.c
Building file: ../source/semihost_hardfault.c
Building file: ../drivers/fsl_clock.c
Invoking: MCU C Compiler
Invoking: MCU C Compiler
Invoking: MCU C Compiler
arm-none-eabi-gcc -DCPU_LPC55S69JBD100 -DCPU_LPC55S69JBD100_cm33 -DCPU_LPC55S69JBD100_cm33_core0 -DSERIAL_PORT_TYPE_UART=1 -DSDK_DEBUGCONSOLE=0 -DCR_INTEGER_PRINTF -DPRINTF_FLOAT_ENABLE=0 -D__MCUXPRESSO -D__USE_CMSIS -DDEBUG -D__REDLIB__ -I"C:\MCUExpresso files\LPC55S69_Project_lab3\board" -I"C:\MCUExpresso files\LPC55S69_Project_lab3\source" -I"C:\MCUExpresso files\LPC55S69_Project_lab3\utilities\debug_console" -I"C:\MCUExpresso files\LPC55S69_Project_lab3\utilities\debug_console\config" -I"C:\MCUExpresso files\LPC55S69_Project_lab3\drivers" -I"C:\MCUExpresso files\LPC55S69_Project_lab3\component\uart" -I"C:\MCUExpresso files\LPC55S69_Project_lab3\component\serial_manager" -I"C:\MCUExpresso files\LPC55S69_Project_lab3\utilities\str" -I"C:\MCUExpresso files\LPC55S69_Project_lab3\device" -I"C:\MCUExpresso files\LPC55S69_Project_lab3\device\periph" -I"C:\MCUExpresso files\LPC55S69_Project_lab3\CMSIS" -I"C:\MCUExpresso files\LPC55S69_Project_lab3\CMSIS\m-profile" -I"C:\MCUExpresso files\LPC55S69_Project_lab3\component\lists" -I"C:\MCUExpresso files\LPC55S69_Project_lab3\utilities" -O0 -fno-common -g3 -gdwarf-4 -Wall -c -ffunction-sections -fdata-sections -fno-builtin -fmerge-constants -fmacro-prefix-map="../drivers/"= -mcpu=cortex-m33 -mfpu=fpv5-sp-d16 -mfloat-abi=hard -mthumb -D__REDLIB__ -fstack-usage -specs=redlib.specs -MMD -MP -MF"drivers/fsl_clock.d" -MT"drivers/fsl_clock.o" -MT"drivers/fsl_clock.d" -o "drivers/fsl_clock.o" "../drivers/fsl_clock.c"
arm-none-eabi-gcc -DCPU_LPC55S69JBD100 -DCPU_LPC55S69JBD100_cm33 -DCPU_LPC55S69JBD100_cm33_core0 -DSERIAL_PORT_TYPE_UART=1 -DSDK_DEBUGCONSOLE=0 -DCR_INTEGER_PRINTF -DPRINTF_FLOAT_ENABLE=0 -D__MCUXPRESSO -D__USE_CMSIS -DDEBUG -D__REDLIB__ -I"C:\MCUExpresso files\LPC55S69_Project_lab3\board" -I"C:\MCUExpresso files\LPC55S69_Project_lab3\source" -I"C:\MCUExpresso files\LPC55S69_Project_lab3\utilities\debug_console" -I"C:\MCUExpresso files\LPC55S69_Project_lab3\utilities\debug_console\config" -I"C:\MCUExpresso files\LPC55S69_Project_lab3\drivers" -I"C:\MCUExpresso files\LPC55S69_Project_lab3\component\uart" -I"C:\MCUExpresso files\LPC55S69_Project_lab3\component\serial_manager" -I"C:\MCUExpresso files\LPC55S69_Project_lab3\utilities\str" -I"C:\MCUExpresso files\LPC55S69_Project_lab3\device" -I"C:\MCUExpresso files\LPC55S69_Project_lab3\device\periph" -I"C:\MCUExpresso files\LPC55S69_Project_lab3\CMSIS" -I"C:\MCUExpresso files\LPC55S69_Project_lab3\CMSIS\m-profile" -I"C:\MCUExpresso files\LPC55S69_Project_lab3\component\lists" -I"C:\MCUExpresso files\LPC55S69_Project_lab3\utilities" -O0 -fno-common -g3 -gdwarf-4 -Wall -c -ffunction-sections -fdata-sections -fno-builtin -fmerge-constants -fmacro-prefix-map="../source/"= -mcpu=cortex-m33 -mfpu=fpv5-sp-d16 -mfloat-abi=hard -mthumb -D__REDLIB__ -fstack-usage -specs=redlib.specs -MMD -MP -MF"source/semihost_hardfault.d" -MT"source/semihost_hardfault.o" -MT"source/semihost_hardfault.d" -o "source/semihost_hardfault.o" "../source/semihost_hardfault.c"
arm-none-eabi-gcc -DCPU_LPC55S69JBD100 -DCPU_LPC55S69JBD100_cm33 -DCPU_LPC55S69JBD100_cm33_core0 -DSERIAL_PORT_TYPE_UART=1 -DSDK_DEBUGCONSOLE=0 -DCR_INTEGER_PRINTF -DPRINTF_FLOAT_ENABLE=0 -D__MCUXPRESSO -D__USE_CMSIS -DDEBUG -D__REDLIB__ -I"C:\MCUExpresso files\LPC55S69_Project_lab3\board" -I"C:\MCUExpresso files\LPC55S69_Project_lab3\source" -I"C:\MCUExpresso files\LPC55S69_Project_lab3\utilities\debug_console" -I"C:\MCUExpresso files\LPC55S69_Project_lab3\utilities\debug_console\config" -I"C:\MCUExpresso files\LPC55S69_Project_lab3\drivers" -I"C:\MCUExpresso files\LPC55S69_Project_lab3\component\uart" -I"C:\MCUExpresso files\LPC55S69_Project_lab3\component\serial_manager" -I"C:\MCUExpresso files\LPC55S69_Project_lab3\utilities\str" -I"C:\MCUExpresso files\LPC55S69_Project_lab3\device" -I"C:\MCUExpresso files\LPC55S69_Project_lab3\device\periph" -I"C:\MCUExpresso files\LPC55S69_Project_lab3\CMSIS" -I"C:\MCUExpresso files\LPC55S69_Project_lab3\CMSIS\m-profile" -I"C:\MCUExpresso files\LPC55S69_Project_lab3\component\lists" -I"C:\MCUExpresso files\LPC55S69_Project_lab3\utilities" -O0 -fno-common -g3 -gdwarf-4 -Wall -c -ffunction-sections -fdata-sections -fno-builtin -fmerge-constants -fmacro-prefix-map="../source/"= -mcpu=cortex-m33 -mfpu=fpv5-sp-d16 -mfloat-abi=hard -mthumb -D__REDLIB__ -fstack-usage -specs=redlib.specs -MMD -MP -MF"source/LPC55S69_Project_lab3.d" -MT"source/LPC55S69_Project_lab3.o" -MT"source/LPC55S69_Project_lab3.d" -o "source/LPC55S69_Project_lab3.o" "../source/LPC55S69_Project_lab3.c"
../source/LPC55S69_Project_lab3.c:20:6: error: conflicting types for 'cbPint'; have 'void(pint_pin_int_t,  uint32_t)' {aka 'void(enum _pint_int,  unsigned int)'}
   20 | void cbPint(pint_pin_int_t pintr, uint32_t pmatch_status)
      |      ^~~~~~
In file included from ../source/LPC55S69_Project_lab3.c:14:
C:\MCUExpresso files\LPC55S69_Project_lab3\board/peripherals.h:35:13: note: previous declaration of 'cbPint' with type 'void(pint_pin_int_t,  pint_status_t *)' {aka 'void(enum _pint_int,  struct _pint_status *)'}
   35 | extern void cbPint(pint_pin_int_t pintr, pint_status_t *status);
      |             ^~~~~~
Finished building: ../startup/boot_multicore_slave.c
 
Finished building: ../source/semihost_hardfault.c
make[1]: *** [source/subdir.mk:25: source/LPC55S69_Project_lab3.o] Error 1
make[1]: *** Waiting for unfinished jobs....
Building file: ../drivers/fsl_common.c
 
Invoking: MCU C Compiler
arm-none-eabi-gcc -DCPU_LPC55S69JBD100 -DCPU_LPC55S69JBD100_cm33 -DCPU_LPC55S69JBD100_cm33_core0 -DSERIAL_PORT_TYPE_UART=1 -DSDK_DEBUGCONSOLE=0 -DCR_INTEGER_PRINTF -DPRINTF_FLOAT_ENABLE=0 -D__MCUXPRESSO -D__USE_CMSIS -DDEBUG -D__REDLIB__ -I"C:\MCUExpresso files\LPC55S69_Project_lab3\board" -I"C:\MCUExpresso files\LPC55S69_Project_lab3\source" -I"C:\MCUExpresso files\LPC55S69_Project_lab3\utilities\debug_console" -I"C:\MCUExpresso files\LPC55S69_Project_lab3\utilities\debug_console\config" -I"C:\MCUExpresso files\LPC55S69_Project_lab3\drivers" -I"C:\MCUExpresso files\LPC55S69_Project_lab3\component\uart" -I"C:\MCUExpresso files\LPC55S69_Project_lab3\component\serial_manager" -I"C:\MCUExpresso files\LPC55S69_Project_lab3\utilities\str" -I"C:\MCUExpresso files\LPC55S69_Project_lab3\device" -I"C:\MCUExpresso files\LPC55S69_Project_lab3\device\periph" -I"C:\MCUExpresso files\LPC55S69_Project_lab3\CMSIS" -I"C:\MCUExpresso files\LPC55S69_Project_lab3\CMSIS\m-profile" -I"C:\MCUExpresso files\LPC55S69_Project_lab3\component\lists" -I"C:\MCUExpresso files\LPC55S69_Project_lab3\utilities" -O0 -fno-common -g3 -gdwarf-4 -Wall -c -ffunction-sections -fdata-sections -fno-builtin -fmerge-constants -fmacro-prefix-map="../drivers/"= -mcpu=cortex-m33 -mfpu=fpv5-sp-d16 -mfloat-abi=hard -mthumb -D__REDLIB__ -fstack-usage -specs=redlib.specs -MMD -MP -MF"drivers/fsl_common.d" -MT"drivers/fsl_common.o" -MT"drivers/fsl_common.d" -o "drivers/fsl_common.o" "../drivers/fsl_common.c"
Finished building: ../startup/startup_lpc55s69_cm33_core0.c
 
Finished building: ../utilities/fsl_assert.c
 
Finished building: ../utilities/str/fsl_str.c
 
Finished building: ../utilities/debug_console/fsl_debug_console.c
 
Finished building: ../drivers/fsl_clock.c
 
Finished building: ../drivers/fsl_common.c
 
make: *** [makefile:45: all] Error 2
"make -r -j8 all" terminated with exit code 2. Build might be incomplete.
09:24:49 **** Incremental Build of configuration Debug for project LPC55S69_Project_lab3 ****
make -r -j8 all 
Building file: ../source/LPC55S69_Project_lab3.c
Building file: ../drivers/fsl_common_arm.c
Building file: ../drivers/fsl_flexcomm.c
Invoking: MCU C Compiler
arm-none-eabi-gcc -DCPU_LPC55S69JBD100 -DCPU_LPC55S69JBD100_cm33 -DCPU_LPC55S69JBD100_cm33_core0 -DSERIAL_PORT_TYPE_UART=1 -DSDK_DEBUGCONSOLE=0 -DCR_INTEGER_PRINTF -DPRINTF_FLOAT_ENABLE=0 -D__MCUXPRESSO -D__USE_CMSIS -DDEBUG -D__REDLIB__ -I"C:\MCUExpresso files\LPC55S69_Project_lab3\board" -I"C:\MCUExpresso files\LPC55S69_Project_lab3\source" -I"C:\MCUExpresso files\LPC55S69_Project_lab3\utilities\debug_console" -I"C:\MCUExpresso files\LPC55S69_Project_lab3\utilities\debug_console\config" -I"C:\MCUExpresso files\LPC55S69_Project_lab3\drivers" -I"C:\MCUExpresso files\LPC55S69_Project_lab3\component\uart" -I"C:\MCUExpresso files\LPC55S69_Project_lab3\component\serial_manager" -I"C:\MCUExpresso files\LPC55S69_Project_lab3\utilities\str" -I"C:\MCUExpresso files\LPC55S69_Project_lab3\device" -I"C:\MCUExpresso files\LPC55S69_Project_lab3\device\periph" -I"C:\MCUExpresso files\LPC55S69_Project_lab3\CMSIS" -I"C:\MCUExpresso files\LPC55S69_Project_lab3\CMSIS\m-profile" -I"C:\MCUExpresso files\LPC55S69_Project_lab3\component\lists" -I"C:\MCUExpresso files\LPC55S69_Project_lab3\utilities" -O0 -fno-common -g3 -gdwarf-4 -Wall -c -ffunction-sections -fdata-sections -fno-builtin -fmerge-constants -fmacro-prefix-map="../source/"= -mcpu=cortex-m33 -mfpu=fpv5-sp-d16 -mfloat-abi=hard -mthumb -D__REDLIB__ -fstack-usage -specs=redlib.specs -MMD -MP -MF"source/LPC55S69_Project_lab3.d" -MT"source/LPC55S69_Project_lab3.o" -MT"source/LPC55S69_Project_lab3.d" -o "source/LPC55S69_Project_lab3.o" "../source/LPC55S69_Project_lab3.c"
Building file: ../drivers/fsl_gpio.c
Invoking: MCU C Compiler
Invoking: MCU C Compiler
arm-none-eabi-gcc -DCPU_LPC55S69JBD100 -DCPU_LPC55S69JBD100_cm33 -DCPU_LPC55S69JBD100_cm33_core0 -DSERIAL_PORT_TYPE_UART=1 -DSDK_DEBUGCONSOLE=0 -DCR_INTEGER_PRINTF -DPRINTF_FLOAT_ENABLE=0 -D__MCUXPRESSO -D__USE_CMSIS -DDEBUG -D__REDLIB__ -I"C:\MCUExpresso files\LPC55S69_Project_lab3\board" -I"C:\MCUExpresso files\LPC55S69_Project_lab3\source" -I"C:\MCUExpresso files\LPC55S69_Project_lab3\utilities\debug_console" -I"C:\MCUExpresso files\LPC55S69_Project_lab3\utilities\debug_console\config" -I"C:\MCUExpresso files\LPC55S69_Project_lab3\drivers" -I"C:\MCUExpresso files\LPC55S69_Project_lab3\component\uart" -I"C:\MCUExpresso files\LPC55S69_Project_lab3\component\serial_manager" -I"C:\MCUExpresso files\LPC55S69_Project_lab3\utilities\str" -I"C:\MCUExpresso files\LPC55S69_Project_lab3\device" -I"C:\MCUExpresso files\LPC55S69_Project_lab3\device\periph" -I"C:\MCUExpresso files\LPC55S69_Project_lab3\CMSIS" -I"C:\MCUExpresso files\LPC55S69_Project_lab3\CMSIS\m-profile" -I"C:\MCUExpresso files\LPC55S69_Project_lab3\component\lists" -I"C:\MCUExpresso files\LPC55S69_Project_lab3\utilities" -O0 -fno-common -g3 -gdwarf-4 -Wall -c -ffunction-sections -fdata-sections -fno-builtin -fmerge-constants -fmacro-prefix-map="../drivers/"= -mcpu=cortex-m33 -mfpu=fpv5-sp-d16 -mfloat-abi=hard -mthumb -D__REDLIB__ -fstack-usage -specs=redlib.specs -MMD -MP -MF"drivers/fsl_common_arm.d" -MT"drivers/fsl_common_arm.o" -MT"drivers/fsl_common_arm.d" -o "drivers/fsl_common_arm.o" "../drivers/fsl_common_arm.c"
Invoking: MCU C Compiler
arm-none-eabi-gcc -DCPU_LPC55S69JBD100 -DCPU_LPC55S69JBD100_cm33 -DCPU_LPC55S69JBD100_cm33_core0 -DSERIAL_PORT_TYPE_UART=1 -DSDK_DEBUGCONSOLE=0 -DCR_INTEGER_PRINTF -DPRINTF_FLOAT_ENABLE=0 -D__MCUXPRESSO -D__USE_CMSIS -DDEBUG -D__REDLIB__ -I"C:\MCUExpresso files\LPC55S69_Project_lab3\board" -I"C:\MCUExpresso files\LPC55S69_Project_lab3\source" -I"C:\MCUExpresso files\LPC55S69_Project_lab3\utilities\debug_console" -I"C:\MCUExpresso files\LPC55S69_Project_lab3\utilities\debug_console\config" -I"C:\MCUExpresso files\LPC55S69_Project_lab3\drivers" -I"C:\MCUExpresso files\LPC55S69_Project_lab3\component\uart" -I"C:\MCUExpresso files\LPC55S69_Project_lab3\component\serial_manager" -I"C:\MCUExpresso files\LPC55S69_Project_lab3\utilities\str" -I"C:\MCUExpresso files\LPC55S69_Project_lab3\device" -I"C:\MCUExpresso files\LPC55S69_Project_lab3\device\periph" -I"C:\MCUExpresso files\LPC55S69_Project_lab3\CMSIS" -I"C:\MCUExpresso files\LPC55S69_Project_lab3\CMSIS\m-profile" -I"C:\MCUExpresso files\LPC55S69_Project_lab3\component\lists" -I"C:\MCUExpresso files\LPC55S69_Project_lab3\utilities" -O0 -fno-common -g3 -gdwarf-4 -Wall -c -ffunction-sections -fdata-sections -fno-builtin -fmerge-constants -fmacro-prefix-map="../drivers/"= -mcpu=cortex-m33 -mfpu=fpv5-sp-d16 -mfloat-abi=hard -mthumb -D__REDLIB__ -fstack-usage -specs=redlib.specs -MMD -MP -MF"drivers/fsl_flexcomm.d" -MT"drivers/fsl_flexcomm.o" -MT"drivers/fsl_flexcomm.d" -o "drivers/fsl_flexcomm.o" "../drivers/fsl_flexcomm.c"
Building file: ../drivers/fsl_i2c.c
arm-none-eabi-gcc -DCPU_LPC55S69JBD100 -DCPU_LPC55S69JBD100_cm33 -DCPU_LPC55S69JBD100_cm33_core0 -DSERIAL_PORT_TYPE_UART=1 -DSDK_DEBUGCONSOLE=0 -DCR_INTEGER_PRINTF -DPRINTF_FLOAT_ENABLE=0 -D__MCUXPRESSO -D__USE_CMSIS -DDEBUG -D__REDLIB__ -I"C:\MCUExpresso files\LPC55S69_Project_lab3\board" -I"C:\MCUExpresso files\LPC55S69_Project_lab3\source" -I"C:\MCUExpresso files\LPC55S69_Project_lab3\utilities\debug_console" -I"C:\MCUExpresso files\LPC55S69_Project_lab3\utilities\debug_console\config" -I"C:\MCUExpresso files\LPC55S69_Project_lab3\drivers" -I"C:\MCUExpresso files\LPC55S69_Project_lab3\component\uart" -I"C:\MCUExpresso files\LPC55S69_Project_lab3\component\serial_manager" -I"C:\MCUExpresso files\LPC55S69_Project_lab3\utilities\str" -I"C:\MCUExpresso files\LPC55S69_Project_lab3\device" -I"C:\MCUExpresso files\LPC55S69_Project_lab3\device\periph" -I"C:\MCUExpresso files\LPC55S69_Project_lab3\CMSIS" -I"C:\MCUExpresso files\LPC55S69_Project_lab3\CMSIS\m-profile" -I"C:\MCUExpresso files\LPC55S69_Project_lab3\component\lists" -I"C:\MCUExpresso files\LPC55S69_Project_lab3\utilities" -O0 -fno-common -g3 -gdwarf-4 -Wall -c -ffunction-sections -fdata-sections -fno-builtin -fmerge-constants -fmacro-prefix-map="../drivers/"= -mcpu=cortex-m33 -mfpu=fpv5-sp-d16 -mfloat-abi=hard -mthumb -D__REDLIB__ -fstack-usage -specs=redlib.specs -MMD -MP -MF"drivers/fsl_gpio.d" -MT"drivers/fsl_gpio.o" -MT"drivers/fsl_gpio.d" -o "drivers/fsl_gpio.o" "../drivers/fsl_gpio.c"
Invoking: MCU C Compiler
Building file: ../drivers/fsl_inputmux.c
Building file: ../drivers/fsl_power.c
arm-none-eabi-gcc -DCPU_LPC55S69JBD100 -DCPU_LPC55S69JBD100_cm33 -DCPU_LPC55S69JBD100_cm33_core0 -DSERIAL_PORT_TYPE_UART=1 -DSDK_DEBUGCONSOLE=0 -DCR_INTEGER_PRINTF -DPRINTF_FLOAT_ENABLE=0 -D__MCUXPRESSO -D__USE_CMSIS -DDEBUG -D__REDLIB__ -I"C:\MCUExpresso files\LPC55S69_Project_lab3\board" -I"C:\MCUExpresso files\LPC55S69_Project_lab3\source" -I"C:\MCUExpresso files\LPC55S69_Project_lab3\utilities\debug_console" -I"C:\MCUExpresso files\LPC55S69_Project_lab3\utilities\debug_console\config" -I"C:\MCUExpresso files\LPC55S69_Project_lab3\drivers" -I"C:\MCUExpresso files\LPC55S69_Project_lab3\component\uart" -I"C:\MCUExpresso files\LPC55S69_Project_lab3\component\serial_manager" -I"C:\MCUExpresso files\LPC55S69_Project_lab3\utilities\str" -I"C:\MCUExpresso files\LPC55S69_Project_lab3\device" -I"C:\MCUExpresso files\LPC55S69_Project_lab3\device\periph" -I"C:\MCUExpresso files\LPC55S69_Project_lab3\CMSIS" -I"C:\MCUExpresso files\LPC55S69_Project_lab3\CMSIS\m-profile" -I"C:\MCUExpresso files\LPC55S69_Project_lab3\component\lists" -I"C:\MCUExpresso files\LPC55S69_Project_lab3\utilities" -O0 -fno-common -g3 -gdwarf-4 -Wall -c -ffunction-sections -fdata-sections -fno-builtin -fmerge-constants -fmacro-prefix-map="../drivers/"= -mcpu=cortex-m33 -mfpu=fpv5-sp-d16 -mfloat-abi=hard -mthumb -D__REDLIB__ -fstack-usage -specs=redlib.specs -MMD -MP -MF"drivers/fsl_i2c.d" -MT"drivers/fsl_i2c.o" -MT"drivers/fsl_i2c.d" -o "drivers/fsl_i2c.o" "../drivers/fsl_i2c.c"
Building file: ../drivers/fsl_pint.c
Invoking: MCU C Compiler
arm-none-eabi-gcc -DCPU_LPC55S69JBD100 -DCPU_LPC55S69JBD100_cm33 -DCPU_LPC55S69JBD100_cm33_core0 -DSERIAL_PORT_TYPE_UART=1 -DSDK_DEBUGCONSOLE=0 -DCR_INTEGER_PRINTF -DPRINTF_FLOAT_ENABLE=0 -D__MCUXPRESSO -D__USE_CMSIS -DDEBUG -D__REDLIB__ -I"C:\MCUExpresso files\LPC55S69_Project_lab3\board" -I"C:\MCUExpresso files\LPC55S69_Project_lab3\source" -I"C:\MCUExpresso files\LPC55S69_Project_lab3\utilities\debug_console" -I"C:\MCUExpresso files\LPC55S69_Project_lab3\utilities\debug_console\config" -I"C:\MCUExpresso files\LPC55S69_Project_lab3\drivers" -I"C:\MCUExpresso files\LPC55S69_Project_lab3\component\uart" -I"C:\MCUExpresso files\LPC55S69_Project_lab3\component\serial_manager" -I"C:\MCUExpresso files\LPC55S69_Project_lab3\utilities\str" -I"C:\MCUExpresso files\LPC55S69_Project_lab3\device" -I"C:\MCUExpresso files\LPC55S69_Project_lab3\device\periph" -I"C:\MCUExpresso files\LPC55S69_Project_lab3\CMSIS" -I"C:\MCUExpresso files\LPC55S69_Project_lab3\CMSIS\m-profile" -I"C:\MCUExpresso files\LPC55S69_Project_lab3\component\lists" -I"C:\MCUExpresso files\LPC55S69_Project_lab3\utilities" -O0 -fno-common -g3 -gdwarf-4 -Wall -c -ffunction-sections -fdata-sections -fno-builtin -fmerge-constants -fmacro-prefix-map="../drivers/"= -mcpu=cortex-m33 -mfpu=fpv5-sp-d16 -mfloat-abi=hard -mthumb -D__REDLIB__ -fstack-usage -specs=redlib.specs -MMD -MP -MF"drivers/fsl_power.d" -MT"drivers/fsl_power.o" -MT"drivers/fsl_power.d" -o "drivers/fsl_power.o" "../drivers/fsl_power.c"
Invoking: MCU C Compiler
arm-none-eabi-gcc -DCPU_LPC55S69JBD100 -DCPU_LPC55S69JBD100_cm33 -DCPU_LPC55S69JBD100_cm33_core0 -DSERIAL_PORT_TYPE_UART=1 -DSDK_DEBUGCONSOLE=0 -DCR_INTEGER_PRINTF -DPRINTF_FLOAT_ENABLE=0 -D__MCUXPRESSO -D__USE_CMSIS -DDEBUG -D__REDLIB__ -I"C:\MCUExpresso files\LPC55S69_Project_lab3\board" -I"C:\MCUExpresso files\LPC55S69_Project_lab3\source" -I"C:\MCUExpresso files\LPC55S69_Project_lab3\utilities\debug_console" -I"C:\MCUExpresso files\LPC55S69_Project_lab3\utilities\debug_console\config" -I"C:\MCUExpresso files\LPC55S69_Project_lab3\drivers" -I"C:\MCUExpresso files\LPC55S69_Project_lab3\component\uart" -I"C:\MCUExpresso files\LPC55S69_Project_lab3\component\serial_manager" -I"C:\MCUExpresso files\LPC55S69_Project_lab3\utilities\str" -I"C:\MCUExpresso files\LPC55S69_Project_lab3\device" -I"C:\MCUExpresso files\LPC55S69_Project_lab3\device\periph" -I"C:\MCUExpresso files\LPC55S69_Project_lab3\CMSIS" -I"C:\MCUExpresso files\LPC55S69_Project_lab3\CMSIS\m-profile" -I"C:\MCUExpresso files\LPC55S69_Project_lab3\component\lists" -I"C:\MCUExpresso files\LPC55S69_Project_lab3\utilities" -O0 -fno-common -g3 -gdwarf-4 -Wall -c -ffunction-sections -fdata-sections -fno-builtin -fmerge-constants -fmacro-prefix-map="../drivers/"= -mcpu=cortex-m33 -mfpu=fpv5-sp-d16 -mfloat-abi=hard -mthumb -D__REDLIB__ -fstack-usage -specs=redlib.specs -MMD -MP -MF"drivers/fsl_inputmux.d" -MT"drivers/fsl_inputmux.o" -MT"drivers/fsl_inputmux.d" -o "drivers/fsl_inputmux.o" "../drivers/fsl_inputmux.c"
Invoking: MCU C Compiler
arm-none-eabi-gcc -DCPU_LPC55S69JBD100 -DCPU_LPC55S69JBD100_cm33 -DCPU_LPC55S69JBD100_cm33_core0 -DSERIAL_PORT_TYPE_UART=1 -DSDK_DEBUGCONSOLE=0 -DCR_INTEGER_PRINTF -DPRINTF_FLOAT_ENABLE=0 -D__MCUXPRESSO -D__USE_CMSIS -DDEBUG -D__REDLIB__ -I"C:\MCUExpresso files\LPC55S69_Project_lab3\board" -I"C:\MCUExpresso files\LPC55S69_Project_lab3\source" -I"C:\MCUExpresso files\LPC55S69_Project_lab3\utilities\debug_console" -I"C:\MCUExpresso files\LPC55S69_Project_lab3\utilities\debug_console\config" -I"C:\MCUExpresso files\LPC55S69_Project_lab3\drivers" -I"C:\MCUExpresso files\LPC55S69_Project_lab3\component\uart" -I"C:\MCUExpresso files\LPC55S69_Project_lab3\component\serial_manager" -I"C:\MCUExpresso files\LPC55S69_Project_lab3\utilities\str" -I"C:\MCUExpresso files\LPC55S69_Project_lab3\device" -I"C:\MCUExpresso files\LPC55S69_Project_lab3\device\periph" -I"C:\MCUExpresso files\LPC55S69_Project_lab3\CMSIS" -I"C:\MCUExpresso files\LPC55S69_Project_lab3\CMSIS\m-profile" -I"C:\MCUExpresso files\LPC55S69_Project_lab3\component\lists" -I"C:\MCUExpresso files\LPC55S69_Project_lab3\utilities" -O0 -fno-common -g3 -gdwarf-4 -Wall -c -ffunction-sections -fdata-sections -fno-builtin -fmerge-constants -fmacro-prefix-map="../drivers/"= -mcpu=cortex-m33 -mfpu=fpv5-sp-d16 -mfloat-abi=hard -mthumb -D__REDLIB__ -fstack-usage -specs=redlib.specs -MMD -MP -MF"drivers/fsl_pint.d" -MT"drivers/fsl_pint.o" -MT"drivers/fsl_pint.d" -o "drivers/fsl_pint.o" "../drivers/fsl_pint.c"
../source/LPC55S69_Project_lab3.c:30:6: error: conflicting types for 'cbPint'; have 'void(pint_pin_int_t,  uint32_t)' {aka 'void(enum _pint_int,  unsigned int)'}
   30 | void cbPint(pint_pin_int_t pintr, uint32_t pmatch_status)
      |      ^~~~~~
In file included from ../source/LPC55S69_Project_lab3.c:16:
C:\MCUExpresso files\LPC55S69_Project_lab3\board/peripherals.h:35:13: note: previous declaration of 'cbPint' with type 'void(pint_pin_int_t,  pint_status_t *)' {aka 'void(enum _pint_int,  struct _pint_status *)'}
   35 | extern void cbPint(pint_pin_int_t pintr, pint_status_t *status);
      |             ^~~~~~
make[1]: *** [source/subdir.mk:23: source/LPC55S69_Project_lab3.o] Error 1
make[1]: *** Waiting for unfinished jobs....
Finished building: ../drivers/fsl_common_arm.c
 
Finished building: ../drivers/fsl_flexcomm.c
 
Finished building: ../drivers/fsl_gpio.c
 
Finished building: ../drivers/fsl_inputmux.c
 
Finished building: ../drivers/fsl_pint.c
Finished building: ../drivers/fsl_power.c
 
Finished building: ../drivers/fsl_i2c.c
 
 
make: *** [makefile:45: all] Error 2
"make -r -j8 all" terminated with exit code 2. Build might be incomplete.
09:29:29 **** Clean-only build of configuration Debug for project LPC55S69_Project_lab3 ****
make -r -j8 clean 
rm -rf ./utilities/str/fsl_str.d ./utilities/str/fsl_str.o
rm -rf ./utilities/debug_console/fsl_debug_console.d ./utilities/debug_console/fsl_debug_console.o
rm -rf ./utilities/fsl_assert.d ./utilities/fsl_assert.o
rm -rf ./startup/boot_multicore_slave.d ./startup/boot_multicore_slave.o ./startup/startup_lpc55s69_cm33_core0.d ./startup/startup_lpc55s69_cm33_core0.o
rm -rf ./source/LPC55S69_Project_lab3.d ./source/LPC55S69_Project_lab3.o ./source/semihost_hardfault.d ./source/semihost_hardfault.o
rm -rf ./drivers/fsl_clock.d ./drivers/fsl_clock.o ./drivers/fsl_common.d ./drivers/fsl_common.o ./drivers/fsl_common_arm.d ./drivers/fsl_common_arm.o ./drivers/fsl_flexcomm.d ./drivers/fsl_flexcomm.o ./drivers/fsl_gpio.d ./drivers/fsl_gpio.o ./drivers/fsl_i2c.d ./drivers/fsl_i2c.o ./drivers/fsl_inputmux.d ./drivers/fsl_inputmux.o ./drivers/fsl_pint.d ./drivers/fsl_pint.o ./drivers/fsl_power.d ./drivers/fsl_power.o ./drivers/fsl_reset.d ./drivers/fsl_reset.o ./drivers/fsl_spi.d ./drivers/fsl_spi.o ./drivers/fsl_usart.d ./drivers/fsl_usart.o
rm -rf ./device/system_LPC55S69_cm33_core0.d ./device/system_LPC55S69_cm33_core0.o
rm -rf ./component/uart/fsl_adapter_usart.d ./component/uart/fsl_adapter_usart.o
rm -rf ./component/serial_manager/fsl_component_serial_manager.d ./component/serial_manager/fsl_component_serial_manager.o ./component/serial_manager/fsl_component_serial_port_uart.d ./component/serial_manager/fsl_component_serial_port_uart.o
rm -rf ./component/lists/fsl_component_generic_list.d ./component/lists/fsl_component_generic_list.o
rm -rf ./board/board.d ./board/board.o ./board/clock_config.d ./board/clock_config.o ./board/peripherals.d ./board/peripherals.o ./board/pin_mux.d ./board/pin_mux.o
rm -rf LPC55S69_Project_lab3.axf
 
09:29:30 **** Build of configuration Debug for project LPC55S69_Project_lab3 ****
make -r -j8 all 
Building file: ../utilities/str/fsl_str.c
Building file: ../utilities/debug_console/fsl_debug_console.c
Building file: ../utilities/fsl_assert.c
Invoking: MCU C Compiler
Invoking: MCU C Compiler
arm-none-eabi-gcc -DCPU_LPC55S69JBD100 -DCPU_LPC55S69JBD100_cm33 -DCPU_LPC55S69JBD100_cm33_core0 -DSERIAL_PORT_TYPE_UART=1 -DSDK_DEBUGCONSOLE=0 -DCR_INTEGER_PRINTF -DPRINTF_FLOAT_ENABLE=0 -D__MCUXPRESSO -D__USE_CMSIS -DDEBUG -D__REDLIB__ -I"C:\MCUExpresso files\LPC55S69_Project_lab3\board" -I"C:\MCUExpresso files\LPC55S69_Project_lab3\source" -I"C:\MCUExpresso files\LPC55S69_Project_lab3\utilities\debug_console" -I"C:\MCUExpresso files\LPC55S69_Project_lab3\utilities\debug_console\config" -I"C:\MCUExpresso files\LPC55S69_Project_lab3\drivers" -I"C:\MCUExpresso files\LPC55S69_Project_lab3\component\uart" -I"C:\MCUExpresso files\LPC55S69_Project_lab3\component\serial_manager" -I"C:\MCUExpresso files\LPC55S69_Project_lab3\utilities\str" -I"C:\MCUExpresso files\LPC55S69_Project_lab3\device" -I"C:\MCUExpresso files\LPC55S69_Project_lab3\device\periph" -I"C:\MCUExpresso files\LPC55S69_Project_lab3\CMSIS" -I"C:\MCUExpresso files\LPC55S69_Project_lab3\CMSIS\m-profile" -I"C:\MCUExpresso files\LPC55S69_Project_lab3\component\lists" -I"C:\MCUExpresso files\LPC55S69_Project_lab3\utilities" -O0 -fno-common -g3 -gdwarf-4 -Wall -c -ffunction-sections -fdata-sections -fno-builtin -fmerge-constants -fmacro-prefix-map="../utilities/str/"= -mcpu=cortex-m33 -mfpu=fpv5-sp-d16 -mfloat-abi=hard -mthumb -D__REDLIB__ -fstack-usage -specs=redlib.specs -MMD -MP -MF"utilities/str/fsl_str.d" -MT"utilities/str/fsl_str.o" -MT"utilities/str/fsl_str.d" -o "utilities/str/fsl_str.o" "../utilities/str/fsl_str.c"
Building file: ../startup/boot_multicore_slave.c
arm-none-eabi-gcc -DCPU_LPC55S69JBD100 -DCPU_LPC55S69JBD100_cm33 -DCPU_LPC55S69JBD100_cm33_core0 -DSERIAL_PORT_TYPE_UART=1 -DSDK_DEBUGCONSOLE=0 -DCR_INTEGER_PRINTF -DPRINTF_FLOAT_ENABLE=0 -D__MCUXPRESSO -D__USE_CMSIS -DDEBUG -D__REDLIB__ -I"C:\MCUExpresso files\LPC55S69_Project_lab3\board" -I"C:\MCUExpresso files\LPC55S69_Project_lab3\source" -I"C:\MCUExpresso files\LPC55S69_Project_lab3\utilities\debug_console" -I"C:\MCUExpresso files\LPC55S69_Project_lab3\utilities\debug_console\config" -I"C:\MCUExpresso files\LPC55S69_Project_lab3\drivers" -I"C:\MCUExpresso files\LPC55S69_Project_lab3\component\uart" -I"C:\MCUExpresso files\LPC55S69_Project_lab3\component\serial_manager" -I"C:\MCUExpresso files\LPC55S69_Project_lab3\utilities\str" -I"C:\MCUExpresso files\LPC55S69_Project_lab3\device" -I"C:\MCUExpresso files\LPC55S69_Project_lab3\device\periph" -I"C:\MCUExpresso files\LPC55S69_Project_lab3\CMSIS" -I"C:\MCUExpresso files\LPC55S69_Project_lab3\CMSIS\m-profile" -I"C:\MCUExpresso files\LPC55S69_Project_lab3\component\lists" -I"C:\MCUExpresso files\LPC55S69_Project_lab3\utilities" -O0 -fno-common -g3 -gdwarf-4 -Wall -c -ffunction-sections -fdata-sections -fno-builtin -fmerge-constants -fmacro-prefix-map="../utilities/debug_console/"= -mcpu=cortex-m33 -mfpu=fpv5-sp-d16 -mfloat-abi=hard -mthumb -D__REDLIB__ -fstack-usage -specs=redlib.specs -MMD -MP -MF"utilities/debug_console/fsl_debug_console.d" -MT"utilities/debug_console/fsl_debug_console.o" -MT"utilities/debug_console/fsl_debug_console.d" -o "utilities/debug_coInvoking: MCU C Compiler
[...]
Building file: ../drivers/fsl_reset.c
Building file: ../drivers/fsl_spi.c
Building file: ../drivers/fsl_usart.c
Invoking: MCU C Compiler
Invoking: MCU C Compiler
arm-none-eabi-gcc -std=gnu99 -DCPU_LPC55S69JBD100 -DCPU_LPC55S69JBD100_cm33 -DCPU_LPC55S69JBD100_cm33_core0 -DMCUXPRESSO_SDK -DSDK_DEBUGCONSOLE=0 -DMCUX_META_BUILD -DLPC55S69_cm33_core0_SERIES -DCR_INTEGER_PRINTF -DPRINTF_FLOAT_ENABLE=0 -D__MCUXPRESSO -D__USE_CMSIS -DDEBUG -D__REDLIB__ -I"C:\MCUExpresso files\Lab4Final_led_blinky_lpc_cm33_core0\source" -I"C:\MCUExpresso files\Lab4Final_led_blinky_lpc_cm33_core0\drivers" -I"C:\MCUExpresso files\Lab4Final_led_blinky_lpc_cm33_core0\CMSIS" -I"C:\MCUExpresso files\Lab4Final_led_blinky_lpc_cm33_core0\CMSIS\m-profile" -I"C:\MCUExpresso files\Lab4Final_led_blinky_lpc_cm33_core0\device" -I"C:\MCUExpresso files\Lab4Final_led_blinky_lpc_cm33_core0\device\periph" -I"C:\MCUExpresso files\Lab4Final_led_blinky_lpc_cm33_core0\utilities" -I"C:\MCUExpresso files\Lab4Final_led_blinky_lpc_cm33_core0\utilities\str" -I"C:\MCUExpresso files\Lab4Final_led_blinky_lpc_cm33_core0\utilities\debug_console_lite" -I"C:\MCUExpresso files\Lab4Final_led_blinky_lpc_cm33_core0\component\uart" -I"C:\MCUExpresso files\Lab4Final_led_blinky_lpc_cm33_core0\board" -O0 -fno-common -g3 -gdwarf-4 -mcpu=cortex-m33 -c -ffunction-sections -fdata-sections -fno-builtin -imacros "C:\MCUExpresso files\Lab4Final_led_blinky_lpc_cm33_core0\source\mcux_config.h" -fmerge-constants -fmacro-prefix-map="../source/"= -mcpu=cortex-m33 -mfpu=fpv5-sp-d16 -mfloat-abi=hard -mthumb -D__REDLIB__ -fstack-usage -specs=redlib.specs -MMD -MP -MF"source/led_blinky.d" -MT"source/led_blinky.o" -MT"source/led_blinky.d" -o "source/led_blinky.o" "../source/led_blinky.c"
Invoking: MCU C Compiler
arm-none-eabi-gcc -std=gnu99 -DCPU_LPC55S69JBD100 -DCPU_LPC55S69JBD100_cm33 -DCPU_LPC55S69JBD100_cm33_core0 -DMCUXPRESSO_SDK -DSDK_DEBUGCONSOLE=0 -DMCUX_META_BUILD -DLPC55S69_cm33_core0_SERIES -DCR_INTEGER_PRINTF -DPRINTF_FLOAT_ENABLE=0 -D__MCUXPRESSO -D__USE_CMSIS -DDEBUG -D__REDLIB__ -I"C:\MCUExpresso files\Lab4Final_led_blinky_lpc_cm33_core0\source" -I"C:\MCUExpresso files\Lab4Final_led_blinky_lpc_cm33_core0\drivers" -I"C:\MCUExpresso files\Lab4Final_led_blinky_lpc_cm33_core0\CMSIS" -I"C:\MCUExpresso files\Lab4Final_led_blinky_lpc_cm33_core0\CMSIS\m-profile" -I"C:\MCUExpresso files\Lab4Final_led_blinky_lpc_cm33_core0\device" -I"C:\MCUExpresso files\Lab4Final_led_blinky_lpc_cm33_core0\device\periph" -I"C:\MCUExpresso files\Lab4Final_led_blinky_lpc_cm33_core0\utilities" -I"C:\MCUExpresso files\Lab4Final_led_blinky_lpc_cm33_core0\utilities\str" -I"C:\MCUExpresso files\Lab4Final_led_blinky_lpc_cm33_core0\utilities\debug_console_lite" -I"C:\MCUExpresso files\Lab4Final_led_blinky_lpc_cm33_core0\component\uart" -I"C:\MCUExpresso files\Lab4Final_led_blinky_lpc_cm33_core0\board" -O0 -fno-common -g3 -gdwarf-4 -mcpu=cortex-m33 -c -ffunction-sections -fdata-sections -fno-builtin -imacros "C:\MCUExpresso files\Lab4Final_led_blinky_lpc_cm33_core0\source\mcux_config.h" -fmerge-constants -fmacro-prefix-map="../drivers/"= -mcpu=cortex-m33 -mfpu=fpv5-sp-d16 -mfloat-abi=hard -mthumb -D__REDLIB__ -fstack-usage -specs=redlib.specs -MMD -MP -MF"drivers/fsl_reset.d" -MT"drivers/fsl_reset.o" -MT"drivers/fsl_reset.d" -o "drivers/fsl_reset.o" "../drivers/fsl_reset.c"
Invoking: MCU C Compiler
Building file: ../device/system_LPC55S69_cm33_core0.c
arm-none-eabi-gcc -std=gnu99 -DCPU_LPC55S69JBD100 -DCPU_LPC55S69JBD100_cm33 -DCPU_LPC55S69JBD100_cm33_core0 -DMCUXPRESSO_SDK -DSDK_DEBUGCONSOLE=0 -DMCUX_META_BUILD -DLPC55S69_cm33_core0_SERIES -DCR_INTEGER_PRINTF -DPRINTF_FLOAT_ENABLE=0 -D__MCUXPRESSO -D__USE_CMSIS -DDEBUG -D__REDLIB__ -I"C:\MCUExpresso files\Lab4Final_led_blinky_lpc_cm33_core0\source" -I"C:\MCUExpresso files\Lab4Final_led_blinky_lpc_cm33_core0\drivers" -I"C:\MCUExpresso files\Lab4Final_led_blinky_lpc_cm33_core0\CMSIS" -I"C:\MCUExpresso files\Lab4Final_led_blinky_lpc_cm33_core0\CMSIS\m-profile" -I"C:\MCUExpresso files\Lab4Final_led_blinky_lpc_cm33_core0\device" -I"C:\MCUExpresso files\Lab4Final_led_blinky_lpc_cm33_core0\device\periph" -I"C:\MCUExpresso files\Lab4Final_led_blinky_lpc_cm33_core0\utilities" -I"C:\MCUExpresso files\Lab4Final_led_blinky_lpc_cm33_core0\utilities\str" -I"C:\MCUExpresso files\Lab4Final_led_blinky_lpc_cm33_core0\utilities\debug_console_lite" -I"C:\MCUExpresso files\Lab4Final_led_blinky_lpc_cm33_core0\component\uart" -I"C:\MCUExpresso files\Lab4Final_led_blinky_lpc_cm33_core0\board" -O0 -fno-common -g3 -gdwarf-4 -mcpu=cortex-m33 -c -ffunction-sections -fdata-sections -fno-builtin -imacros "C:\MCUExpresso files\Lab4Final_led_blinky_lpc_cm33_core0\source\mcux_config.h" -fmerge-constants -fmacro-prefix-map="../drivers/"= -mcpu=cortex-m33 -mfpu=fpv5-sp-d16 -mfloat-abi=hard -mthumb -D__REDLIB__ -fstack-usage -specs=redlib.specs -MMD -MP -MF"drivers/fsl_spi.d" -MT"drivers/fsl_spi.o" -MT"drivers/fsl_spi.d" -o "drivers/fsl_spi.o" "../drivers/fsl_spi.c"
arm-none-eabi-gcc -std=gnu99 -DCPU_LPC55S69JBD100 -DCPU_LPC55S69JBD100_cm33 -DCPU_LPC55S69JBD100_cm33_core0 -DMCUXPRESSO_SDK -DSDK_DEBUGCONSOLE=0 -DMCUX_META_BUILD -DLPC55S69_cm33_core0_SERIES -DCR_INTEGER_PRINTF -DPRINTF_FLOAT_ENABLE=0 -D__MCUXPRESSO -D__USE_CMSIS -DDEBUG -D__REDLIB__ -I"C:\MCUExpresso files\Lab4Final_led_blinky_lpc_cm33_core0\source" -I"C:\MCUExpresso files\Lab4Final_led_blinky_lpc_cm33_core0\drivers" -I"C:\MCUExpresso files\Lab4Final_led_blinky_lpc_cm33_core0\CMSIS" -I"C:\MCUExpresso files\Lab4Final_led_blinky_lpc_cm33_core0\CMSIS\m-profile" -I"C:\MCUExpresso files\Lab4Final_led_blinky_lpc_cm33_core0\device" -I"C:\MCUExpresso files\Lab4Final_led_blinky_lpc_cm33_core0\device\periph" -I"C:\MCUExpresso files\Lab4Final_led_blinky_lpc_cm33_core0\utilities" -I"C:\MCUExpresso files\Lab4Final_led_blinky_lpc_cm33_core0\utilities\str" -I"C:\MCUExpresso files\Lab4Final_led_blinky_lpc_cm33_core0\utilities\debug_console_lite" -I"C:\MCUExpresso files\Lab4Final_led_blinky_lpc_cm33_core0\component\uart" -I"C:\MCUExpresso files\Lab4Final_led_blinky_lpc_cm33_core0\board" -O0 -fno-common -g3 -gdwarf-4 -mcpu=cortex-m33 -c -ffunction-sections -fdata-sections -fno-builtin -imacros "C:\MCUExpresso files\Lab4Final_led_blinky_lpc_cm33_core0\source\mcux_config.h" -fmerge-constants -fmacro-prefix-map="../drivers/"= -mcpu=cortex-m33 -mfpu=fpv5-sp-d16 -mfloat-abi=hard -mthumb -D__REDLIB__ -fstack-usage -specs=redlib.specs -MMD -MP -MF"drivers/fsl_usart.d" -MT"drivers/fsl_usart.o" -MT"drivers/fsl_usart.d" -o "drivers/fsl_usart.o" "../drivers/fsl_usart.c"
Invoking: MCU C Compiler
arm-none-eabi-gcc -std=gnu99 -DCPU_LPC55S69JBD100 -DCPU_LPC55S69JBD100_cm33 -DCPU_LPC55S69JBD100_cm33_core0 -DMCUXPRESSO_SDK -DSDK_DEBUGCONSOLE=0 -DMCUX_META_BUILD -DLPC55S69_cm33_core0_SERIES -DCR_INTEGER_PRINTF -DPRINTF_FLOAT_ENABLE=0 -D__MCUXPRESSO -D__USE_CMSIS -DDEBUG -D__REDLIB__ -I"C:\MCUExpresso files\Lab4Final_led_blinky_lpc_cm33_core0\source" -I"C:\MCUExpresso files\Lab4Final_led_blinky_lpc_cm33_core0\drivers" -I"C:\MCUExpresso files\Lab4Final_led_blinky_lpc_cm33_core0\CMSIS" -I"C:\MCUExpresso files\Lab4Final_led_blinky_lpc_cm33_core0\CMSIS\m-profile" -I"C:\MCUExpresso files\Lab4Final_led_blinky_lpc_cm33_core0\device" -I"C:\MCUExpresso files\Lab4Final_led_blinky_lpc_cm33_core0\device\periph" -I"C:\MCUExpresso files\Lab4Final_led_blinky_lpc_cm33_core0\utilities" -I"C:\MCUExpresso files\Lab4Final_led_blinky_lpc_cm33_core0\utilities\str" -I"C:\MCUExpresso files\Lab4Final_led_blinky_lpc_cm33_core0\utilities\debug_console_lite" -I"C:\MCUExpresso files\Lab4Final_led_blinky_lpc_cm33_core0\component\uart" -I"C:\MCUExpresso files\Lab4Final_led_blinky_lpc_cm33_core0\board" -O0 -fno-common -g3 -gdwarf-4 -mcpu=cortex-m33 -c -ffunction-sections -fdata-sections -fno-builtin -imacros "C:\MCUExpresso files\Lab4Final_led_blinky_lpc_cm33_core0\source\mcux_config.h" -fmerge-constants -fmacro-prefix-map="../device/"= -mcpu=cortex-m33 -mfpu=fpv5-sp-d16 -mfloat-abi=hard -mthumb -D__REDLIB__ -fstack-usage -specs=redlib.specs -MMD -MP -MF"device/system_LPC55S69_cm33_core0.d" -MT"device/system_LPC55S69_cm33_core0.o" -MT"device/system_LPC55S69_cm33_core0.d" -o "device/system_LPC55S69_cm33_core0.o" "../device/system_LPC55S69_cm33_core0.c"
Building file: ../component/uart/fsl_adapter_usart.c
Building file: ../board/clock_config.c
Building file: ../board/board.c
Invoking: MCU C Compiler
Invoking: MCU C Compiler
Invoking: MCU C Compiler
arm-none-eabi-gcc -std=gnu99 -DCPU_LPC55S69JBD100 -DCPU_LPC55S69JBD100_cm33 -DCPU_LPC55S69JBD100_cm33_core0 -DMCUXPRESSO_SDK -DSDK_DEBUGCONSOLE=0 -DMCUX_META_BUILD -DLPC55S69_cm33_core0_SERIES -DCR_INTEGER_PRINTF -DPRINTF_FLOAT_ENABLE=0 -D__MCUXPRESSO -D__USE_CMSIS -DDEBUG -D__REDLIB__ -I"C:\MCUExpresso files\Lab4Final_led_blinky_lpc_cm33_core0\source" -I"C:\MCUExpresso files\Lab4Final_led_blinky_lpc_cm33_core0\drivers" -I"C:\MCUExpresso files\Lab4Final_led_blinky_lpc_cm33_core0\CMSIS" -I"C:\MCUExpresso files\Lab4Final_led_blinky_lpc_cm33_core0\CMSIS\m-profile" -I"C:\MCUExpresso files\Lab4Final_led_blinky_lpc_cm33_core0\device" -I"C:\MCUExpresso files\Lab4Final_led_blinky_lpc_cm33_core0\device\periph" -I"C:\MCUExpresso files\Lab4Final_led_blinky_lpc_cm33_core0\utilities" -I"C:\MCUExpresso files\Lab4Final_led_blinky_lpc_cm33_core0\utilities\str" -I"C:\MCUExpresso files\Lab4Final_led_blinky_lpc_cm33_core0\utilities\debug_console_lite" -I"C:\MCUExpresso files\Lab4Final_led_blinky_lpc_cm33_core0\component\uart" -I"C:\MCUExpresso files\Lab4Final_led_blinky_lpc_cm33_core0\board" -O0 -fno-common -g3 -gdwarf-4 -mcpu=cortex-m33 -c -ffunction-sections -fdata-sections -fno-builtin -imacros "C:\MCUExpresso files\Lab4Final_led_blinky_lpc_cm33_core0\source\mcux_config.h" -fmerge-constants -fmacro-prefix-map="../component/uart/"= -mcpu=cortex-m33 -mfpu=fpv5-sp-d16 -mfloat-abi=hard -mthumb -D__REDLIB__ -fstack-usage -specs=redlib.specs -MMD -MP -MF"component/uart/fsl_adapter_usart.d" -MT"component/uart/fsl_adapter_usart.o" -MT"component/uart/fsl_adapter_usart.d" -o "component/uart/fsl_adapter_usart.o" "../component/uart/fsl_adapter_usart.c"
arm-none-eabi-gcc -std=gnu99 -DCPU_LPC55S69JBD100 -DCPU_LPC55S69JBD100_cm33 -DCPU_LPC55S69JBD100_cm33_core0 -DMCUXPRESSO_SDK -DSDK_DEBUGCONSOLE=0 -DMCUX_META_BUILD -DLPC55S69_cm33_core0_SERIES -DCR_INTEGER_PRINTF -DPRINTF_FLOAT_ENABLE=0 -D__MCUXPRESSO -D__USE_CMSIS -DDEBUG -D__REDLIB__ -I"C:\MCUExpresso files\Lab4Final_led_blinky_lpc_cm33_core0\source" -I"C:\MCUExpresso files\Lab4Final_led_blinky_lpc_cm33_core0\drivers" -I"C:\MCUExpresso files\Lab4Final_led_blinky_lpc_cm33_core0\CMSIS" -I"C:\MCUExpresso files\Lab4Final_led_blinky_lpc_cm33_core0\CMSIS\m-profile" -I"C:\MCUExpresso files\Lab4Final_led_blinky_lpc_cm33_core0\device" -I"C:\MCUExpresso files\Lab4Final_led_blinky_lpc_cm33_core0\device\periph" -I"C:\MCUExpresso files\Lab4Final_led_blinky_lpc_cm33_core0\utilities" -I"C:\MCUExpresso files\Lab4Final_led_blinky_lpc_cm33_core0\utilities\str" -I"C:\MCUExpresso files\Lab4Final_led_blinky_lpc_cm33_core0\utilities\debug_console_lite" -I"C:\MCUExpresso files\Lab4Final_led_blinky_lpc_cm33_core0\component\uart" -I"C:\MCUExpresso files\Lab4Final_led_blinky_lpc_cm33_core0\board" -O0 -fno-common -g3 -gdwarf-4 -mcpu=cortex-m33 -c -ffunction-sections -fdata-sections -fno-builtin -imacros "C:\MCUExpresso files\Lab4Final_led_blinky_lpc_cm33_core0\source\mcux_config.h" -fmerge-constants -fmacro-prefix-map="../board/"= -mcpu=cortex-m33 -mfpu=fpv5-sp-d16 -mfloat-abi=hard -mthumb -D__REDLIB__ -fstack-usage -specs=redlib.specs -MMD -MP -MF"board/board.d" -MT"board/board.o" -MT"board/board.d" -o "board/board.o" "../board/board.c"
arm-none-eabi-gcc -std=gnu99 -DCPU_LPC55S69JBD100 -DCPU_LPC55S69JBD100_cm33 -DCPU_LPC55S69JBD100_cm33_core0 -DMCUXPRESSO_SDK -DSDK_DEBUGCONSOLE=0 -DMCUX_META_BUILD -DLPC55S69_cm33_core0_SERIES -DCR_INTEGER_PRINTF -DPRINTF_FLOAT_ENABLE=0 -D__MCUXPRESSO -D__USE_CMSIS -DDEBUG -D__REDLIB__ -I"C:\MCUExpresso files\Lab4Final_led_blinky_lpc_cm33_core0\source" -I"C:\MCUExpresso files\Lab4Final_led_blinky_lpc_cm33_core0\drivers" -I"C:\MCUExpresso files\Lab4Final_led_blinky_lpc_cm33_core0\CMSIS" -I"C:\MCUExpresso files\Lab4Final_led_blinky_lpc_cm33_core0\CMSIS\m-profile" -I"C:\MCUExpresso files\Lab4Final_led_blinky_lpc_cm33_core0\device" -I"C:\MCUExpresso files\Lab4Final_led_blinky_lpc_cm33_core0\device\periph" -I"C:\MCUExpresso files\Lab4Final_led_blinky_lpc_cm33_core0\utilities" -I"C:\MCUExpresso files\Lab4Final_led_blinky_lpc_cm33_core0\utilities\str" -I"C:\MCUExpresso files\Lab4Final_led_blinky_lpc_cm33_core0\utilities\debug_console_lite" -I"C:\MCUExpresso files\Lab4Final_led_blinky_lpc_cm33_core0\component\uart" -I"C:\MCUExpresso files\Lab4Final_led_blinky_lpc_cm33_core0\board" -O0 -fno-common -g3 -gdwarf-4 -mcpu=cortex-m33 -c -ffunction-sections -fdata-sections -fno-builtin -imacros "C:\MCUExpresso files\Lab4Final_led_blinky_lpc_cm33_core0\source\mcux_config.h" -fmerge-constants -fmacro-prefix-map="../board/"= -mcpu=cortex-m33 -mfpu=fpv5-sp-d16 -mfloat-abi=hard -mthumb -D__REDLIB__ -fstack-usage -specs=redlib.specs -MMD -MP -MF"board/clock_config.d" -MT"board/clock_config.o" -MT"board/clock_config.d" -o "board/clock_config.o" "../board/clock_config.c"
Finished building: ../source/led_blinky.c
 
Building file: ../board/hardware_init.c
Invoking: MCU C Compiler
Finished building: ../drivers/fsl_reset.c
arm-none-eabi-gcc -std=gnu99 -DCPU_LPC55S69JBD100 -DCPU_LPC55S69JBD100_cm33 -DCPU_LPC55S69JBD100_cm33_core0 -DMCUXPRESSO_SDK -DSDK_DEBUGCONSOLE=0 -DMCUX_META_BUILD -DLPC55S69_cm33_core0_SERIES -DCR_INTEGER_PRINTF -DPRINTF_FLOAT_ENABLE=0 -D__MCUXPRESSO -D__USE_CMSIS -DDEBUG -D__REDLIB__ -I"C:\MCUExpresso files\Lab4Final_led_blinky_lpc_cm33_core0\source" -I"C:\MCUExpresso files\Lab4Final_led_blinky_lpc_cm33_core0\drivers" -I"C:\MCUExpresso files\Lab4Final_led_blinky_lpc_cm33_core0\CMSIS" -I"C:\MCUExpresso files\Lab4Final_led_blinky_lpc_cm33_core0\CMSIS\m-profile" -I"C:\MCUExpresso files\Lab4Final_led_blinky_lpc_cm33_core0\device" -I"C:\MCUExpresso files\Lab4Final_led_blinky_lpc_cm33_core0\device\periph" -I"C:\MCUExpresso files\Lab4Final_led_blinky_lpc_cm33_core0\utilities" -I"C:\MCUExpresso files\Lab4Final_led_blinky_lpc_cm33_core0\utilities\str" -I"C:\MCUExpresso files\Lab4Final_led_blinky_lpc_cm33_core0\utilities\debug_console_lite" -I"C:\MCUExpresso files\Lab4Final_led_blinky_lpc_cm33_core0\component\uart" -I"C:\MCUExpresso files\Lab4Final_led_blinky_lpc_cm33_core0\board" -O0 -fno-common -g3 -gdwarf-4 -mcpu=cortex-m33 -c -ffunction-sections -fdata-sections -fno-builtin -imacros "C:\MCUExpresso files\Lab4Final_led_blinky_lpc_cm33_core0\source\mcux_config.h" -fmerge-constants -fmacro-prefix-map="../board/"= -mcpu=cortex-m33 -mfpu=fpv5-sp-d16 -mfloat-abi=hard -mthumb -D__REDLIB__ -fstack-usage -specs=redlib.specs -MMD -MP -MF"board/hardware_init.d" -MT"board/hardware_init.o" -MT"board/hardware_init.d" -o "board/hardware_init.o" "../board/hardware_init.c"
 
Finished building: ../board/clock_config.c
Finished building: ../device/system_LPC55S69_cm33_core0.c
Building file: ../board/pin_mux.c
 
Finished building: ../drivers/fsl_spi.c
Finished building: ../component/uart/fsl_adapter_usart.c
 
Invoking: MCU C Compiler
 
arm-none-eabi-gcc -std=gnu99 -DCPU_LPC55S69JBD100 -DCPU_LPC55S69JBD100_cm33 -DCPU_LPC55S69JBD100_cm33_core0 -DMCUXPRESSO_SDK -DSDK_DEBUGCONSOLE=0 -DMCUX_META_BUILD -DLPC55S69_cm33_core0_SERIES -DCR_INTEGER_PRINTF -DPRINTF_FLOAT_ENABLE=0 -D__MCUXPRESSO -D__USE_CMSIS -DDEBUG -D__REDLIB__ -I"C:\MCUExpresso files\Lab4Final_led_blinky_lpc_cm33_core0\source" -I"C:\MCUExpresso files\Lab4Final_led_blinky_lpc_cm33_core0\drivers" -I"C:\MCUExpresso files\Lab4Final_led_blinky_lpc_cm33_core0\CMSIS" -I"C:\MCUExpresso files\Lab4Final_led_blinky_lpc_cm33_core0\CMSIS\m-profile" -I"C:\MCUExpresso files\Lab4Final_led_blinky_lpc_cm33_core0\device" -I"C:\MCUExpresso files\Lab4Final_led_blinky_lpc_cm33_core0\device\periph" -I"C:\MCUExpresso files\Lab4Final_led_blinky_lpc_cm33_core0\utilities" -I"C:\MCUExpresso files\Lab4Final_led_blinky_lpc_cm33_core0\utilities\str" -I"C:\MCUExpresso files\Lab4Final_led_blinky_lpc_cm33_core0\utilities\debug_console_lite" -I"C:\MCUExpresso files\Lab4Final_led_blinky_lpc_cm33_core0\component\uart" -I"C:\MCUExpresso files\Lab4Final_led_blinky_lpc_cm33_core0\board" -O0 -fno-common -g3 -gdwarf-4 -mcpu=cortex-m33 -c -ffunction-sections -fdata-sections -fno-builtin -imacros "C:\MCUExpresso files\Lab4Final_led_blinky_lpc_cm33_core0\source\mcux_config.h" -fmerge-constants -fmacro-prefix-map="../board/"= -mcpu=cortex-m33 -mfpu=fpv5-sp-d16 -mfloat-abi=hard -mthumb -D__REDLIB__ -fstack-usage -specs=redlib.specs -MMD -MP -MF"board/pin_mux.d" -MT"board/pin_mux.o" -MT"board/pin_mux.d" -o "board/pin_mux.o" "../board/pin_mux.c"
 
Finished building: ../drivers/fsl_usart.c
Finished building: ../board/board.c
 
 
Finished building: ../board/hardware_init.c
 
Finished building: ../board/pin_mux.c
 
Building target: Lab4Final_led_blinky_lpc_cm33_core0.axf
Invoking: MCU Linker
arm-none-eabi-gcc -nostdlib -Xlinker -no-warn-rwx-segments -Xlinker -Map="Lab4Final_led_blinky_lpc_cm33_core0.map" -Xlinker --gc-sections -Xlinker -print-memory-usage -Xlinker --sort-section=alignment -Xlinker --cref -mcpu=cortex-m33 -mfpu=fpv5-sp-d16 -mfloat-abi=hard -mthumb -T Lab4Final_led_blinky_lpc_cm33_core0_Debug.ld -o "Lab4Final_led_blinky_lpc_cm33_core0.axf" ./utilities/str/fsl_str.o  ./utilities/debug_console_lite/fsl_debug_console.o  ./utilities/fsl_assert.o ./utilities/fsl_memcpy.o  ./startup/boot_multicore_slave.o ./startup/startup_lpc55s69_cm33_core0.o  ./source/led_blinky.o ./source/semihost_hardfault.o  ./drivers/fsl_clock.o ./drivers/fsl_common.o ./drivers/fsl_common_arm.o ./drivers/fsl_flexcomm.o ./drivers/fsl_gpio.o ./drivers/fsl_i2c.o ./drivers/fsl_power.o ./drivers/fsl_reset.o ./drivers/fsl_spi.o ./drivers/fsl_usart.o  ./device/system_LPC55S69_cm33_core0.o  ./component/uart/fsl_adapter_usart.o  ./board/board.o ./board/clock_config.o ./board/hardware_init.o ./board/pin_mux.o   
Memory region         Used Size  Region Size  %age Used
   PROGRAM_FLASH:       11640 B       630 KB      1.80%
            SRAM:        8464 B       256 KB      3.23%
           SRAMX:           0 B        32 KB      0.00%
         USB_RAM:           0 B        16 KB      0.00%
           SRAM4:           0 B        16 KB      0.00%
Finished building target: Lab4Final_led_blinky_lpc_cm33_core0.axf
 
Performing post-build steps
arm-none-eabi-size "Lab4Final_led_blinky_lpc_cm33_core0.axf"; # arm-none-eabi-objcopy -v -O binary "Lab4Final_led_blinky_lpc_cm33_core0.axf" "Lab4Final_led_blinky_lpc_cm33_core0.bin" ; # checksum -p LPC55S69 -d "Lab4Final_led_blinky_lpc_cm33_core0.bin";
   text	   data	    bss	    dec	    hex	filename
  11636	      4	   8460	  20100	   4e84	Lab4Final_led_blinky_lpc_cm33_core0.axf
 
18:24:17 **** Incremental Build of configuration Debug for project Lab4Final_led_blinky_lpc_cm33_core0 ****
make -r -j8 all 
make[1]: Nothing to be done for 'main-build'.
Performing post-build steps
arm-none-eabi-size "Lab4Final_led_blinky_lpc_cm33_core0.axf"; # arm-none-eabi-objcopy -v -O binary "Lab4Final_led_blinky_lpc_cm33_core0.axf" "Lab4Final_led_blinky_lpc_cm33_core0.bin" ; # checksum -p LPC55S69 -d "Lab4Final_led_blinky_lpc_cm33_core0.bin";
   text	   data	    bss	    dec	    hex	filename
  11636	      4	   8460	  20100	   4e84	Lab4Final_led_blinky_lpc_cm33_core0.axf
 
18:24:41 **** Incremental Build of configuration Debug for project Lab4Final_led_blinky_lpc_cm33_core0 ****
make -r -j8 all 
make[1]: Nothing to be done for 'main-build'.
Performing post-build steps
arm-none-eabi-size "Lab4Final_led_blinky_lpc_cm33_core0.axf"; # arm-none-eabi-objcopy -v -O binary "Lab4Final_led_blinky_lpc_cm33_core0.axf" "Lab4Final_led_blinky_lpc_cm33_core0.bin" ; # checksum -p LPC55S69 -d "Lab4Final_led_blinky_lpc_cm33_core0.bin";
   text	   data	    bss	    dec	    hex	filename
  11636	      4	   8460	  20100	   4e84	Lab4Final_led_blinky_lpc_cm33_core0.axf
 
